<html>
<body>
<pre>
<h1>µVision Build Log</h1>
<h2>Tool Versions:</h2>
IDE-Version: µVision V5.21.1.0
Copyright (C) 2016 ARM Ltd and ARM Germany GmbH. All rights reserved.
License Information: Michael Bubestinger, none, LIC=RC9QD-8K227-9GT70-BETGU-TS54P-ITYZX
 
Tool Versions:
Toolchain:       MDK-ARM Plus  Version: 5.21a
Toolchain Path:  C:\Keil_v5\ARM\ARMCC\Bin
C Compiler:      Armcc.exe V5.06 update 3 (build 300)
Assembler:       Armasm.exe V5.06 update 3 (build 300)
Linker/Locator:  ArmLink.exe V5.06 update 3 (build 300)
Library Manager: ArmAr.exe V5.06 update 3 (build 300)
Hex Converter:   FromElf.exe V5.06 update 3 (build 300)
CPU DLL:         
Dialog DLL:      
Target DLL:      Segger\JL2CM3.dll V2.99.23.0
Dialog DLL:      TCM.DLL V1.14.14.0
 
<h2>Project:</h2>
C:\Users\Michael\Documents\none\nRF5_SDK_12.1.0_0d23e2a\examples\ble_peripheral\none\pca10040\s132\arm5_no_packs\none.uvprojx
Project File Date:  11/28/2016

<h2>Output:</h2>
*** Using Compiler 'V5.06 update 3 (build 300)', folder: 'C:\Keil_v5\ARM\ARMCC\Bin'
Build target 'nrf52832_xxaa'
compiling gfx_mk.c...
..\..\..\..\..\..\external\ugfx\src\gfx.c(86): warning:  #68-D: integer conversion resulted in a change of sign
  	gfxInitDone = 
RUE;
..\..\..\..\..\..\external\ugfx\src\gos/gos_raw32.c(29): warning:  #1215-D: #warning directive: "GOS: Raw32 - Make sure you initialize your hardware and the C runtime before calling gfxInit() in your application!"
  		#warning "GOS: Raw32 - Make sure you initialize your hardware and the C runtime before calling gfxInit() in your application!"
..\..\..\..\..\..\external\ugfx\src\gos/gos_x_threads.c(90): warning:  #68-D: integer conversion resulted in a change of sign
  	return 
RUE;
..\..\..\..\..\..\external\ugfx\src\gos/gos_x_threads.c(97): warning:  #68-D: integer conversion resulted in a change of sign
  	return 
RUE;
..\..\..\..\..\..\external\ugfx\src\gos/gos_x_threads.c(125): warning:  #111-D: statement is unreachable
  		return;
..\..\..\..\..\..\external\ugfx\src\gos/gos_x_threads.c(147): warning:  #111-D: statement is unreachable
  		return;
..\..\..\..\..\..\external\ugfx\src\gos/gos_x_threads.c(637): warning:  #68-D: integer conversion resulted in a change of sign
  	
gfxStartThread(me, t);
..\..\..\..\..\..\external\ugfx\src\gqueue/gqueue.c(150): warning:  #68-D: integer conversion resulted in a change of sign
  				return 
RUE;
..\..\..\..\..\..\external\ugfx\src\gdisp/gdisp_image_bmp.c(565): warning:  #68-D: integer conversion resulted in a change of sign
  						return 
DISP_IMAGE_ERR_BADDATA;
..\..\..\..\..\..\external\ugfx\src\gevent/gevent.c(93): warning:  #68-D: integer conversion resulted in a change of sign
  			return 
RUE;
..\..\..\..\..\..\external\ugfx\src\gtimer/gtimer.c(112): warning:  #111-D: statement is unreachable
  	
HREAD_RETURN(0);
..\..\..\..\..\..\external\ugfx\src\gwin/gwin_widget.c(102): warning:  #177-D: variable "h" was declared but never referenced
  	GHandle				h;
..\..\..\..\..\..\external\ugfx\src\gwin/gwin_widget.c(103): warning:  #177-D: variable "gh" was declared but never referenced
  	GHandle				gh;
..\..\..\..\..\..\external\ugfx\src\gwin/gwin_widget.c(580): warning:  #68-D: integer conversion resulted in a change of sign
  		return 
RUE;
..\..\..\..\..\..\external\ugfx\src\gwin/gwin_wm.c(388): warning:  #68-D: integer conversion resulted in a change of sign
  	return 
RUE;
..\..\..\..\..\..\external\ugfx\src\gwin/gwin_wm.c(424): warning:  #68-D: integer conversion resulted in a change of sign
  	return 
RUE;
..\..\..\..\..\..\external\ugfx\src\gwin/gwin_wm.c(740): warning:  #68-D: integer conversion resulted in a change of sign
  	return 
RUE;
..\..\..\..\..\..\external\ugfx\src\gwin/gwin_wm.c(880): warning:  #68-D: integer conversion resulted in a change of sign
  			gwinSetVisible(gh, 
RUE);
..\..\..\..\..\..\external\ugfx\src\gwin/gwin_wm.c(961): warning:  #68-D: integer conversion resulted in a change of sign
  		gwinSetVisible(gh, 
RUE);
..\..\..\..\..\..\external\ugfx\src\gwin/gwin_image.c(151): warning:  #68-D: integer conversion resulted in a change of sign
  	return 
RUE;
..\..\..\..\..\..\external\ugfx\src\gfile/gfile.c(147): warning:  #68-D: integer conversion resulted in a change of sign
  			return 
RUE;
..\..\..\..\..\..\external\ugfx\src\gfile/gfile.c(167): warning:  #68-D: integer conversion resulted in a change of sign
  			return 
RUE;
..\..\..\..\..\..\external\ugfx\src\gfile/gfile.c(223): warning:  #68-D: integer conversion resulted in a change of sign
  			return 
RUE;
..\..\..\..\..\..\external\ugfx\src\gfile/gfile.c(243): warning:  #68-D: integer conversion resulted in a change of sign
  	return 
RUE;
..\..\..\..\..\..\external\ugfx\src\gfile/gfile.c(321): warning:  #68-D: integer conversion resulted in a change of sign
  	return 
RUE;
..\..\..\..\..\..\external\ugfx\src\gfile/gfile.c(334): warning:  #68-D: integer conversion resulted in a change of sign
  		return 
RUE;
..\..\..\..\..\..\external\ugfx\src\gfile/gfile_fs_rom.c(101): warning:  #68-D: integer conversion resulted in a change of sign
  	return 
RUE;
..\..\..\..\..\..\external\ugfx\src\gfx_mk.c: 27 warnings, 0 errors
linking...
Program Size: Code=60864 RO-data=12444 RW-data=544 ZI-data=19832  
FromELF: creating hex file...
".\_build\nrf52832_xxaa.axf" - 0 Error(s), 27 Warning(s).

<h2>Software Packages used:</h2>

Package Vendor: ARM
                http://www.keil.com/pack/ARM.CMSIS.4.5.0.pack
                ARM::CMSIS:CORE:4.3.0
                CMSIS (Cortex Microcontroller Software Interface Standard)
   * Component: CORE Version: 4.3.0

Package Vendor: NordicSemiconductor
                http://developer.nordicsemi.com/nRF5_SDK/pieces/nRF_DeviceFamilyPack/NordicSemiconductor.nRF_DeviceFamilyPack.8.9.0.pack
                NordicSemiconductor::Device:Startup:8.9.0
                Nordic Semiconductor nRF ARM devices Device Family Pack.
   * Component: Startup Version: 8.9.0

<h2>Collection of Component include folders:</h2>
  C:\Users\Michael\Documents\none\nRF5_SDK_12.1.0_0d23e2a\examples\ble_peripheral\none\pca10040\s132\arm5_no_packs\RTE
  C:\Keil_v5\ARM\PACK\ARM\CMSIS\4.5.0\CMSIS\Include
  C:\Keil_v5\ARM\PACK\NordicSemiconductor\nRF_DeviceFamilyPack\8.9.0\Device\Include

<h2>Collection of Component Files used:</h2>

   * Component: ARM::CMSIS:CORE:4.3.0

   * Component: NordicSemiconductor::Device:Startup:8.9.0
      Source file:   Device\Source\system_nrf52.c
      Source file:   Device\Source\arm\arm_startup_nrf52.s
      Include file:  Device\Include\system_nrf52.h
Build Time Elapsed:  00:00:02
</pre>
</body>
</html>
