Component: ARM Compiler 5.06 update 3 (build 300) Tool: armlink [4d35c9]

==============================================================================

Section Cross References

    main.o(i.advertising_init) refers to memseta.o(.text) for __aeabi_memclr4
    main.o(i.advertising_init) refers to ble_advertising.o(i.ble_advertising_init) for ble_advertising_init
    main.o(i.advertising_init) refers to app_error.o(i.app_error_handler_bare) for app_error_handler_bare
    main.o(i.advertising_init) refers to main.o(.data) for m_adv_uuids
    main.o(i.advertising_init) refers to main.o(i.on_adv_evt) for on_adv_evt
    main.o(i.assert_nrf_callback) refers to app_error.o(i.app_error_handler) for app_error_handler
    main.o(i.ble_evt_dispatch) refers to ble_conn_state.o(i.ble_conn_state_on_ble_evt) for ble_conn_state_on_ble_evt
    main.o(i.ble_evt_dispatch) refers to peer_manager.o(i.pm_on_ble_evt) for pm_on_ble_evt
    main.o(i.ble_evt_dispatch) refers to ble_conn_params.o(i.ble_conn_params_on_ble_evt) for ble_conn_params_on_ble_evt
    main.o(i.ble_evt_dispatch) refers to bsp_btn_ble.o(i.bsp_btn_ble_on_ble_evt) for bsp_btn_ble_on_ble_evt
    main.o(i.ble_evt_dispatch) refers to ble_advertising.o(i.ble_advertising_on_ble_evt) for ble_advertising_on_ble_evt
    main.o(i.ble_evt_dispatch) refers to main.o(i.on_ble_evt) for on_ble_evt
    main.o(i.ble_evt_dispatch) refers to service_if.o(i.bluetooth_on_ble_evt) for bluetooth_on_ble_evt
    main.o(i.ble_evt_dispatch) refers to nrf_ble_qwr.o(i.nrf_ble_qwr_on_ble_evt) for nrf_ble_qwr_on_ble_evt
    main.o(i.ble_evt_dispatch) refers to main.o(.bss) for m_qwr
    main.o(i.ble_stack_init) refers to softdevice_handler.o(i.softdevice_handler_init) for softdevice_handler_init
    main.o(i.ble_stack_init) refers to app_error.o(i.app_error_handler_bare) for app_error_handler_bare
    main.o(i.ble_stack_init) refers to softdevice_handler.o(i.softdevice_enable_get_default_config) for softdevice_enable_get_default_config
    main.o(i.ble_stack_init) refers to softdevice_handler.o(i.softdevice_enable) for softdevice_enable
    main.o(i.ble_stack_init) refers to softdevice_handler.o(i.softdevice_ble_evt_handler_set) for softdevice_ble_evt_handler_set
    main.o(i.ble_stack_init) refers to softdevice_handler.o(i.softdevice_sys_evt_handler_set) for softdevice_sys_evt_handler_set
    main.o(i.ble_stack_init) refers to main.o(.constdata) for .constdata
    main.o(i.ble_stack_init) refers to main.o(.bss) for BLE_EVT_BUFFER
    main.o(i.ble_stack_init) refers to main.o(i.ble_evt_dispatch) for ble_evt_dispatch
    main.o(i.ble_stack_init) refers to main.o(i.sys_evt_dispatch) for sys_evt_dispatch
    main.o(i.bsp_event_handler) refers to main.o(i.sleep_mode_enter) for sleep_mode_enter
    main.o(i.bsp_event_handler) refers to app_error.o(i.app_error_handler_bare) for app_error_handler_bare
    main.o(i.bsp_event_handler) refers to ble_advertising.o(i.ble_advertising_restart_without_whitelist) for ble_advertising_restart_without_whitelist
    main.o(i.bsp_event_handler) refers to main.o(.data) for m_conn_handle
    main.o(i.buttons_leds_init) refers to bsp.o(i.bsp_init) for bsp_init
    main.o(i.buttons_leds_init) refers to app_error.o(i.app_error_handler_bare) for app_error_handler_bare
    main.o(i.buttons_leds_init) refers to bsp_btn_ble.o(i.bsp_btn_ble_init) for bsp_btn_ble_init
    main.o(i.buttons_leds_init) refers to main.o(i.bsp_event_handler) for bsp_event_handler
    main.o(i.conn_params_error_handler) refers to app_error.o(i.app_error_handler_bare) for app_error_handler_bare
    main.o(i.conn_params_init) refers to memseta.o(.text) for __aeabi_memclr4
    main.o(i.conn_params_init) refers to ble_conn_params.o(i.ble_conn_params_init) for ble_conn_params_init
    main.o(i.conn_params_init) refers to app_error.o(i.app_error_handler_bare) for app_error_handler_bare
    main.o(i.conn_params_init) refers to main.o(i.on_conn_params_evt) for on_conn_params_evt
    main.o(i.conn_params_init) refers to main.o(i.conn_params_error_handler) for conn_params_error_handler
    main.o(i.gap_params_init) refers to app_error.o(i.app_error_handler_bare) for app_error_handler_bare
    main.o(i.main) refers to app_error.o(i.app_error_handler_bare) for app_error_handler_bare
    main.o(i.main) refers to main.o(i.timers_init) for timers_init
    main.o(i.main) refers to main.o(i.buttons_leds_init) for buttons_leds_init
    main.o(i.main) refers to main.o(i.ble_stack_init) for ble_stack_init
    main.o(i.main) refers to main.o(i.peer_manager_init) for peer_manager_init
    main.o(i.main) refers to main.o(i.gap_params_init) for gap_params_init
    main.o(i.main) refers to main.o(i.advertising_init) for advertising_init
    main.o(i.main) refers to main.o(i.services_init) for services_init
    main.o(i.main) refers to main.o(i.conn_params_init) for conn_params_init
    main.o(i.main) refers to service_if.o(i.return_ble_bas_t) for return_ble_bas_t
[...]
    ble_advertising_start                    0x000206b9   Thumb Code   314  ble_advertising.o(i.ble_advertising_start)
    ble_bas_battery_level_set                0x00020821   Thumb Code    48  ble_bas.o(i.ble_bas_battery_level_set)
    ble_bas_init                             0x00020851   Thumb Code   222  ble_bas.o(i.ble_bas_init)
    ble_bas_on_ble_evt                       0x0002092f   Thumb Code    72  ble_bas.o(i.ble_bas_on_ble_evt)
    ble_conn_params_init                     0x00020979   Thumb Code    84  ble_conn_params.o(i.ble_conn_params_init)
    ble_conn_params_on_ble_evt               0x000209e9   Thumb Code    62  ble_conn_params.o(i.ble_conn_params_on_ble_evt)
    ble_conn_state_conn_handles              0x00020a29   Thumb Code    18  ble_conn_state.o(i.ble_conn_state_conn_handles)
    ble_conn_state_encrypted                 0x00020a41   Thumb Code    18  ble_conn_state.o(i.ble_conn_state_encrypted)
    ble_conn_state_mitm_protected            0x00020a59   Thumb Code    18  ble_conn_state.o(i.ble_conn_state_mitm_protected)
    ble_conn_state_on_ble_evt                0x00020a71   Thumb Code   152  ble_conn_state.o(i.ble_conn_state_on_ble_evt)
    ble_conn_state_role                      0x00020b0d   Thumb Code    50  ble_conn_state.o(i.ble_conn_state_role)
    ble_conn_state_user_flag_acquire         0x00020b45   Thumb Code    36  ble_conn_state.o(i.ble_conn_state_user_flag_acquire)
    ble_conn_state_user_flag_collection      0x00020b69   Thumb Code    22  ble_conn_state.o(i.ble_conn_state_user_flag_collection)
    ble_conn_state_user_flag_get             0x00020b85   Thumb Code    32  ble_conn_state.o(i.ble_conn_state_user_flag_get)
    ble_conn_state_user_flag_set             0x00020ba9   Thumb Code    32  ble_conn_state.o(i.ble_conn_state_user_flag_set)
    ble_dis_init                             0x00020c43   Thumb Code   878  ble_dis.o(i.ble_dis_init)
    ble_dis_on_ble_evt                       0x00020fb1   Thumb Code    72  ble_dis.o(i.ble_dis_on_ble_evt)
    ble_none_display_init                    0x00021035   Thumb Code   432  ble_none_display.o(i.ble_none_display_init)
    ble_none_display_on_ble_evt              0x000211e9   Thumb Code    72  ble_none_display.o(i.ble_none_display_on_ble_evt)
    ble_srv_ascii_to_utf8                    0x00021231   Thumb Code    18  ble_srv_common.o(i.ble_srv_ascii_to_utf8)
    ble_srv_is_notification_enabled          0x00021243   Thumb Code    18  ble_srv_common.o(i.ble_srv_is_notification_enabled)
    bluetooth_init                           0x00021309   Thumb Code   230  service_if.o(i.bluetooth_init)
    bluetooth_on_ble_evt                     0x0002141d   Thumb Code    30  service_if.o(i.bluetooth_on_ble_evt)
    bsp_btn_ble_init                         0x00021449   Thumb Code    48  bsp_btn_ble.o(i.bsp_btn_ble_init)
    bsp_btn_ble_on_ble_evt                   0x00021481   Thumb Code   110  bsp_btn_ble.o(i.bsp_btn_ble_on_ble_evt)
    bsp_btn_ble_sleep_mode_prepare           0x000214f9   Thumb Code    28  bsp_btn_ble.o(i.bsp_btn_ble_sleep_mode_prepare)
    bsp_button_is_pressed                    0x000215f1   Thumb Code    46  bsp.o(i.bsp_button_is_pressed)
    bsp_event_handler                        0x00021629   Thumb Code   104  main.o(i.bsp_event_handler)
    bsp_event_to_button_action_assign        0x00021695   Thumb Code    86  bsp.o(i.bsp_event_to_button_action_assign)
    bsp_indication_set                       0x000216f1   Thumb Code    28  bsp.o(i.bsp_indication_set)
    bsp_init                                 0x00021711   Thumb Code   164  bsp.o(i.bsp_init)
    bsp_wakeup_buttons_set                   0x00021d7d   Thumb Code    70  bsp.o(i.bsp_wakeup_buttons_set)
    characteristic_add                       0x00021f21   Thumb Code   456  ble_srv_common.o(i.characteristic_add)
    chunk_queue_next                         0x0002215d   Thumb Code    26  fds.o(i.chunk_queue_next)
    fds_file_delete                          0x00022c21   Thumb Code    72  fds.o(i.fds_file_delete)
    fds_gc                                   0x00022c69   Thumb Code    60  fds.o(i.fds_gc)
    fds_init                                 0x00022ca9   Thumb Code   178  fds.o(i.fds_init)
    fds_record_close                         0x00022d5d   Thumb Code    84  fds.o(i.fds_record_close)
    fds_record_find                          0x00022db5   Thumb Code    22  fds.o(i.fds_record_find)
    fds_record_find_by_key                   0x00022dcb   Thumb Code    20  fds.o(i.fds_record_find_by_key)
    fds_record_find_in_file                  0x00022ddf   Thumb Code    20  fds.o(i.fds_record_find_in_file)
    fds_record_id_from_desc                  0x00022df3   Thumb Code    18  fds.o(i.fds_record_id_from_desc)
    fds_record_open                          0x00022e05   Thumb Code    72  fds.o(i.fds_record_open)
    fds_record_update                        0x00022e51   Thumb Code    26  fds.o(i.fds_record_update)
    fds_record_write                         0x00022e6b   Thumb Code    20  fds.o(i.fds_record_write)
    fds_record_write_reserved                0x00022e7f   Thumb Code    28  fds.o(i.fds_record_write_reserved)
    fds_register                             0x00022e9d   Thumb Code    38  fds.o(i.fds_register)
    fds_reserve                              0x00022ecd   Thumb Code    48  fds.o(i.fds_reserve)
    fds_reserve_cancel                       0x00022efd   Thumb Code    74  fds.o(i.fds_reserve_cancel)
    fs_erase                                 0x00023129   Thumb Code   124  fstorage.o(i.fs_erase)
    fs_init                                  0x000231d1   Thumb Code   178  fstorage.o(i.fs_init)
    fs_queued_op_count_get                   0x00023291   Thumb Code    18  fstorage.o(i.fs_queued_op_count_get)
    fs_store                                 0x000232a9   Thumb Code   142  fstorage.o(i.fs_store)
    fs_sys_event_handler                     0x0002333d   Thumb Code   100  fstorage.o(i.fs_sys_event_handler)
    gcm_ble_evt_handler                      0x0002370d   Thumb Code   110  gatt_cache_manager.o(i.gcm_ble_evt_handler)
    gcm_gscm_evt_handler                     0x00023781   Thumb Code   114  gatt_cache_manager.o(i.gcm_gscm_evt_handler)
    gcm_im_evt_handler                       0x000237f9   Thumb Code    44  gatt_cache_manager.o(i.gcm_im_evt_handler)
    gcm_init                                 0x00023829   Thumb Code    84  gatt_cache_manager.o(i.gcm_init)
    gcm_local_database_has_changed           0x00023891   Thumb Code    70  gatt_cache_manager.o(i.gcm_local_database_has_changed)
    gcm_smd_evt_handler                      0x000238dd   Thumb Code    24  gatt_cache_manager.o(i.gcm_smd_evt_handler)
    get_connection_by_conn_handle            0x000238f5   Thumb Code    50  id_manager.o(i.get_connection_by_conn_handle)
    get_free_connection                      0x00023931   Thumb Code    42  id_manager.o(i.get_free_connection)
    gscm_db_change_notification_done         0x000239e5   Thumb Code    24  gatts_cache_manager.o(i.gscm_db_change_notification_done)
    gscm_init                                0x00023a01   Thumb Code    16  gatts_cache_manager.o(i.gscm_init)
    gscm_local_database_has_changed          0x00023a15   Thumb Code    20  gatts_cache_manager.o(i.gscm_local_database_has_changed)
    gscm_local_db_cache_apply                0x00023a2d   Thumb Code   144  gatts_cache_manager.o(i.gscm_local_db_cache_apply)
    gscm_local_db_cache_update               0x00023abd   Thumb Code   150  gatts_cache_manager.o(i.gscm_local_db_cache_update)
    gscm_pdb_evt_handler                     0x00023b55   Thumb Code    84  gatts_cache_manager.o(i.gscm_pdb_evt_handler)
    gscm_service_changed_ind_needed          0x00023bad   Thumb Code    36  gatts_cache_manager.o(i.gscm_service_changed_ind_needed)
    gscm_service_changed_ind_send            0x00023bd1   Thumb Code    54  gatts_cache_manager.o(i.gscm_service_changed_ind_send)
    im_address_resolve                       0x00023c5f   Thumb Code    76  id_manager.o(i.im_address_resolve)
    im_ble_addr_get                          0x00023cad   Thumb Code    48  id_manager.o(i.im_ble_addr_get)
    im_ble_evt_handler                       0x00023ce1   Thumb Code   206  id_manager.o(i.im_ble_evt_handler)
    im_conn_handle_get                       0x00023db1   Thumb Code    44  id_manager.o(i.im_conn_handle_get)
    im_init                                  0x00023de1   Thumb Code    36  id_manager.o(i.im_init)
    im_is_duplicate_bonding_data             0x00023e0d   Thumb Code    68  id_manager.o(i.im_is_duplicate_bonding_data)
    im_master_id_is_valid                    0x00023e51   Thumb Code    34  id_manager.o(i.im_master_id_is_valid)
    im_master_ids_compare                    0x00023e73   Thumb Code    50  id_manager.o(i.im_master_ids_compare)
    im_new_peer_id                           0x00023ea5   Thumb Code    16  id_manager.o(i.im_new_peer_id)
    im_pdb_evt_handler                       0x00023eb5   Thumb Code   124  id_manager.o(i.im_pdb_evt_handler)
    im_peer_free                             0x00023f31   Thumb Code    42  id_manager.o(i.im_peer_free)
    im_peer_id_get_by_conn_handle            0x00023f5d   Thumb Code    34  id_manager.o(i.im_peer_id_get_by_conn_handle)
    im_peer_id_get_by_master_id              0x00023f85   Thumb Code    64  id_manager.o(i.im_peer_id_get_by_master_id)
    intern_softdevice_events_execute         0x000240dd   Thumb Code   158  softdevice_handler.o(i.intern_softdevice_events_execute)
    is_valid_irk                             0x00024289   Thumb Code    24  id_manager.o(i.is_valid_irk)
    ls013_clearframe                         0x00024981   Thumb Code    66  ls013b7dh06.o(i.ls013_clearframe)
    ls013_drawPixel                          0x000249d9   Thumb Code   194  ls013b7dh06.o(i.ls013_drawPixel)
    ls013_init                               0x00024a9d   Thumb Code    34  ls013b7dh06.o(i.ls013_init)
    ls013_showframe                          0x00024ac5   Thumb Code    72  ls013b7dh06.o(i.ls013_showframe)
    ls013_spi_event_handler                  0x00024b29   Thumb Code   198  ls013b7dh06.o(i.ls013_spi_event_handler)
    ls013_vcom_init                          0x00024c61   Thumb Code    88  ls013b7dh06.o(i.ls013_vcom_init)
    main                                     0x00024cc5   Thumb Code   220  main.o(i.main)
    new_connection                           0x00024fc1   Thumb Code   104  id_manager.o(i.new_connection)
    next_id_get                              0x00025031   Thumb Code    52  peer_id.o(i.next_id_get)
    nrf_ble_qwr_init                         0x00025065   Thumb Code    90  nrf_ble_qwr.o(i.nrf_ble_qwr_init)
    nrf_ble_qwr_on_ble_evt                   0x000250bf   Thumb Code   114  nrf_ble_qwr.o(i.nrf_ble_qwr_on_ble_evt)
    nrf_drv_clock_init                       0x000251f9   Thumb Code    56  nrf_drv_clock.o(i.nrf_drv_clock_init)
    nrf_drv_clock_on_sd_enable               0x00025239   Thumb Code    46  nrf_drv_clock.o(i.nrf_drv_clock_on_sd_enable)
    nrf_drv_clock_on_soc_event               0x0002526d   Thumb Code    14  nrf_drv_clock.o(i.nrf_drv_clock_on_soc_event)
    nrf_drv_common_irq_enable                0x0002527d   Thumb Code    84  nrf_drv_common.o(i.nrf_drv_common_irq_enable)
    nrf_drv_gpiote_in_event_enable           0x000252dd   Thumb Code   170  nrf_drv_gpiote.o(i.nrf_drv_gpiote_in_event_enable)
    nrf_drv_gpiote_in_init                   0x00025395   Thumb Code   198  nrf_drv_gpiote.o(i.nrf_drv_gpiote_in_init)
    nrf_drv_gpiote_in_is_set                 0x0002546d   Thumb Code    24  nrf_drv_gpiote.o(i.nrf_drv_gpiote_in_is_set)
    nrf_drv_gpiote_init                      0x00025489   Thumb Code    86  nrf_drv_gpiote.o(i.nrf_drv_gpiote_init)
    nrf_drv_gpiote_is_init                   0x000254e5   Thumb Code    16  nrf_drv_gpiote.o(i.nrf_drv_gpiote_is_init)
    nrf_drv_gpiote_out_clear                 0x000254f9   Thumb Code    12  nrf_drv_gpiote.o(i.nrf_drv_gpiote_out_clear)
    nrf_drv_gpiote_out_init                  0x00025505   Thumb Code   190  nrf_drv_gpiote.o(i.nrf_drv_gpiote_out_init)
    nrf_drv_gpiote_out_set                   0x000255d1   Thumb Code    12  nrf_drv_gpiote.o(i.nrf_drv_gpiote_out_set)
    nrf_drv_gpiote_out_toggle                0x000255dd   Thumb Code    38  nrf_drv_gpiote.o(i.nrf_drv_gpiote_out_toggle)
    nrf_drv_spi_init                         0x00025609   Thumb Code   316  nrf_drv_spi.o(i.nrf_drv_spi_init)
    nrf_drv_spi_transfer                     0x0002574d   Thumb Code    44  nrf_drv_spi.o(i.nrf_drv_spi_transfer)
    nrf_drv_spi_xfer                         0x00025779   Thumb Code   106  nrf_drv_spi.o(i.nrf_drv_spi_xfer)
    pdb_init                                 0x00026479   Thumb Code    52  peer_database.o(i.pdb_init)
    pdb_next_deleted_peer_id_get             0x000264bd   Thumb Code    12  peer_database.o(i.pdb_next_deleted_peer_id_get)
    pdb_next_peer_id_get                     0x000264c9   Thumb Code    12  peer_database.o(i.pdb_next_peer_id_get)
    pdb_pds_evt_handler                      0x000264d5   Thumb Code   436  peer_database.o(i.pdb_pds_evt_handler)
    pdb_peer_allocate                        0x00026691   Thumb Code     8  peer_database.o(i.pdb_peer_allocate)
    pdb_peer_data_load                       0x00026699   Thumb Code    28  peer_database.o(i.pdb_peer_data_load)
    pdb_peer_data_ptr_get                    0x000266b5   Thumb Code    22  peer_database.o(i.pdb_peer_data_ptr_get)
    pdb_peer_free                            0x000266cb   Thumb Code    88  peer_database.o(i.pdb_peer_free)
    pdb_raw_store                            0x00026723   Thumb Code    22  peer_database.o(i.pdb_raw_store)
    pdb_write_buf_get                        0x00026739   Thumb Code   302  peer_database.o(i.pdb_write_buf_get)
    pdb_write_buf_release                    0x0002686d   Thumb Code    54  peer_database.o(i.pdb_write_buf_release)
    pdb_write_buf_store                      0x000268a5   Thumb Code   256  peer_database.o(i.pdb_write_buf_store)
    pdb_write_buf_store_prepare              0x000269ad   Thumb Code   116  peer_database.o(i.pdb_write_buf_store_prepare)
    pds_init                                 0x00026a45   Thumb Code    46  peer_data_storage.o(i.pds_init)
    pds_next_deleted_peer_id_get             0x00026a7d   Thumb Code    12  peer_data_storage.o(i.pds_next_deleted_peer_id_get)
    pds_next_peer_id_get                     0x00026a89   Thumb Code    12  peer_data_storage.o(i.pds_next_peer_id_get)
    pds_peer_data_iterate                    0x00026a95   Thumb Code    88  peer_data_storage.o(i.pds_peer_data_iterate)
    pds_peer_data_iterate_prepare            0x00026af1   Thumb Code    10  peer_data_storage.o(i.pds_peer_data_iterate_prepare)
    pds_peer_data_read                       0x00026b01   Thumb Code   136  peer_data_storage.o(i.pds_peer_data_read)
    pds_peer_data_store                      0x00026b89   Thumb Code   186  peer_data_storage.o(i.pds_peer_data_store)
    pds_peer_id_allocate                     0x00026c43   Thumb Code    12  peer_data_storage.o(i.pds_peer_id_allocate)
    pds_peer_id_free                         0x00026c4f   Thumb Code    30  peer_data_storage.o(i.pds_peer_id_free)
    pds_peer_id_is_allocated                 0x00026c6d   Thumb Code    12  peer_data_storage.o(i.pds_peer_id_is_allocated)
    pds_space_reserve                        0x00026c79   Thumb Code    60  peer_data_storage.o(i.pds_space_reserve)
    pds_space_reserve_cancel                 0x00026cb5   Thumb Code    20  peer_data_storage.o(i.pds_space_reserve_cancel)
    peer_id_allocate                         0x00026e11   Thumb Code    14  peer_id.o(i.peer_id_allocate)
    peer_id_delete                           0x00026e25   Thumb Code    38  peer_id.o(i.peer_id_delete)
    peer_id_free                             0x00026e51   Thumb Code    24  peer_id.o(i.peer_id_free)
    peer_id_get_next_deleted                 0x00026e6d   Thumb Code    14  peer_id.o(i.peer_id_get_next_deleted)
    peer_id_get_next_used                    0x00026e81   Thumb Code    50  peer_id.o(i.peer_id_get_next_used)
    peer_id_init                             0x00026eb9   Thumb Code    32  peer_id.o(i.peer_id_init)
    peer_id_is_allocated                     0x00026edd   Thumb Code    22  peer_id.o(i.peer_id_is_allocated)
    peer_id_is_deleted                       0x00026ef9   Thumb Code    22  peer_id.o(i.peer_id_is_deleted)
    pm_buffer_block_acquire                  0x000270f5   Thumb Code    98  pm_buffer.o(i.pm_buffer_block_acquire)
    pm_buffer_init                           0x00027157   Thumb Code    78  pm_buffer.o(i.pm_buffer_init)
    pm_buffer_ptr_get                        0x000271a5   Thumb Code    48  pm_buffer.o(i.pm_buffer_ptr_get)
    pm_buffer_release                        0x000271d5   Thumb Code    40  pm_buffer.o(i.pm_buffer_release)
    pm_conn_sec_config_reply                 0x000271fd   Thumb Code    16  peer_manager.o(i.pm_conn_sec_config_reply)
    pm_conn_secure                           0x0002720d   Thumb Code    34  peer_manager.o(i.pm_conn_secure)
    pm_gcm_evt_handler                       0x0002735d   Thumb Code   190  peer_manager.o(i.pm_gcm_evt_handler)
    pm_im_evt_handler                        0x0002741d   Thumb Code    82  peer_manager.o(i.pm_im_evt_handler)
    pm_init                                  0x00027475   Thumb Code   146  peer_manager.o(i.pm_init)
    pm_local_database_has_changed            0x00027519   Thumb Code    22  peer_manager.o(i.pm_local_database_has_changed)
    pm_mutex_init                            0x00027535   Thumb Code    20  pm_mutex.o(i.pm_mutex_init)
    pm_mutex_lock                            0x00027549   Thumb Code    32  pm_mutex.o(i.pm_mutex_lock)
    pm_mutex_lock_first_available            0x00027569   Thumb Code    48  pm_mutex.o(i.pm_mutex_lock_first_available)
    pm_mutex_lock_status_get                 0x00027599   Thumb Code    36  pm_mutex.o(i.pm_mutex_lock_status_get)
    pm_mutex_unlock                          0x000275bd   Thumb Code    56  pm_mutex.o(i.pm_mutex_unlock)
    pm_on_ble_evt                            0x000275f5   Thumb Code    38  peer_manager.o(i.pm_on_ble_evt)
    pm_pdb_evt_handler                       0x00027621   Thumb Code   440  peer_manager.o(i.pm_pdb_evt_handler)
    pm_peer_delete                           0x000277e9   Thumb Code    26  peer_manager.o(i.pm_peer_delete)
    pm_peer_rank_highest                     0x00027809   Thumb Code   180  peer_manager.o(i.pm_peer_rank_highest)
    pm_peer_ranks_get                        0x000278d5   Thumb Code   208  peer_manager.o(i.pm_peer_ranks_get)
    pm_peers_delete                          0x000279ad   Thumb Code    70  peer_manager.o(i.pm_peers_delete)
    pm_register                              0x000279fd   Thumb Code    52  peer_manager.o(i.pm_register)
    pm_sec_params_set                        0x00027a3d   Thumb Code    30  peer_manager.o(i.pm_sec_params_set)
    pm_sm_evt_handler                        0x00027a61   Thumb Code   424  peer_manager.o(i.pm_sm_evt_handler)
    printText                                0x00027c71   Thumb Code   126  ls013b7dh06.o(i.printText)
    return_ble_bas_t                         0x00028325   Thumb Code     4  service_if.o(i.return_ble_bas_t)
    sdk_mapped_flags_bulk_update_by_key      0x00028559   Thumb Code   118  sdk_mapped_flags.o(i.sdk_mapped_flags_bulk_update_by_key)
    sdk_mapped_flags_first_key_index_get     0x000285cf   Thumb Code    36  sdk_mapped_flags.o(i.sdk_mapped_flags_first_key_index_get)
    sdk_mapped_flags_get_by_key              0x00028605   Thumb Code    46  sdk_mapped_flags.o(i.sdk_mapped_flags_get_by_key)
    sdk_mapped_flags_key_list_get            0x00028633   Thumb Code    66  sdk_mapped_flags.o(i.sdk_mapped_flags_key_list_get)
    sdk_mapped_flags_update_by_key           0x00028675   Thumb Code    26  sdk_mapped_flags.o(i.sdk_mapped_flags_update_by_key)
    sm_ble_evt_handler                       0x00028e25   Thumb Code    20  security_manager.o(i.sm_ble_evt_handler)
    sm_conn_sec_config_reply                 0x00028e3d   Thumb Code    30  security_manager.o(i.sm_conn_sec_config_reply)
    sm_init                                  0x00028e61   Thumb Code    66  security_manager.o(i.sm_init)
    sm_link_secure                           0x00028ec5   Thumb Code    24  security_manager.o(i.sm_link_secure)
    sm_pdb_evt_handler                       0x00028edd   Thumb Code    80  security_manager.o(i.sm_pdb_evt_handler)
    sm_sec_params_set                        0x00028f3d   Thumb Code    46  security_manager.o(i.sm_sec_params_set)
    sm_smd_evt_handler                       0x00028f75   Thumb Code   156  security_manager.o(i.sm_smd_evt_handler)
    smd_ble_evt_handler                      0x00029019   Thumb Code    88  security_dispatcher.o(i.smd_ble_evt_handler)
    smd_init                                 0x00029071   Thumb Code    58  security_dispatcher.o(i.smd_init)
    smd_link_secure                          0x000290bd   Thumb Code    56  security_dispatcher.o(i.smd_link_secure)
    smd_params_reply                         0x000290f5   Thumb Code   284  security_dispatcher.o(i.smd_params_reply)
    smd_pdb_evt_handler                      0x000292a5   Thumb Code    48  security_dispatcher.o(i.smd_pdb_evt_handler)
    softdevice_ble_evt_handler_set           0x000292d9   Thumb Code    20  softdevice_handler.o(i.softdevice_ble_evt_handler_set)
    softdevice_enable                        0x000292f1   Thumb Code    34  softdevice_handler.o(i.softdevice_enable)
    softdevice_enable_get_default_config     0x00029319   Thumb Code    44  softdevice_handler.o(i.softdevice_enable_get_default_config)
    softdevice_fault_handler                 0x00029345   Thumb Code    20  softdevice_handler.o(i.softdevice_fault_handler)
    softdevice_handler_init                  0x00029359   Thumb Code   134  softdevice_handler.o(i.softdevice_handler_init)
    softdevice_handler_is_enabled            0x000293f5   Thumb Code     6  softdevice_handler.o(i.softdevice_handler_is_enabled)
    softdevice_sys_evt_handler_set           0x00029401   Thumb Code    20  softdevice_handler.o(i.softdevice_sys_evt_handler_set)
    vcom_timer_evt                           0x00029e9b   Thumb Code    12  ls013b7dh06.o(i.vcom_timer_evt)
    image_h                                  0x0002a21c   Data        1152  main.o(.constdata)
    superman_h                               0x0002a69c   Data        1152  main.o(.constdata)
    Region$$Table$$Base                      0x0002ac40   Number         0  anon$$obj.o(Region$$Table)
    Region$$Table$$Limit                     0x0002ac60   Number         0  anon$$obj.o(Region$$Table)
    Image$$RW_IRAM1$$Base                    0x20002128   Number         0  anon$$obj.o ABSOLUTE
    toggle                                   0x20002128   Data           1  main.o(.data)
    m_dis_ieee_11073_20601_regulatory_certification_data_list_initial_value_data_arr 0x20002130   Data           1  service_if.o(.data)
    font8x8_basic                            0x2000225c   Data        1024  ls013b7dh06.o(.data)
    m_disp_state                             0x2000265c   Data           1  ls013b7dh06.o(.data)
    m_length                                 0x2000265d   Data           1  ls013b7dh06.o(.data)
    m_line_number                            0x2000265e   Data           1  ls013b7dh06.o(.data)
    m_fb                                     0x20002660   Data           4  ls013b7dh06.o(.data)
    SystemCoreClock                          0x20002664   Data           4  system_nrf52.o(.data)
    fs_data$$Base                            0x20002668   Number         0  fds.o(fs_data)
    fs_data$$Limit                           0x20002678   Number         0  fds.o(fs_data)
    m_batt                                   0x200026bc   Data          10  main.o(.bss)
    nrf_nvic_state                           0x20002ea0   Data          12  app_util_platform.o(.bss)
    m_tx_buf                                 0x20003050   Data        6147  ls013b7dh06.o(.bss)
    m_rx_buf                                 0x20004853   Data        6147  ls013b7dh06.o(.bss)
    __initial_sp                             0x20008058   Data           0  arm_startup_nrf52.o(STACK)



==============================================================================

Memory Map of the image

  Image Entry point : 0x0001f401

  Load Region LR_IROM1 (Base: 0x0001f000, Size: 0x0000c1b0, Max: 0x00060800, ABSOLUTE, COMPRESSED[0x0000beb4])

    Execution Region ER_IROM1 (Base: 0x0001f000, Size: 0x0000bc60, Max: 0x00060800, ABSOLUTE)

    Base Addr    Size         Type   Attr      Idx    E Section Name        Object

    0x0001f000   0x00000400   Data   RO         5803    RESET               arm_startup_nrf52.o
    0x0001f400   0x00000000   Code   RO         5884  * .ARM.Collect$$$$00000000  mc_w.l(entry.o)
    0x0001f400   0x00000004   Code   RO         5899    .ARM.Collect$$$$00000001  mc_w.l(entry2.o)
    0x0001f404   0x00000004   Code   RO         5902    .ARM.Collect$$$$00000004  mc_w.l(entry5.o)
    0x0001f408   0x00000000   Code   RO         5904    .ARM.Collect$$$$00000008  mc_w.l(entry7b.o)
    0x0001f408   0x00000000   Code   RO         5906    .ARM.Collect$$$$0000000A  mc_w.l(entry8b.o)
    0x0001f408   0x00000008   Code   RO         5907    .ARM.Collect$$$$0000000B  mc_w.l(entry9a.o)
    0x0001f410   0x00000000   Code   RO         5909    .ARM.Collect$$$$0000000D  mc_w.l(entry10a.o)
    0x0001f410   0x00000000   Code   RO         5911    .ARM.Collect$$$$0000000F  mc_w.l(entry11a.o)
    0x0001f410   0x00000004   Code   RO         5900    .ARM.Collect$$$$00002712  mc_w.l(entry2.o)
    0x0001f414   0x00000024   Code   RO         5804    .text               arm_startup_nrf52.o
    0x0001f438   0x00000024   Code   RO         5887    .text               mc_w.l(memcpya.o)
    0x0001f45c   0x00000024   Code   RO         5889    .text               mc_w.l(memseta.o)
    0x0001f480   0x0000000e   Code   RO         5891    .text               mc_w.l(strlen.o)
    0x0001f48e   0x0000001a   Code   RO         5893    .text               mc_w.l(memcmp.o)
    0x0001f4a8   0x00000024   Code   RO         5913    .text               mc_w.l(init.o)
    0x0001f4cc   0x00000056   Code   RO         5923    .text               mc_w.l(__dczerorl2.o)
    0x0001f522   0x00000002   PAD
    0x0001f524   0x000001bc   Code   RO         3564    i.GPIOTE_IRQHandler  nrf_drv_gpiote.o
    0x0001f6e0   0x00000018   Code   RO         4472    i.NVIC_ClearPendingIRQ  app_timer.o
    0x0001f6f8   0x00000018   Code   RO         5567    i.NVIC_DisableIRQ   softdevice_handler.o
    0x0001f710   0x00000016   Code   RO         4473    i.NVIC_EnableIRQ    app_timer.o
    0x0001f726   0x00000016   Code   RO         5568    i.NVIC_EnableIRQ    softdevice_handler.o
    0x0001f73c   0x00000018   Code   RO         4474    i.NVIC_SetPendingIRQ  app_timer.o
    0x0001f754   0x00000028   Code   RO         4475    i.NVIC_SetPriority  app_timer.o
    0x0001f77c   0x00000050   Code   RO         3328    i.POWER_CLOCK_IRQHandler  nrf_drv_clock.o
    0x0001f7cc   0x00000034   Code   RO         4476    i.RTC1_IRQHandler   app_timer.o
    0x0001f800   0x00000018   Code   RO         4131    i.SPIM0_SPIS0_TWIM0_TWIS0_SPI0_TWI0_IRQHandler  nrf_drv_spi.o
    0x0001f818   0x00000008   Code   RO         4477    i.SWI0_EGU0_IRQHandler  app_timer.o
    0x0001f820   0x00000030   Code   RO         5569    i.SWI2_EGU2_IRQHandler  softdevice_handler.o
    0x0001f850   0x00000010   Code   RO         5811    i.SystemCoreClockUpdate  system_nrf52.o
    0x0001f860   0x0000024c   Code   RO         5812    i.SystemInit        system_nrf52.o
    0x0001faac   0x00000024   Code   RO         3835    i.UARTE0_UART0_IRQHandler  nrf_drv_uart.o
    0x0001fad0   0x0000000e   Code   RO         5917    i.__scatterload_copy  mc_w.l(handlers.o)
    0x0001fade   0x00000002   Code   RO         5918    i.__scatterload_null  mc_w.l(handlers.o)
    0x0001fae0   0x0000000e   Code   RO         5919    i.__scatterload_zeroinit  mc_w.l(handlers.o)
    0x0001faee   0x00000002   PAD
    0x0001faf0   0x00000038   Code   RO         5570    i.__sd_nvic_app_accessible_irq  softdevice_handler.o
    0x0001fb28   0x0000000c   Code   RO         4695    i.__sd_nvic_irq_disable  app_util_platform.o
    0x0001fb34   0x00000032   Code   RO         1524    i.addr_compare      id_manager.o
    0x0001fb66   0x00000018   Code   RO          808    i.addr_is_valid     ble_advertising.o
    0x0001fb7e   0x00000002   PAD
    0x0001fb80   0x0000002c   Code   RO         4772    i.address_is_valid  fds.o
    0x0001fbac   0x0000016c   Code   RO          701    i.adv_data_encode   ble_advdata.o
    0x0001fd18   0x00000060   Code   RO          809    i.adv_mode_next_avail_get  ble_advertising.o
    0x0001fd78   0x00000012   Code   RO          810    i.adv_mode_next_get  ble_advertising.o
    0x0001fd8a   0x00000012   Code   RO          702    i.advdata_check     ble_advdata.o
    0x0001fd9c   0x00000054   Code   RO          645    i.advertising_buttons_configure  bsp_btn_ble.o
    0x0001fdf0   0x00000070   Code   RO            4    i.advertising_init  main.o
    0x0001fe60   0x00000056   Code   RO         1525    i.ah                id_manager.o
    0x0001feb6   0x00000002   PAD
    0x0001feb8   0x00000024   Code   RO          513    i.alert_timer_handler  bsp.o
    0x0001fedc   0x0000002c   Code   RO         4257    i.app_button_enable  app_button.o
    0x0001ff08   0x000000a8   Code   RO         4258    i.app_button_init   app_button.o
    0x0001ffb0   0x00000044   Code   RO         4361    i.app_error_fault_handler  app_error_weak.o
    0x0001fff4   0x0000001c   Code   RO         4322    i.app_error_handler_bare  app_error.o
    0x00020010   0x0000003c   Code   RO         4480    i.app_timer_create  app_timer.o
    0x0002004c   0x0000008c   Code   RO         4481    i.app_timer_init    app_timer.o
    0x000200d8   0x00000054   Code   RO         4482    i.app_timer_start   app_timer.o
    0x0002012c   0x00000030   Code   RO         4483    i.app_timer_stop    app_timer.o
    0x0002015c   0x0000000c   Code   RO         4696    i.app_util_critical_region_enter  app_util_platform.o
    0x00020168   0x00000048   Code   RO         4697    i.app_util_critical_region_exit  app_util_platform.o
    0x000201b0   0x00000052   Code   RO          703    i.appearance_encode  ble_advdata.o
    0x00020202   0x00000002   Code   RO            5    i.application_timers_start  main.o
    0x00020204   0x00000058   Code   RO         1272    i.apply_pending_flags_check  gatt_cache_manager.o
    0x0002025c   0x00000014   Code   RO         2653    i.auth_status_failure_process  security_dispatcher.o
    0x00020270   0x0000001c   Code   RO         2654    i.auth_status_process  security_dispatcher.o
    0x0002028c   0x000000bc   Code   RO         2655    i.auth_status_success_process  security_dispatcher.o
    0x00020348   0x00000010   Code   RO         2939    i.battery_level_encode  ble_bas.o
    0x00020358   0x00000014   Code   RO         3035    i.bds_ble_srv_utf8_str_encode  ble_dis.o
    0x0002036c   0x00000012   Code   RO         3205    i.bds_uint16_decode  ble_none_display.o
    0x0002037e   0x00000010   Code   RO         3036    i.bds_uint16_encode  ble_dis.o
    0x0002038e   0x00000010   Code   RO         3206    i.bds_uint16_encode  ble_none_display.o
    0x0002039e   0x0000001e   Code   RO         3207    i.bds_uint32_decode  ble_none_display.o
    0x000203bc   0x0000001c   Code   RO         3208    i.bds_uint32_encode  ble_none_display.o
    0x000203d8   0x00000094   Code   RO          704    i.ble_advdata_set   ble_advdata.o
    0x0002046c   0x00000174   Code   RO          811    i.ble_advertising_init  ble_advertising.o
    0x000205e0   0x00000032   Code   RO          812    i.ble_advertising_on_ble_evt  ble_advertising.o
    0x00020612   0x00000002   PAD
    0x00020614   0x0000004c   Code   RO          813    i.ble_advertising_on_sys_evt  ble_advertising.o
    0x00020660   0x00000058   Code   RO          815    i.ble_advertising_restart_without_whitelist  ble_advertising.o
    0x000206b8   0x00000168   Code   RO          816    i.ble_advertising_start  ble_advertising.o
    0x00020820   0x00000030   Code   RO         2942    i.ble_bas_battery_level_set  ble_bas.o
    0x00020850   0x000000de   Code   RO         2944    i.ble_bas_init      ble_bas.o
    0x0002092e   0x00000048   Code   RO         2945    i.ble_bas_on_ble_evt  ble_bas.o
    0x00020976   0x00000002   PAD
    0x00020978   0x00000070   Code   RO          950    i.ble_conn_params_init  ble_conn_params.o
    0x000209e8   0x0000003e   Code   RO          951    i.ble_conn_params_on_ble_evt  ble_conn_params.o
    0x00020a26   0x00000002   PAD
    0x00020a28   0x00000018   Code   RO         1042    i.ble_conn_state_conn_handles  ble_conn_state.o
    0x00020a40   0x00000018   Code   RO         1043    i.ble_conn_state_encrypted  ble_conn_state.o
    0x00020a58   0x00000018   Code   RO         1045    i.ble_conn_state_mitm_protected  ble_conn_state.o
    0x00020a70   0x0000009c   Code   RO         1049    i.ble_conn_state_on_ble_evt  ble_conn_state.o
    0x00020b0c   0x00000038   Code   RO         1051    i.ble_conn_state_role  ble_conn_state.o
    0x00020b44   0x00000024   Code   RO         1053    i.ble_conn_state_user_flag_acquire  ble_conn_state.o
    0x00020b68   0x0000001c   Code   RO         1054    i.ble_conn_state_user_flag_collection  ble_conn_state.o
    0x00020b84   0x00000024   Code   RO         1055    i.ble_conn_state_user_flag_get  ble_conn_state.o
    0x00020ba8   0x00000024   Code   RO         1056    i.ble_conn_state_user_flag_set  ble_conn_state.o
    0x00020bcc   0x00000076   Code   RO          705    i.ble_device_addr_encode  ble_advdata.o
    0x00020c42   0x0000036e   Code   RO         3040    i.ble_dis_init      ble_dis.o
    0x00020fb0   0x00000048   Code   RO         3043    i.ble_dis_on_ble_evt  ble_dis.o
    0x00020ff8   0x0000003c   Code   RO            7    i.ble_evt_dispatch  main.o
    0x00021034   0x000001b4   Code   RO         3212    i.ble_none_display_init  ble_none_display.o
    0x000211e8   0x00000048   Code   RO         3214    i.ble_none_display_on_ble_evt  ble_none_display.o
    0x00021230   0x00000012   Code   RO         1204    i.ble_srv_ascii_to_utf8  ble_srv_common.o
    0x00021242   0x00000012   Code   RO         1206    i.ble_srv_is_notification_enabled  ble_srv_common.o
    0x00021254   0x000000b4   Code   RO            8    i.ble_stack_init    main.o
    0x00021308   0x00000114   Code   RO          415    i.bluetooth_init    service_if.o
    0x0002141c   0x0000002c   Code   RO          416    i.bluetooth_on_ble_evt  service_if.o
    0x00021448   0x00000038   Code   RO          646    i.bsp_btn_ble_init  bsp_btn_ble.o
    0x00021480   0x00000078   Code   RO          647    i.bsp_btn_ble_on_ble_evt  bsp_btn_ble.o
    0x000214f8   0x0000001c   Code   RO          648    i.bsp_btn_ble_sleep_mode_prepare  bsp_btn_ble.o
    0x00021514   0x000000dc   Code   RO          514    i.bsp_button_event_handler  bsp.o
    0x000215f0   0x00000038   Code   RO          515    i.bsp_button_is_pressed  bsp.o
    0x00021628   0x0000006c   Code   RO            9    i.bsp_event_handler  main.o
    0x00021694   0x0000005c   Code   RO          519    i.bsp_event_to_button_action_assign  bsp.o
    0x000216f0   0x00000020   Code   RO          520    i.bsp_indication_set  bsp.o
    0x00021710   0x000000d0   Code   RO          522    i.bsp_init          bsp.o
    0x000217e0   0x0000059c   Code   RO          523    i.bsp_led_indication  bsp.o
    0x00021d7c   0x00000050   Code   RO          524    i.bsp_wakeup_buttons_set  bsp.o
    0x00021dcc   0x0000000e   Code   RO          526    i.button_timer_handler  bsp.o
    0x00021dda   0x00000010   Code   RO         3215    i.buttons_encode    ble_none_display.o
    0x00021dea   0x00000002   PAD
    0x00021dec   0x00000058   Code   RO           10    i.buttons_leds_init  main.o
    0x00021e44   0x00000020   Code   RO         1273    i.cccd_written      gatt_cache_manager.o
    0x00021e64   0x00000020   Code   RO         3565    i.channel_free      nrf_drv_gpiote.o
    0x00021e84   0x00000010   Code   RO         3566    i.channel_handler_get  nrf_drv_gpiote.o
    0x00021e94   0x00000080   Code   RO         3567    i.channel_port_alloc  nrf_drv_gpiote.o
    0x00021f14   0x0000000c   Code   RO         3568    i.channel_port_get  nrf_drv_gpiote.o
    0x00021f20   0x000001c8   Code   RO         1208    i.characteristic_add  ble_srv_common.o
    0x000220e8   0x00000020   Code   RO         5198    i.check_config      fstorage.o
    0x00022108   0x00000022   Code   RO         4773    i.chunk_is_aligned  fds.o
    0x0002212a   0x00000002   PAD
    0x0002212c   0x00000030   Code   RO         4774    i.chunk_queue_get_and_advance  fds.o
    0x0002215c   0x00000020   Code   RO         4775    i.chunk_queue_next  fds.o
    0x0002217c   0x0000002c   Code   RO         4776    i.chunk_queue_skip  fds.o
    0x000221a8   0x0000004a   Code   RO         2192    i.claim             peer_id.o
    0x000221f2   0x00000002   PAD
    0x000221f4   0x00000030   Code   RO         3329    i.clock_clk_started_notify  nrf_drv_clock.o
    0x00022224   0x00000090   Code   RO         4485    i.compare_reg_update  app_timer.o
    0x000222b4   0x0000005a   Code   RO          706    i.conn_int_check    ble_advdata.o
    0x0002230e   0x00000068   Code   RO          707    i.conn_int_encode   ble_advdata.o
    0x00022376   0x00000010   Code   RO           11    i.conn_params_error_handler  main.o
    0x00022386   0x00000002   PAD
    0x00022388   0x0000005c   Code   RO           12    i.conn_params_init  main.o
    0x000223e4   0x00000084   Code   RO          953    i.conn_params_negotiation  ble_conn_params.o
    0x00022468   0x00000058   Code   RO         2656    i.conn_sec_update_process  security_dispatcher.o
    0x000224c0   0x00000054   Code   RO          649    i.connection_buttons_configure  bsp_btn_ble.o
    0x00022514   0x0000004a   Code   RO         4777    i.delete_execute    fds.o
    0x0002255e   0x00000002   PAD
    0x00022560   0x0000008c   Code   RO         4260    i.detection_delay_timeout_handler  app_button.o
    0x000225ec   0x00000022   Code   RO         2657    i.disconnect_process  security_dispatcher.o
    0x0002260e   0x00000022   Code   RO         3216    i.display_configuration_decode  ble_none_display.o
    0x00022630   0x00000018   Code   RO         3217    i.display_configuration_encode  ble_none_display.o
    0x00022648   0x00000064   Code   RO         4486    i.elapsed_ticks_acquire  app_timer.o
    0x000226ac   0x00000038   Code   RO         2658    i.encryption_failure  security_dispatcher.o
    0x000226e4   0x0000000a   Code   RO         5199    i.erase_execute     fstorage.o
    0x000226ee   0x00000002   PAD
    0x000226f0   0x00000054   Code   RO         5813    i.errata_108        system_nrf52.o
    0x00022744   0x00000030   Code   RO         5814    i.errata_16         system_nrf52.o
    0x00022774   0x00000054   Code   RO         5815    i.errata_31         system_nrf52.o
    0x000227c8   0x00000030   Code   RO         5816    i.errata_32         system_nrf52.o
    0x000227f8   0x00000054   Code   RO         5817    i.errata_36         system_nrf52.o
    0x0002284c   0x00000030   Code   RO         5818    i.errata_37         system_nrf52.o
    0x0002287c   0x00000030   Code   RO         5819    i.errata_57         system_nrf52.o
    0x000228ac   0x00000030   Code   RO         5820    i.errata_66         system_nrf52.o
    0x000228dc   0x00000076   Code   RO         4779    i.event_prepare     fds.o
    0x00022952   0x00000002   PAD
    0x00022954   0x00000028   Code   RO         4780    i.event_send        fds.o
    0x0002297c   0x00000042   Code   RO         2803    i.events_send_from_err_code  security_manager.o
    0x000229be   0x00000002   PAD
    0x000229c0   0x00000020   Code   RO         1274    i.evt_send          gatt_cache_manager.o
    0x000229e0   0x00000020   Code   RO         1428    i.evt_send          gatts_cache_manager.o
    0x00022a00   0x00000020   Code   RO         1526    i.evt_send          id_manager.o
    0x00022a20   0x00000028   Code   RO         2287    i.evt_send          peer_manager.o
    0x00022a48   0x00000020   Code   RO         2659    i.evt_send          security_dispatcher.o
    0x00022a68   0x00000020   Code   RO         2804    i.evt_send          security_manager.o
    0x00022a88   0x00000058   Code   RO         4487    i.expired_timers_handler  app_timer.o
    0x00022ae0   0x00000002   Code   RO           13    i.fds_evt_handler   main.o
    0x00022ae2   0x00000002   PAD
    0x00022ae4   0x0000013c   Code   RO         1845    i.fds_evt_handler   peer_data_storage.o
    0x00022c20   0x00000048   Code   RO         4782    i.fds_file_delete   fds.o
    0x00022c68   0x00000040   Code   RO         4783    i.fds_gc            fds.o
    0x00022ca8   0x000000b2   Code   RO         4784    i.fds_init          fds.o
    0x00022d5a   0x00000002   PAD
    0x00022d5c   0x00000058   Code   RO         4785    i.fds_record_close  fds.o
    0x00022db4   0x00000016   Code   RO         4787    i.fds_record_find   fds.o
    0x00022dca   0x00000014   Code   RO         4788    i.fds_record_find_by_key  fds.o
    0x00022dde   0x00000014   Code   RO         4789    i.fds_record_find_in_file  fds.o
    0x00022df2   0x00000012   Code   RO         4790    i.fds_record_id_from_desc  fds.o
    0x00022e04   0x0000004c   Code   RO         4792    i.fds_record_open   fds.o
    0x00022e50   0x0000001a   Code   RO         4793    i.fds_record_update  fds.o
    0x00022e6a   0x00000014   Code   RO         4794    i.fds_record_write  fds.o
    0x00022e7e   0x0000001c   Code   RO         4795    i.fds_record_write_reserved  fds.o
    0x00022e9a   0x00000002   PAD
    0x00022e9c   0x00000030   Code   RO         4796    i.fds_register      fds.o
    0x00022ecc   0x00000030   Code   RO         4797    i.fds_reserve       fds.o
    0x00022efc   0x00000050   Code   RO         4798    i.fds_reserve_cancel  fds.o
    0x00022f4c   0x00000040   Code   RO         4800    i.file_find_and_delete  fds.o
    0x00022f8c   0x0000000a   Code   RO         1846    i.file_id_to_peer_id  peer_data_storage.o
    0x00022f96   0x00000018   Code   RO         1847    i.file_id_within_pm_range  peer_data_storage.o
    0x00022fae   0x0000001e   Code   RO         4132    i.finish_transfer   nrf_drv_spi.o
    0x00022fcc   0x00000018   Code   RO         3048    i.firmware_revision_string_encode  ble_dis.o
    0x00022fe4   0x00000010   Code   RO         4801    i.flag_clear        fds.o
    0x00022ff4   0x00000012   Code   RO         2660    i.flag_id_init      security_dispatcher.o
    0x00023006   0x00000012   Code   RO         2805    i.flag_id_init      security_manager.o
    0x00023018   0x00000018   Code   RO         4802    i.flag_is_set       fds.o
    0x00023030   0x00000010   Code   RO         4803    i.flag_set          fds.o
    0x00023040   0x00000036   Code   RO          708    i.flags_encode      ble_advdata.o
    0x00023076   0x00000002   PAD
    0x00023078   0x0000009c   Code   RO         2806    i.flags_set_from_err_code  security_manager.o
    0x00023114   0x00000014   Code   RO          818    i.flash_access_in_progress  ble_advertising.o
    0x00023128   0x00000080   Code   RO         5200    i.fs_erase          fstorage.o
    0x000231a8   0x0000000e   Code   RO         4804    i.fs_event_handler  fds.o
    0x000231b6   0x00000018   Code   RO         5202    i.fs_flash_page_end_addr  fstorage.o
    0x000231ce   0x00000002   PAD
    0x000231d0   0x000000c0   Code   RO         5203    i.fs_init           fstorage.o
    0x00023290   0x00000018   Code   RO         5204    i.fs_queued_op_count_get  fstorage.o
    0x000232a8   0x00000094   Code   RO         5205    i.fs_store          fstorage.o
    0x0002333c   0x0000006c   Code   RO         5206    i.fs_sys_event_handler  fstorage.o
    0x000233a8   0x00000080   Code   RO           14    i.gap_params_init   main.o
    0x00023428   0x00000070   Code   RO         4805    i.gc_execute        fds.o
    0x00023498   0x0000003c   Code   RO         4806    i.gc_init           fds.o
    0x000234d4   0x00000028   Code   RO         4807    i.gc_next_page      fds.o
    0x000234fc   0x00000044   Code   RO         4808    i.gc_page_erase     fds.o
    0x00023540   0x00000048   Code   RO         4809    i.gc_page_next      fds.o
    0x00023588   0x00000040   Code   RO         4810    i.gc_record_copy    fds.o
    0x000235c8   0x00000024   Code   RO         4811    i.gc_record_find_next  fds.o
    0x000235ec   0x00000058   Code   RO         4812    i.gc_state_advance  fds.o
    0x00023644   0x0000002c   Code   RO         4813    i.gc_swap_erase     fds.o
    0x00023670   0x00000044   Code   RO         4814    i.gc_swap_pages     fds.o
    0x000236b4   0x00000020   Code   RO         4815    i.gc_swap_promote   fds.o
    0x000236d4   0x00000018   Code   RO         4816    i.gc_tag_new_swap   fds.o
    0x000236ec   0x00000020   Code   RO         4817    i.gc_update_swap_offset  fds.o
    0x0002370c   0x00000074   Code   RO         1275    i.gcm_ble_evt_handler  gatt_cache_manager.o
    0x00023780   0x00000078   Code   RO         1276    i.gcm_gscm_evt_handler  gatt_cache_manager.o
    0x000237f8   0x00000030   Code   RO         1277    i.gcm_im_evt_handler  gatt_cache_manager.o
    0x00023828   0x00000068   Code   RO         1278    i.gcm_init          gatt_cache_manager.o
    0x00023890   0x0000004c   Code   RO         1279    i.gcm_local_database_has_changed  gatt_cache_manager.o
    0x000238dc   0x00000018   Code   RO         1282    i.gcm_smd_evt_handler  gatt_cache_manager.o
    0x000238f4   0x0000003c   Code   RO         1527    i.get_connection_by_conn_handle  id_manager.o
    0x00023930   0x00000034   Code   RO         1528    i.get_free_connection  id_manager.o
    0x00023964   0x00000080   Code   RO         4261    i.gpiote_event_handler  app_button.o
    0x000239e4   0x0000001c   Code   RO         1429    i.gscm_db_change_notification_done  gatts_cache_manager.o
    0x00023a00   0x00000014   Code   RO         1430    i.gscm_init         gatts_cache_manager.o
    0x00023a14   0x00000018   Code   RO         1431    i.gscm_local_database_has_changed  gatts_cache_manager.o
    0x00023a2c   0x00000090   Code   RO         1432    i.gscm_local_db_cache_apply  gatts_cache_manager.o
    0x00023abc   0x00000096   Code   RO         1434    i.gscm_local_db_cache_update  gatts_cache_manager.o
    0x00023b52   0x00000002   PAD
    0x00023b54   0x00000058   Code   RO         1435    i.gscm_pdb_evt_handler  gatts_cache_manager.o
    0x00023bac   0x00000024   Code   RO         1436    i.gscm_service_changed_ind_needed  gatts_cache_manager.o
    0x00023bd0   0x0000003c   Code   RO         1437    i.gscm_service_changed_ind_send  gatts_cache_manager.o
    0x00023c0c   0x00000018   Code   RO         3049    i.hardware_revision_string_encode  ble_dis.o
    0x00023c24   0x00000018   Code   RO         4818    i.header_is_valid   fds.o
    0x00023c3c   0x00000022   Code   RO         3050    i.ieee_11073_20601_regulatory_certification_data_list_encode  ble_dis.o
    0x00023c5e   0x0000004c   Code   RO         1529    i.im_address_resolve  id_manager.o
    0x00023caa   0x00000002   PAD
    0x00023cac   0x00000034   Code   RO         1530    i.im_ble_addr_get   id_manager.o
    0x00023ce0   0x000000ce   Code   RO         1531    i.im_ble_evt_handler  id_manager.o
    0x00023dae   0x00000002   PAD
    0x00023db0   0x00000030   Code   RO         1532    i.im_conn_handle_get  id_manager.o
    0x00023de0   0x0000002c   Code   RO         1536    i.im_init           id_manager.o
    0x00023e0c   0x00000044   Code   RO         1537    i.im_is_duplicate_bonding_data  id_manager.o
    0x00023e50   0x00000022   Code   RO         1538    i.im_master_id_is_valid  id_manager.o
    0x00023e72   0x00000032   Code   RO         1539    i.im_master_ids_compare  id_manager.o
    0x00023ea4   0x00000010   Code   RO         1540    i.im_new_peer_id    id_manager.o
    0x00023eb4   0x0000007c   Code   RO         1541    i.im_pdb_evt_handler  id_manager.o
    0x00023f30   0x0000002a   Code   RO         1542    i.im_peer_free      id_manager.o
    0x00023f5a   0x00000002   PAD
    0x00023f5c   0x00000028   Code   RO         1543    i.im_peer_id_get_by_conn_handle  id_manager.o
    0x00023f84   0x00000040   Code   RO         1544    i.im_peer_id_get_by_master_id  id_manager.o
    0x00023fc4   0x00000118   Code   RO         4819    i.init_execute      fds.o
    0x000240dc   0x000000b8   Code   RO         5571    i.intern_softdevice_events_execute  softdevice_handler.o
    0x00024194   0x0000000c   Code   RO         1283    i.internal_state_reset  gatt_cache_manager.o
    0x000241a0   0x00000018   Code   RO         1438    i.internal_state_reset  gatts_cache_manager.o
    0x000241b8   0x0000002c   Code   RO         1549    i.internal_state_reset  id_manager.o
    0x000241e4   0x00000020   Code   RO         2013    i.internal_state_reset  peer_database.o
    0x00024204   0x0000000e   Code   RO         2193    i.internal_state_reset  peer_id.o
    0x00024212   0x00000002   PAD
    0x00024214   0x0000002c   Code   RO         2288    i.internal_state_reset  peer_manager.o
    0x00024240   0x00000022   Code   RO         4133    i.irq_handler_spi   nrf_drv_spi.o
    0x00024262   0x00000002   PAD
    0x00024264   0x00000024   Code   RO          954    i.is_conn_params_ok  ble_conn_params.o
    0x00024288   0x00000018   Code   RO         1550    i.is_valid_irk      id_manager.o
    0x000242a0   0x00000010   Code   RO         4820    i.is_word_aligned   fds.o
    0x000242b0   0x0000000c   Code   RO         3332    i.item_dequeue      nrf_drv_clock.o
    0x000242bc   0x00000020   Code   RO          527    i.leds_timer_handler  bsp.o
    0x000242dc   0x000000c4   Code   RO         2807    i.link_secure       security_manager.o
    0x000243a0   0x0000008e   Code   RO         2661    i.link_secure_central  security_dispatcher.o
    0x0002442e   0x000000e8   Code   RO         2662    i.link_secure_central_existing_peer  security_dispatcher.o
    0x00024516   0x0000007c   Code   RO         2663    i.link_secure_central_new_peer  security_dispatcher.o
    0x00024592   0x00000002   PAD
    0x00024594   0x00000058   Code   RO         2664    i.link_secure_failure  security_dispatcher.o
    0x000245ec   0x00000080   Code   RO         2808    i.link_secure_pending_process  security_manager.o
    0x0002466c   0x00000012   Code   RO         2665    i.link_secure_peripheral  security_dispatcher.o
    0x0002467e   0x00000002   PAD
    0x00024680   0x0000007c   Code   RO         4488    i.list_deletions_handler  app_timer.o
    0x000246fc   0x000000f8   Code   RO         4489    i.list_insertions_handler  app_timer.o
    0x000247f4   0x000000a0   Code   RO         1284    i.local_db_apply_in_evt  gatt_cache_manager.o
    0x00024894   0x000000b8   Code   RO         1285    i.local_db_update_in_evt  gatt_cache_manager.o
    0x0002494c   0x00000034   Code   RO         2600    i.lock_by_mask      pm_mutex.o
    0x00024980   0x00000058   Code   RO         5709    i.ls013_clearframe  ls013b7dh06.o
    0x000249d8   0x000000c2   Code   RO         5710    i.ls013_drawPixel   ls013b7dh06.o
    0x00024a9a   0x00000002   PAD
    0x00024a9c   0x00000028   Code   RO         5712    i.ls013_init        ls013b7dh06.o
    0x00024ac4   0x00000064   Code   RO         5713    i.ls013_showframe   ls013b7dh06.o
    0x00024b28   0x000000e0   Code   RO         5714    i.ls013_spi_event_handler  ls013b7dh06.o
    0x00024c08   0x00000058   Code   RO         5715    i.ls013_spi_init    ls013b7dh06.o
    0x00024c60   0x00000064   Code   RO         5716    i.ls013_vcom_init   ls013b7dh06.o
    0x00024cc4   0x000000ec   Code   RO           15    i.main              main.o
    0x00024db0   0x00000076   Code   RO          709    i.manuf_specific_data_encode  ble_advdata.o
    0x00024e26   0x00000018   Code   RO         3051    i.manufacturer_name_string_encode  ble_dis.o
    0x00024e3e   0x0000005e   Code   RO         3218    i.metrics_decode    ble_none_display.o
    0x00024e9c   0x00000048   Code   RO         3219    i.metrics_encode    ble_none_display.o
    0x00024ee4   0x00000018   Code   RO         3052    i.model_number_string_encode  ble_dis.o
    0x00024efc   0x000000c2   Code   RO          710    i.name_encode       ble_advdata.o
    0x00024fbe   0x00000002   PAD
    0x00024fc0   0x00000070   Code   RO         1551    i.new_connection    id_manager.o
    0x00025030   0x00000034   Code   RO         2194    i.next_id_get       peer_id.o
    0x00025064   0x0000005a   Code   RO         1727    i.nrf_ble_qwr_init  nrf_ble_qwr.o
    0x000250be   0x00000072   Code   RO         1728    i.nrf_ble_qwr_on_ble_evt  nrf_ble_qwr.o
    0x00025130   0x00000012   Code   RO         3336    i.nrf_clock_event_check  nrf_drv_clock.o
    0x00025142   0x00000012   Code   RO         3337    i.nrf_clock_event_clear  nrf_drv_clock.o
    0x00025154   0x0000000c   Code   RO         3339    i.nrf_clock_int_disable  nrf_drv_clock.o
    0x00025160   0x00000098   Code   RO         4490    i.nrf_delay_us      app_timer.o
    0x000251f8   0x00000040   Code   RO         3348    i.nrf_drv_clock_init  nrf_drv_clock.o
    0x00025238   0x00000034   Code   RO         3354    i.nrf_drv_clock_on_sd_enable  nrf_drv_clock.o
    0x0002526c   0x0000000e   Code   RO         3355    i.nrf_drv_clock_on_soc_event  nrf_drv_clock.o
    0x0002527a   0x00000002   PAD
    0x0002527c   0x00000060   Code   RO         3533    i.nrf_drv_common_irq_enable  nrf_drv_common.o
    0x000252dc   0x000000b8   Code   RO         3573    i.nrf_drv_gpiote_in_event_enable  nrf_drv_gpiote.o
    0x00025394   0x000000d8   Code   RO         3574    i.nrf_drv_gpiote_in_init  nrf_drv_gpiote.o
    0x0002546c   0x0000001c   Code   RO         3575    i.nrf_drv_gpiote_in_is_set  nrf_drv_gpiote.o
    0x00025488   0x0000005c   Code   RO         3577    i.nrf_drv_gpiote_init  nrf_drv_gpiote.o
    0x000254e4   0x00000014   Code   RO         3578    i.nrf_drv_gpiote_is_init  nrf_drv_gpiote.o
    0x000254f8   0x0000000c   Code   RO         3579    i.nrf_drv_gpiote_out_clear  nrf_drv_gpiote.o
    0x00025504   0x000000cc   Code   RO         3580    i.nrf_drv_gpiote_out_init  nrf_drv_gpiote.o
    0x000255d0   0x0000000c   Code   RO         3581    i.nrf_drv_gpiote_out_set  nrf_drv_gpiote.o
    0x000255dc   0x0000002c   Code   RO         3587    i.nrf_drv_gpiote_out_toggle  nrf_drv_gpiote.o
    0x00025608   0x00000144   Code   RO         4134    i.nrf_drv_spi_init  nrf_drv_spi.o
    0x0002574c   0x0000002c   Code   RO         4135    i.nrf_drv_spi_transfer  nrf_drv_spi.o
    0x00025778   0x00000070   Code   RO         4137    i.nrf_drv_spi_xfer  nrf_drv_spi.o
    0x000257e8   0x00000024   Code   RO         3592    i.nrf_gpio_cfg      nrf_drv_gpiote.o
    0x0002580c   0x00000024   Code   RO         4138    i.nrf_gpio_cfg      nrf_drv_spi.o
    0x00025830   0x00000018   Code   RO         4139    i.nrf_gpio_cfg_output  nrf_drv_spi.o
    0x00025848   0x00000024   Code   RO         3594    i.nrf_gpio_cfg_sense_set  nrf_drv_gpiote.o
    0x0002586c   0x00000010   Code   RO         3595    i.nrf_gpio_pin_clear  nrf_drv_gpiote.o
    0x0002587c   0x00000010   Code   RO         4140    i.nrf_gpio_pin_clear  nrf_drv_spi.o
    0x0002588c   0x00000010   Code   RO         3596    i.nrf_gpio_pin_set  nrf_drv_gpiote.o
    0x0002589c   0x00000010   Code   RO         4141    i.nrf_gpio_pin_set  nrf_drv_spi.o
    0x000258ac   0x0000000c   Code   RO         3597    i.nrf_gpiote_event_addr_get  nrf_drv_gpiote.o
    0x000258b8   0x0000001c   Code   RO         3598    i.nrf_gpiote_event_clear  nrf_drv_gpiote.o
    0x000258d4   0x00000016   Code   RO         3599    i.nrf_gpiote_event_is_set  nrf_drv_gpiote.o
    0x000258ea   0x00000002   PAD
    0x000258ec   0x0000000c   Code   RO         3600    i.nrf_gpiote_int_enable  nrf_drv_gpiote.o
    0x000258f8   0x0000000e   Code   RO         4142    i.nrf_spi_event_clear  nrf_drv_spi.o
    0x00025906   0x00000006   Code   RO         4143    i.nrf_spi_int_disable  nrf_drv_spi.o
    0x0002590c   0x00000006   Code   RO         4144    i.nrf_spi_int_enable  nrf_drv_spi.o
    0x00025912   0x00000006   Code   RO         4145    i.nrf_spi_txd_set   nrf_drv_spi.o
    0x00025918   0x0000000c   Code   RO         3859    i.nrf_uart_errorsrc_get_and_clear  nrf_drv_uart.o
    0x00025924   0x0000000e   Code   RO         3860    i.nrf_uart_event_check  nrf_drv_uart.o
    0x00025932   0x0000000e   Code   RO         3861    i.nrf_uart_event_clear  nrf_drv_uart.o
    0x00025940   0x00000006   Code   RO         3863    i.nrf_uart_int_disable  nrf_drv_uart.o
    0x00025946   0x00000012   Code   RO         3865    i.nrf_uart_int_enable_check  nrf_drv_uart.o
    0x00025958   0x00000006   Code   RO         3866    i.nrf_uart_task_trigger  nrf_drv_uart.o
    0x0002595e   0x0000000c   Code   RO         3868    i.nrf_uarte_errorsrc_get_and_clear  nrf_drv_uart.o
    0x0002596a   0x0000000e   Code   RO         3869    i.nrf_uarte_event_check  nrf_drv_uart.o
    0x00025978   0x0000000e   Code   RO         3870    i.nrf_uarte_event_clear  nrf_drv_uart.o
    0x00025986   0x0000000a   Code   RO         3874    i.nrf_uarte_rx_amount_get  nrf_drv_uart.o
    0x00025990   0x00000032   Code   RO           16    i.on_adv_evt        main.o
    0x000259c2   0x0000001a   Code   RO          417    i.on_bas_evt        service_if.o
    0x000259dc   0x000000ac   Code   RO           17    i.on_ble_evt        main.o
    0x00025a88   0x00000034   Code   RO         1730    i.on_cancel_write   nrf_ble_qwr.o
    0x00025abc   0x0000002c   Code   RO           18    i.on_conn_params_evt  main.o
    0x00025ae8   0x00000018   Code   RO          955    i.on_conn_params_update  ble_conn_params.o
    0x00025b00   0x00000038   Code   RO          956    i.on_connect        ble_conn_params.o
    0x00025b38   0x00000006   Code   RO         2949    i.on_connect        ble_bas.o
    0x00025b3e   0x00000008   Code   RO         3053    i.on_connect        ble_dis.o
    0x00025b46   0x00000006   Code   RO         3220    i.on_connect        ble_none_display.o
    0x00025b4c   0x00000014   Code   RO          819    i.on_connected      ble_advertising.o
    0x00025b60   0x00000008   Code   RO          418    i.on_dis_evt        service_if.o
    0x00025b68   0x00000040   Code   RO          957    i.on_disconnect     ble_conn_params.o
    0x00025ba8   0x00000008   Code   RO         2950    i.on_disconnect     ble_bas.o
    0x00025bb0   0x0000000a   Code   RO         3054    i.on_disconnect     ble_dis.o
    0x00025bba   0x00000008   Code   RO         3221    i.on_disconnect     ble_none_display.o
    0x00025bc2   0x00000002   PAD
    0x00025bc4   0x0000003c   Code   RO          820    i.on_disconnected   ble_advertising.o
    0x00025c00   0x000000c4   Code   RO         1731    i.on_execute_write  nrf_ble_qwr.o
    0x00025cc4   0x00000016   Code   RO          419    i.on_none_display_evt  service_if.o
    0x00025cda   0x00000002   PAD
    0x00025cdc   0x0000002c   Code   RO         5207    i.on_operation_failure  fstorage.o
    0x00025d08   0x00000078   Code   RO         5208    i.on_operation_success  fstorage.o
    0x00025d80   0x0000009e   Code   RO         1732    i.on_prepare_write  nrf_ble_qwr.o
    0x00025e1e   0x00000050   Code   RO         1733    i.on_rw_authorize_request  nrf_ble_qwr.o
    0x00025e6e   0x0000000e   Code   RO         2951    i.on_rw_authorize_request  ble_bas.o
    0x00025e7c   0x0000000e   Code   RO         3055    i.on_rw_authorize_request  ble_dis.o
    0x00025e8a   0x00000042   Code   RO         3222    i.on_rw_authorize_request  ble_none_display.o
    0x00025ecc   0x00000038   Code   RO          821    i.on_timeout        ble_advertising.o
    0x00025f04   0x00000038   Code   RO         1734    i.on_user_mem_request  nrf_ble_qwr.o
    0x00025f3c   0x0000004c   Code   RO          958    i.on_write          ble_conn_params.o
    0x00025f88   0x00000036   Code   RO         2952    i.on_write          ble_bas.o
    0x00025fbe   0x00000002   Code   RO         3056    i.on_write          ble_dis.o
    0x00025fc0   0x00000084   Code   RO         3223    i.on_write          ble_none_display.o
    0x00026044   0x000000a4   Code   RO         4821    i.op_enqueue        fds.o
    0x000260e8   0x00000040   Code   RO         4822    i.page_from_record  fds.o
    0x00026128   0x0000002c   Code   RO         4823    i.page_has_space    fds.o
    0x00026154   0x0000002c   Code   RO         4824    i.page_identify     fds.o
    0x00026180   0x0000001e   Code   RO         4825    i.page_is_erased    fds.o
    0x0002619e   0x00000012   Code   RO         4826    i.page_offsets_update  fds.o
    0x000261b0   0x00000068   Code   RO         4827    i.page_scan         fds.o
    0x00026218   0x00000020   Code   RO         4828    i.page_tag_write_data  fds.o
    0x00026238   0x00000024   Code   RO         4829    i.page_tag_write_swap  fds.o
    0x0002625c   0x00000130   Code   RO         4830    i.pages_init        fds.o
    0x0002638c   0x00000084   Code   RO         2666    i.pairing_failure   security_dispatcher.o
    0x00026410   0x00000048   Code   RO         2809    i.params_reply_pending_process  security_manager.o
    0x00026458   0x00000020   Code   RO         2015    i.pdb_evt_send      peer_database.o
    0x00026478   0x00000044   Code   RO         2016    i.pdb_init          peer_database.o
    0x000264bc   0x0000000c   Code   RO         2018    i.pdb_next_deleted_peer_id_get  peer_database.o
    0x000264c8   0x0000000c   Code   RO         2019    i.pdb_next_peer_id_get  peer_database.o
    0x000264d4   0x000001bc   Code   RO         2020    i.pdb_pds_evt_handler  peer_database.o
    0x00026690   0x00000008   Code   RO         2021    i.pdb_peer_allocate  peer_database.o
    0x00026698   0x0000001c   Code   RO         2022    i.pdb_peer_data_load  peer_database.o
    0x000266b4   0x00000016   Code   RO         2023    i.pdb_peer_data_ptr_get  peer_database.o
    0x000266ca   0x00000058   Code   RO         2024    i.pdb_peer_free     peer_database.o
    0x00026722   0x00000016   Code   RO         2025    i.pdb_raw_store     peer_database.o
    0x00026738   0x00000134   Code   RO         2026    i.pdb_write_buf_get  peer_database.o
    0x0002686c   0x00000036   Code   RO         2027    i.pdb_write_buf_release  peer_database.o
    0x000268a2   0x00000002   PAD
    0x000268a4   0x00000108   Code   RO         2028    i.pdb_write_buf_store  peer_database.o
    0x000269ac   0x00000078   Code   RO         2029    i.pdb_write_buf_store_prepare  peer_database.o
    0x00026a24   0x00000020   Code   RO         1848    i.pds_evt_send      peer_data_storage.o
    0x00026a44   0x00000038   Code   RO         1849    i.pds_init          peer_data_storage.o
    0x00026a7c   0x0000000c   Code   RO         1850    i.pds_next_deleted_peer_id_get  peer_data_storage.o
    0x00026a88   0x0000000c   Code   RO         1851    i.pds_next_peer_id_get  peer_data_storage.o
    0x00026a94   0x0000005c   Code   RO         1854    i.pds_peer_data_iterate  peer_data_storage.o
    0x00026af0   0x00000010   Code   RO         1855    i.pds_peer_data_iterate_prepare  peer_data_storage.o
    0x00026b00   0x00000088   Code   RO         1856    i.pds_peer_data_read  peer_data_storage.o
    0x00026b88   0x000000ba   Code   RO         1857    i.pds_peer_data_store  peer_data_storage.o
    0x00026c42   0x0000000c   Code   RO         1858    i.pds_peer_id_allocate  peer_data_storage.o
    0x00026c4e   0x0000001e   Code   RO         1859    i.pds_peer_id_free  peer_data_storage.o
    0x00026c6c   0x0000000c   Code   RO         1860    i.pds_peer_id_is_allocated  peer_data_storage.o
    0x00026c78   0x0000003c   Code   RO         1861    i.pds_space_reserve  peer_data_storage.o
    0x00026cb4   0x00000014   Code   RO         1862    i.pds_space_reserve_cancel  peer_data_storage.o
    0x00026cc8   0x0000001c   Code   RO         2030    i.peer_data_const_point_to_buffer  peer_database.o
    0x00026ce4   0x000000a4   Code   RO         1863    i.peer_data_delete  peer_data_storage.o
    0x00026d88   0x00000040   Code   RO         1864    i.peer_data_find    peer_data_storage.o
    0x00026dc8   0x00000022   Code   RO         1865    i.peer_data_id_is_valid  peer_data_storage.o
    0x00026dea   0x0000000a   Code   RO         1866    i.peer_data_id_to_record_key  peer_data_storage.o
    0x00026df4   0x0000001a   Code   RO         2031    i.peer_data_point_to_buffer  peer_database.o
    0x00026e0e   0x00000002   PAD
    0x00026e10   0x00000014   Code   RO         2195    i.peer_id_allocate  peer_id.o
    0x00026e24   0x0000002c   Code   RO         2196    i.peer_id_delete    peer_id.o
    0x00026e50   0x0000001c   Code   RO         2197    i.peer_id_free      peer_id.o
    0x00026e6c   0x00000014   Code   RO         2198    i.peer_id_get_next_deleted  peer_id.o
    0x00026e80   0x00000038   Code   RO         2199    i.peer_id_get_next_used  peer_id.o
    0x00026eb8   0x00000024   Code   RO         2200    i.peer_id_init      peer_id.o
    0x00026edc   0x0000001c   Code   RO         2201    i.peer_id_is_allocated  peer_id.o
    0x00026ef8   0x0000001c   Code   RO         2202    i.peer_id_is_deleted  peer_id.o
    0x00026f14   0x00000024   Code   RO         1552    i.peer_id_set       id_manager.o
    0x00026f38   0x0000000a   Code   RO         1867    i.peer_id_to_file_id  peer_data_storage.o
    0x00026f42   0x00000046   Code   RO         1868    i.peer_ids_load     peer_data_storage.o
    0x00026f88   0x0000010c   Code   RO           19    i.peer_manager_init  main.o
    0x00027094   0x0000001c   Code   RO         3603    i.pin_in_use_by_gpiote  nrf_drv_gpiote.o
    0x000270b0   0x00000018   Code   RO         3604    i.pin_in_use_by_port  nrf_drv_gpiote.o
    0x000270c8   0x00000020   Code   RO         3605    i.pin_in_use_by_te  nrf_drv_gpiote.o
    0x000270e8   0x0000000c   Code   RO         3606    i.pin_in_use_clear  nrf_drv_gpiote.o
    0x000270f4   0x00000062   Code   RO         2567    i.pm_buffer_block_acquire  pm_buffer.o
    0x00027156   0x0000004e   Code   RO         2568    i.pm_buffer_init    pm_buffer.o
    0x000271a4   0x00000030   Code   RO         2569    i.pm_buffer_ptr_get  pm_buffer.o
    0x000271d4   0x00000028   Code   RO         2570    i.pm_buffer_release  pm_buffer.o
    0x000271fc   0x00000010   Code   RO         2290    i.pm_conn_sec_config_reply  peer_manager.o
    0x0002720c   0x00000028   Code   RO         2292    i.pm_conn_secure    peer_manager.o
    0x00027234   0x00000128   Code   RO           20    i.pm_evt_handler    main.o
    0x0002735c   0x000000be   Code   RO         2294    i.pm_gcm_evt_handler  peer_manager.o
    0x0002741a   0x00000002   PAD
    0x0002741c   0x00000058   Code   RO         2297    i.pm_im_evt_handler  peer_manager.o
    0x00027474   0x000000a4   Code   RO         2298    i.pm_init           peer_manager.o
    0x00027518   0x0000001c   Code   RO         2300    i.pm_local_database_has_changed  peer_manager.o
    0x00027534   0x00000014   Code   RO         2601    i.pm_mutex_init     pm_mutex.o
    0x00027548   0x00000020   Code   RO         2602    i.pm_mutex_lock     pm_mutex.o
    0x00027568   0x00000030   Code   RO         2603    i.pm_mutex_lock_first_available  pm_mutex.o
    0x00027598   0x00000024   Code   RO         2604    i.pm_mutex_lock_status_get  pm_mutex.o
    0x000275bc   0x00000038   Code   RO         2605    i.pm_mutex_unlock   pm_mutex.o
    0x000275f4   0x0000002c   Code   RO         2302    i.pm_on_ble_evt     peer_manager.o
    0x00027620   0x000001c8   Code   RO         2303    i.pm_pdb_evt_handler  peer_manager.o
    0x000277e8   0x00000020   Code   RO         2314    i.pm_peer_delete    peer_manager.o
    0x00027808   0x000000cc   Code   RO         2317    i.pm_peer_rank_highest  peer_manager.o
    0x000278d4   0x000000d8   Code   RO         2318    i.pm_peer_ranks_get  peer_manager.o
    0x000279ac   0x00000050   Code   RO         2319    i.pm_peers_delete   peer_manager.o
    0x000279fc   0x00000040   Code   RO         2322    i.pm_register       peer_manager.o
    0x00027a3c   0x00000024   Code   RO         2324    i.pm_sec_params_set  peer_manager.o
    0x00027a60   0x000001b0   Code   RO         2325    i.pm_sm_evt_handler  peer_manager.o
    0x00027c10   0x0000003c   Code   RO         3057    i.pnp_id_encode     ble_dis.o
    0x00027c4c   0x0000000a   Code   RO         3058    i.pnp_id_vendor_id_source_encode  ble_dis.o
    0x00027c56   0x0000001a   Code   RO           21    i.power_manage      main.o
    0x00027c70   0x00000084   Code   RO         5718    i.printText         ls013b7dh06.o
    0x00027cf4   0x00000048   Code   RO         4831    i.queue_advance     fds.o
    0x00027d3c   0x00000034   Code   RO         5209    i.queue_advance     fstorage.o
    0x00027d70   0x00000068   Code   RO         5210    i.queue_get_next_free  fstorage.o
    0x00027dd8   0x000000a4   Code   RO         4832    i.queue_process     fds.o
    0x00027e7c   0x0000006c   Code   RO         5211    i.queue_process     fstorage.o
    0x00027ee8   0x00000018   Code   RO         4833    i.queue_start       fds.o
    0x00027f00   0x0000002c   Code   RO         5212    i.queue_start       fstorage.o
    0x00027f2c   0x0000002c   Code   RO         2328    i.rank_init         peer_manager.o
    0x00027f58   0x0000004c   Code   RO         1058    i.record_activate   ble_conn_state.o
    0x00027fa4   0x00000088   Code   RO         4834    i.record_find       fds.o
    0x0002802c   0x00000048   Code   RO         4835    i.record_find_and_delete  fds.o
    0x00028074   0x0000007c   Code   RO         4836    i.record_find_by_desc  fds.o
    0x000280f0   0x00000060   Code   RO         4837    i.record_find_next  fds.o
    0x00028150   0x00000028   Code   RO         4838    i.record_header_flag_dirty  fds.o
    0x00028178   0x0000002c   Code   RO         4839    i.record_header_write_begin  fds.o
    0x000281a4   0x00000038   Code   RO         4840    i.record_header_write_finalize  fds.o
    0x000281dc   0x00000038   Code   RO         4841    i.record_header_write_id  fds.o
    0x00028214   0x00000014   Code   RO         4842    i.record_id_new     fds.o
    0x00028228   0x0000001c   Code   RO         1059    i.record_invalidate  ble_conn_state.o
    0x00028244   0x00000006   Code   RO         1869    i.record_key_to_peer_data_id  peer_data_storage.o
    0x0002824a   0x00000018   Code   RO         1870    i.record_key_within_pm_range  peer_data_storage.o
    0x00028262   0x00000002   PAD
    0x00028264   0x00000044   Code   RO         1060    i.record_purge_disconnected  ble_conn_state.o
    0x000282a8   0x00000018   Code   RO         1061    i.record_set_disconnected  ble_conn_state.o
    0x000282c0   0x00000050   Code   RO         4843    i.record_write_chunk  fds.o
    0x00028310   0x00000014   Code   RO         2204    i.release           peer_id.o
    0x00028324   0x00000008   Code   RO          420    i.return_ble_bas_t  service_if.o
    0x0002832c   0x0000000c   Code   RO         4491    i.rtc1_compare0_set  app_timer.o
    0x00028338   0x0000000c   Code   RO         4492    i.rtc1_counter_get  app_timer.o
    0x00028344   0x00000018   Code   RO         4493    i.rtc1_init         app_timer.o
    0x0002835c   0x0000003c   Code   RO         4494    i.rtc1_start        app_timer.o
    0x00028398   0x00000058   Code   RO         4495    i.rtc1_stop         app_timer.o
    0x000283f0   0x0000003e   Code   RO         3878    i.rx_byte           nrf_drv_uart.o
    0x0002842e   0x0000001e   Code   RO         3879    i.rx_done_event     nrf_drv_uart.o
    0x0002844c   0x0000008c   Code   RO         5573    i.sd_nvic_EnableIRQ  softdevice_handler.o
    0x000284d8   0x00000068   Code   RO         4700    i.sd_nvic_critical_region_enter  app_util_platform.o
    0x00028540   0x0000000c   Code   RO         1286    i.sdk_mapped_flags_any_set  gatt_cache_manager.o
    0x0002854c   0x0000000c   Code   RO         2810    i.sdk_mapped_flags_any_set  security_manager.o
    0x00028558   0x00000076   Code   RO         5347    i.sdk_mapped_flags_bulk_update_by_key  sdk_mapped_flags.o
    0x000285ce   0x00000024   Code   RO         5348    i.sdk_mapped_flags_first_key_index_get  sdk_mapped_flags.o
    0x000285f2   0x00000012   Code   RO         5349    i.sdk_mapped_flags_get_by_index  sdk_mapped_flags.o
    0x00028604   0x0000002e   Code   RO         5350    i.sdk_mapped_flags_get_by_key  sdk_mapped_flags.o
    0x00028632   0x00000042   Code   RO         5351    i.sdk_mapped_flags_key_list_get  sdk_mapped_flags.o
    0x00028674   0x0000001a   Code   RO         5353    i.sdk_mapped_flags_update_by_key  sdk_mapped_flags.o
    0x0002868e   0x000000d8   Code   RO         2667    i.sec_info_request_process  security_dispatcher.o
    0x00028766   0x0000001a   Code   RO         2668    i.sec_params_request_process  security_dispatcher.o
    0x00028780   0x000000e8   Code   RO         2811    i.sec_params_verify  security_manager.o
    0x00028868   0x0000005c   Code   RO         2669    i.sec_proc_start    security_dispatcher.o
    0x000288c4   0x00000034   Code   RO         2670    i.sec_request_process  security_dispatcher.o
    0x000288f8   0x00000024   Code   RO         2671    i.sec_start_send    security_dispatcher.o
    0x0002891c   0x0000001e   Code   RO         2812    i.send_config_req   security_manager.o
    0x0002893a   0x0000005c   Code   RO         5213    i.send_event        fstorage.o
    0x00028996   0x00000018   Code   RO         3059    i.serial_number_string_encode  ble_dis.o
    0x000289ae   0x00000002   PAD
    0x000289b0   0x0000006c   Code   RO         1287    i.service_changed_pending_flags_check  gatt_cache_manager.o
    0x00028a1c   0x00000050   Code   RO         1439    i.service_changed_pending_set  gatts_cache_manager.o
    0x00028a6c   0x000000b8   Code   RO         1288    i.service_changed_send_in_evt  gatt_cache_manager.o
    0x00028b24   0x00000096   Code   RO          711    i.service_data_encode  ble_advdata.o
    0x00028bba   0x00000002   PAD
    0x00028bbc   0x00000050   Code   RO           22    i.services_init     main.o
    0x00028c0c   0x00000020   Code   RO          822    i.set_adv_mode_directed  ble_advertising.o
    0x00028c2c   0x0000002c   Code   RO          823    i.set_adv_mode_directed_slow  ble_advertising.o
    0x00028c58   0x00000060   Code   RO          824    i.set_adv_mode_fast  ble_advertising.o
    0x00028cb8   0x00000060   Code   RO          825    i.set_adv_mode_slow  ble_advertising.o
    0x00028d18   0x000000be   Code   RO         1210    i.set_security_req  ble_srv_common.o
    0x00028dd6   0x0000004c   Code   RO           23    i.sleep_mode_enter  main.o
    0x00028e22   0x00000002   PAD
    0x00028e24   0x00000018   Code   RO         2813    i.sm_ble_evt_handler  security_manager.o
    0x00028e3c   0x00000024   Code   RO         2814    i.sm_conn_sec_config_reply  security_manager.o
    0x00028e60   0x00000064   Code   RO         2815    i.sm_init           security_manager.o
    0x00028ec4   0x00000018   Code   RO         2817    i.sm_link_secure    security_manager.o
    0x00028edc   0x00000060   Code   RO         2818    i.sm_pdb_evt_handler  security_manager.o
    0x00028f3c   0x00000038   Code   RO         2820    i.sm_sec_params_set  security_manager.o
    0x00028f74   0x000000a4   Code   RO         2821    i.sm_smd_evt_handler  security_manager.o
    0x00029018   0x00000058   Code   RO         2672    i.smd_ble_evt_handler  security_dispatcher.o
    0x00029070   0x0000004c   Code   RO         2673    i.smd_init          security_dispatcher.o
    0x000290bc   0x00000038   Code   RO         2674    i.smd_link_secure   security_dispatcher.o
    0x000290f4   0x00000120   Code   RO         2675    i.smd_params_reply  security_dispatcher.o
    0x00029214   0x00000090   Code   RO         2822    i.smd_params_reply_perform  security_manager.o
    0x000292a4   0x00000034   Code   RO         2676    i.smd_pdb_evt_handler  security_dispatcher.o
    0x000292d8   0x00000018   Code   RO         5574    i.softdevice_ble_evt_handler_set  softdevice_handler.o
    0x000292f0   0x00000028   Code   RO         5575    i.softdevice_enable  softdevice_handler.o
    0x00029318   0x0000002c   Code   RO         5576    i.softdevice_enable_get_default_config  softdevice_handler.o
    0x00029344   0x00000014   Code   RO         5577    i.softdevice_fault_handler  softdevice_handler.o
    0x00029358   0x0000009c   Code   RO         5578    i.softdevice_handler_init  softdevice_handler.o
    0x000293f4   0x0000000c   Code   RO         5579    i.softdevice_handler_is_enabled  softdevice_handler.o
    0x00029400   0x00000018   Code   RO         5584    i.softdevice_sys_evt_handler_set  softdevice_handler.o
    0x00029418   0x00000018   Code   RO         3060    i.software_revision_string_encode  ble_dis.o
    0x00029430   0x0000009e   Code   RO         4146    i.spi_xfer          nrf_drv_spi.o
    0x000294ce   0x0000000e   Code   RO          712    i.srdata_check      ble_advdata.o
    0x000294dc   0x0000004c   Code   RO          650    i.startup_event_extract  bsp_btn_ble.o
    0x00029528   0x00000032   Code   RO         5214    i.store_execute     fstorage.o
    0x0002955a   0x00000012   Code   RO           24    i.sys_evt_dispatch  main.o
    0x0002956c   0x0000006c   Code   RO         3061    i.system_id_encode  ble_dis.o
    0x000295d8   0x0000000a   Code   RO         4496    i.ticks_diff_get    app_timer.o
    0x000295e2   0x00000002   PAD
    0x000295e4   0x00000038   Code   RO         4497    i.timeout_handler_exec  app_timer.o
    0x0002961c   0x00000054   Code   RO         4498    i.timer_list_handler  app_timer.o
    0x00029670   0x0000000a   Code   RO         4499    i.timer_list_handler_sched  app_timer.o
    0x0002967a   0x00000002   PAD
    0x0002967c   0x00000068   Code   RO         4500    i.timer_list_insert  app_timer.o
    0x000296e4   0x0000006c   Code   RO         4501    i.timer_list_remove  app_timer.o
    0x00029750   0x0000005e   Code   RO         4502    i.timer_start_op_schedule  app_timer.o
    0x000297ae   0x00000042   Code   RO         4503    i.timer_stop_op_schedule  app_timer.o
    0x000297f0   0x00000098   Code   RO         4504    i.timer_timeouts_check  app_timer.o
    0x00029888   0x0000000a   Code   RO         4505    i.timer_timeouts_check_sched  app_timer.o
    0x00029892   0x00000002   PAD
    0x00029894   0x0000002c   Code   RO           25    i.timers_init       main.o
    0x000298c0   0x0000006a   Code   RO         4147    i.transfer_byte     nrf_drv_spi.o
    0x0002992a   0x00000026   Code   RO         3881    i.tx_byte           nrf_drv_uart.o
    0x00029950   0x00000022   Code   RO         3882    i.tx_done_event     nrf_drv_uart.o
    0x00029972   0x00000036   Code   RO          713    i.tx_power_level_encode  ble_advdata.o
    0x000299a8   0x00000142   Code   RO         3883    i.uart_irq_handler  nrf_drv_uart.o
    0x00029aea   0x0000010c   Code   RO         3884    i.uarte_irq_handler  nrf_drv_uart.o
    0x00029bf6   0x0000000c   Code   RO         1211    i.uint16_decode     ble_srv_common.o
    0x00029c02   0x0000000c   Code   RO          714    i.uint16_encode     ble_advdata.o
    0x00029c0e   0x00000002   PAD
    0x00029c10   0x00000058   Code   RO         1289    i.update_pending_flags_check  gatt_cache_manager.o
    0x00029c68   0x00000090   Code   RO          959    i.update_timeout_handler  ble_conn_params.o
    0x00029cf8   0x00000014   Code   RO         1062    i.user_flag_acquire  ble_conn_state.o
    0x00029d0c   0x0000001c   Code   RO         1063    i.user_flag_is_acquired  ble_conn_state.o
    0x00029d28   0x0000003c   Code   RO         4506    i.user_op_alloc     app_timer.o
    0x00029d64   0x0000000c   Code   RO         4507    i.user_op_enque     app_timer.o
    0x00029d70   0x0000004e   Code   RO          715    i.uuid_list_encode  ble_advdata.o
    0x00029dbe   0x000000dc   Code   RO          716    i.uuid_list_sized_encode  ble_advdata.o
    0x00029e9a   0x0000000c   Code   RO         5719    i.vcom_timer_evt    ls013b7dh06.o
    0x00029ea6   0x00000002   PAD
    0x00029ea8   0x0000000c   Code   RO          826    i.whitelist_has_entries  ble_advertising.o
    0x00029eb4   0x00000038   Code   RO         2032    i.write_buf_length_words_set  peer_database.o
    0x00029eec   0x00000032   Code   RO         2033    i.write_buffer_record_find  peer_database.o
    0x00029f1e   0x00000002   PAD
    0x00029f20   0x00000030   Code   RO         2034    i.write_buffer_record_find_next  peer_database.o
    0x00029f50   0x0000000e   Code   RO         2035    i.write_buffer_record_find_unused  peer_database.o
    0x00029f5e   0x00000024   Code   RO         2036    i.write_buffer_record_get  peer_database.o
    0x00029f82   0x0000002e   Code   RO         2037    i.write_buffer_record_invalidate  peer_database.o
    0x00029fb0   0x00000028   Code   RO         2038    i.write_buffer_record_release  peer_database.o
    0x00029fd8   0x00000104   Code   RO         4844    i.write_enqueue     fds.o
    0x0002a0dc   0x000000b8   Code   RO         4845    i.write_execute     fds.o
    0x0002a194   0x0000001c   Code   RO         4846    i.write_space_free  fds.o
    0x0002a1b0   0x0000006c   Code   RO         4847    i.write_space_reserve  fds.o
    0x0002a21c   0x00000904   Data   RO           27    .constdata          main.o
    0x0002ab20   0x0000003c   Data   RO          529    .constdata          bsp.o
    0x0002ab5c   0x00000004   Data   RO          961    .constdata          ble_conn_params.o
    0x0002ab60   0x00000018   Data   RO         1440    .constdata          gatts_cache_manager.o
    0x0002ab78   0x00000008   Data   RO         1555    .constdata          id_manager.o
    0x0002ab80   0x00000004   Data   RO         1871    .constdata          peer_data_storage.o
    0x0002ab84   0x00000014   Data   RO         2040    .constdata          peer_database.o
    0x0002ab98   0x00000010   Data   RO         2330    .constdata          peer_manager.o
    0x0002aba8   0x00000044   Data   RO         2678    .constdata          security_dispatcher.o
    0x0002abec   0x00000004   Data   RO         2823    .constdata          security_manager.o
    0x0002abf0   0x00000010   Data   RO         3224    .constdata          ble_none_display.o
    0x0002ac00   0x00000008   Data   RO         4263    .constdata          app_button.o
    0x0002ac08   0x00000014   Data   RO         4849    .constdata          fds.o
    0x0002ac1c   0x00000023   Data   RO         5721    .constdata          ls013b7dh06.o
    0x0002ac3f   0x00000001   PAD
    0x0002ac40   0x00000020   Data   RO         5915    Region$$Table       anon$$obj.o


    Execution Region RW_IRAM1 (Base: 0x20002128, Size: 0x00005f30, Max: 0x0000ded8, ABSOLUTE, COMPRESSED[0x00000254])

    Base Addr    Size         Type   Attr      Idx    E Section Name        Object

    0x20002128   0x00000008   Data   RW           28    .data               main.o
    0x20002130   0x00000001   Data   RW          422    .data               service_if.o
    0x20002131   0x00000003   PAD
    0x20002134   0x00000019   Data   RW          530    .data               bsp.o
    0x2000214d   0x00000003   PAD
    0x20002150   0x00000008   Data   RW          651    .data               bsp_btn_ble.o
    0x20002158   0x0000001f   Data   RW          828    .data               ble_advertising.o
    0x20002177   0x00000001   PAD
    0x20002178   0x00000015   Data   RW          962    .data               ble_conn_params.o
    0x2000218d   0x00000003   PAD
    0x20002190   0x00000009   Data   RW         1290    .data               gatt_cache_manager.o
    0x20002199   0x00000003   PAD
    0x2000219c   0x0000000a   Data   RW         1441    .data               gatts_cache_manager.o
    0x200021a6   0x00000003   Data   RW         1556    .data               id_manager.o
    0x200021a9   0x00000003   PAD
    0x200021ac   0x0000000c   Data   RW         1872    .data               peer_data_storage.o
    0x200021b8   0x00000009   Data   RW         2041    .data               peer_database.o
    0x200021c1   0x00000003   PAD
    0x200021c4   0x00000011   Data   RW         2331    .data               peer_manager.o
    0x200021d5   0x00000004   Data   RW         2679    .data               security_dispatcher.o
    0x200021d9   0x00000003   PAD
    0x200021dc   0x00000013   Data   RW         2824    .data               security_manager.o
    0x200021ef   0x00000001   PAD
    0x200021f0   0x00000014   Data   RW         4264    .data               app_button.o
    0x20002204   0x00000022   Data   RW         4508    .data               app_timer.o
    0x20002226   0x00000002   PAD
    0x20002228   0x00000018   Data   RW         4850    .data               fds.o
    0x20002240   0x00000002   Data   RW         5216    .data               fstorage.o
    0x20002242   0x00000002   PAD
    0x20002244   0x00000018   Data   RW         5585    .data               softdevice_handler.o
    0x2000225c   0x00000408   Data   RW         5722    .data               ls013b7dh06.o
    0x20002664   0x00000004   Data   RW         5821    .data               system_nrf52.o
    0x20002668   0x00000010   Data   RW         4851    fs_data             fds.o
    0x20002678   0x00000118   Zero   RW           26    .bss                main.o
    0x20002790   0x0000008c   Zero   RW          421    .bss                service_if.o
    0x2000281c   0x0000006c   Zero   RW          528    .bss                bsp.o
    0x20002888   0x000000af   Zero   RW          827    .bss                ble_advertising.o
    0x20002937   0x00000001   PAD
    0x20002938   0x0000003c   Zero   RW          960    .bss                ble_conn_params.o
    0x20002974   0x00000034   Zero   RW         1064    .bss                ble_conn_state.o
    0x200029a8   0x00000070   Zero   RW         1554    .bss                id_manager.o
    0x20002a18   0x00000330   Zero   RW         2039    .bss                peer_database.o
    0x20002d48   0x00000040   Zero   RW         2205    .bss                peer_id.o
    0x20002d88   0x0000000c   Zero   RW         2329    .bss                peer_manager.o
    0x20002d94   0x00000040   Zero   RW         2677    .bss                security_dispatcher.o
    0x20002dd4   0x00000014   Zero   RW         3357    .bss                nrf_drv_clock.o
    0x20002de8   0x00000058   Zero   RW         3607    .bss                nrf_drv_gpiote.o
    0x20002e40   0x00000020   Zero   RW         3885    .bss                nrf_drv_uart.o
    0x20002e60   0x00000020   Zero   RW         4148    .bss                nrf_drv_spi.o
    0x20002e80   0x00000020   Zero   RW         4262    .bss                app_button.o
    0x20002ea0   0x0000000c   Zero   RW         4701    .bss                app_util_platform.o
    0x20002eac   0x0000011c   Zero   RW         4848    .bss                fds.o
    0x20002fc8   0x00000068   Zero   RW         5215    .bss                fstorage.o
    0x20003030   0x00003026   Zero   RW         5720    .bss                ls013b7dh06.o
    0x20006056   0x00000002   PAD
    0x20006058   0x00002000   Zero   RW         5801    STACK               arm_startup_nrf52.o



  Load Region LR_IROM2 (Base: 0x0007f800, Size: 0x00000000, Max: 0x00000800, ABSOLUTE)

    Execution Region ER_IROM2 (Base: 0x0007f800, Size: 0x00000000, Max: 0x00000800, ABSOLUTE)

    **** No section assigned to this execution region ****


==============================================================================

Image component sizes


      Code (inc. data)   RO Data    RW Data    ZI Data      Debug   Object Name

       480         80          8         20         32      10178   app_button.o
        28          0          0          0          0       2257   app_error.o
        68          8          0          0          0      27453   app_error_weak.o
      2320        264          0         34          0      58439   app_timer.o
       200         24          0          0         12      10406   app_util_platform.o
        36          8       1024          0       8192        924   arm_startup_nrf52.o
      1818          0          0          0          0      22224   ble_advdata.o
      1520        242          0         31        175      25869   ble_advertising.o
       440          0          0          0          0       9576   ble_bas.o
       706        120          4         21         60       9076   ble_conn_params.o
       664         72          0          0         52      14942   ble_conn_state.o
      1376          0          0          0          0      22260   ble_dis.o
      1052          4         16          0          0      14798   ble_none_display.o
       694          6          0          0          0       8839   ble_srv_common.o
      2206        182         60         25        108      20777   bsp.o
       448         18          0          8          0       6581   bsp_btn_ble.o
      4840        434         20         40        284      57650   fds.o
      1280         82          0          2        104      15107   fstorage.o
      1388         96          0          9          0      24988   gatt_cache_manager.o
       686         46         24         10          0      11779   gatts_cache_manager.o
      1360         72          8          3        112      21095   id_manager.o
       978        114         35       1032      12326      10488   ls013b7dh06.o
      2098        124       2308          8        280     127242   main.o
       746          0          0          0          0       8360   nrf_ble_qwr.o
       318         32          0          0         20      17760   nrf_drv_clock.o
        96         12          0          0          0      29055   nrf_drv_common.o
      1718        164          0          0         88      32294   nrf_drv_gpiote.o
       956         42          0          0         32      19464   nrf_drv_spi.o
       910          8          0          0         32      25578   nrf_drv_uart.o
         0          0          0          0          0       2372   peer_data.o
      1408         50          4         12          0      20676   peer_data_storage.o
      1858         70         20          9        816      26076   peer_database.o
       420         44          0          0         64       9771   peer_id.o
      2218        208         16         17         12      22228   peer_manager.o
       264          0          0          0          0       4367   pm_buffer.o
       244          0          0          0          0       5537   pm_mutex.o
       310          0          0          0          0       6424   sdk_mapped_flags.o
      2182        100         68          4         64      24080   security_dispatcher.o
      1586        168          4         19          0      19077   security_manager.o
       384         64          0          1        140      61158   service_if.o
       794         98          0         24          0      42308   softdevice_handler.o
      1096        112          0          4          0       6691   system_nrf52.o

    ----------------------------------------------------------------------
     44284       3168       3652       1360      23008     916224   Object Totals
         0          0         32          0          0          0   (incl. Generated)
        90          0          1         27          3          0   (incl. Padding)

    ----------------------------------------------------------------------

      Code (inc. data)   RO Data    RW Data    ZI Data      Debug   Library Member Name

        86          0          0          0          0          0   __dczerorl2.o
         0          0          0          0          0          0   entry.o
         0          0          0          0          0          0   entry10a.o
         0          0          0          0          0          0   entry11a.o
         8          4          0          0          0          0   entry2.o
         4          0          0          0          0          0   entry5.o
         0          0          0          0          0          0   entry7b.o
         0          0          0          0          0          0   entry8b.o
         8          4          0          0          0          0   entry9a.o
        30          0          0          0          0          0   handlers.o
        36          8          0          0          0         68   init.o
        26          0          0          0          0         80   memcmp.o
        36          0          0          0          0         68   memcpya.o
        36          0          0          0          0        108   memseta.o
        14          0          0          0          0         68   strlen.o

    ----------------------------------------------------------------------
       288         16          0          0          0        392   Library Totals
         4          0          0          0          0          0   (incl. Padding)

    ----------------------------------------------------------------------

      Code (inc. data)   RO Data    RW Data    ZI Data      Debug   Library Name

       284         16          0          0          0        392   mc_w.l

    ----------------------------------------------------------------------
       288         16          0          0          0        392   Library Totals

    ----------------------------------------------------------------------

==============================================================================


      Code (inc. data)   RO Data    RW Data    ZI Data      Debug   

     44572       3184       3652       1360      23008     860396   Grand Totals
     44572       3184       3652        596      23008     860396   ELF Image Totals (compressed)
     44572       3184       3652        596          0          0   ROM Totals

==============================================================================

    Total RO  Size (Code + RO Data)                48224 (  47.09kB)
    Total RW  Size (RW Data + ZI Data)             24368 (  23.80kB)
    Total ROM Size (Code + RO Data + RW Data)      48820 (  47.68kB)

==============================================================================

