Component: ARM Compiler 5.06 update 3 (build 300) Tool: armlink [4d35c9]

==============================================================================

Section Cross References

    main.o(i.SysTick_Handler) refers to main.o(.data) for m_msTick
    main.o(i.advertising_init) refers to memseta.o(.text) for __aeabi_memclr4
    main.o(i.advertising_init) refers to ble_advertising.o(i.ble_advertising_init) for ble_advertising_init
    main.o(i.advertising_init) refers to app_error.o(i.app_error_handler_bare) for app_error_handler_bare
    main.o(i.advertising_init) refers to main.o(.data) for m_adv_uuids
    main.o(i.advertising_init) refers to main.o(i.on_adv_evt) for on_adv_evt
    main.o(i.application_timers_start) refers to app_timer.o(i.app_timer_start) for app_timer_start
    main.o(i.application_timers_start) refers to main.o(.constdata) for m_ui_update_id
    main.o(i.assert_nrf_callback) refers to app_error.o(i.app_error_handler) for app_error_handler
    main.o(i.ble_evt_dispatch) refers to ble_conn_state.o(i.ble_conn_state_on_ble_evt) for ble_conn_state_on_ble_evt
    main.o(i.ble_evt_dispatch) refers to peer_manager.o(i.pm_on_ble_evt) for pm_on_ble_evt
    main.o(i.ble_evt_dispatch) refers to ble_conn_params.o(i.ble_conn_params_on_ble_evt) for ble_conn_params_on_ble_evt
    main.o(i.ble_evt_dispatch) refers to bsp_btn_ble.o(i.bsp_btn_ble_on_ble_evt) for bsp_btn_ble_on_ble_evt
    main.o(i.ble_evt_dispatch) refers to ble_advertising.o(i.ble_advertising_on_ble_evt) for ble_advertising_on_ble_evt
    main.o(i.ble_evt_dispatch) refers to main.o(i.on_ble_evt) for on_ble_evt
    main.o(i.ble_evt_dispatch) refers to service_if.o(i.bluetooth_on_ble_evt) for bluetooth_on_ble_evt
    main.o(i.ble_evt_dispatch) refers to nrf_ble_qwr.o(i.nrf_ble_qwr_on_ble_evt) for nrf_ble_qwr_on_ble_evt
    main.o(i.ble_evt_dispatch) refers to main.o(.bss) for m_qwr
    main.o(i.ble_stack_init) refers to softdevice_handler.o(i.softdevice_handler_init) for softdevice_handler_init
    main.o(i.ble_stack_init) refers to app_error.o(i.app_error_handler_bare) for app_error_handler_bare
    main.o(i.ble_stack_init) refers to softdevice_handler.o(i.softdevice_enable_get_default_config) for softdevice_enable_get_default_config
    main.o(i.ble_stack_init) refers to softdevice_handler.o(i.softdevice_enable) for softdevice_enable
    main.o(i.ble_stack_init) refers to softdevice_handler.o(i.softdevice_ble_evt_handler_set) for softdevice_ble_evt_handler_set
    main.o(i.ble_stack_init) refers to softdevice_handler.o(i.softdevice_sys_evt_handler_set) for softdevice_sys_evt_handler_set
    main.o(i.ble_stack_init) refers to main.o(.constdata) for .constdata
    main.o(i.ble_stack_init) refers to main.o(.bss) for BLE_EVT_BUFFER
    main.o(i.ble_stack_init) refers to main.o(i.ble_evt_dispatch) for ble_evt_dispatch
    main.o(i.ble_stack_init) refers to main.o(i.sys_evt_dispatch) for sys_evt_dispatch
    main.o(i.bsp_event_handler) refers to main.o(i.sleep_mode_enter) for sleep_mode_enter
    main.o(i.bsp_event_handler) refers to app_error.o(i.app_error_handler_bare) for app_error_handler_bare
    main.o(i.bsp_event_handler) refers to ble_advertising.o(i.ble_advertising_restart_without_whitelist) for ble_advertising_restart_without_whitelist
    main.o(i.bsp_event_handler) refers to main.o(.data) for m_conn_handle
    main.o(i.buttons_leds_init) refers to bsp.o(i.bsp_init) for bsp_init
    main.o(i.buttons_leds_init) refers to app_error.o(i.app_error_handler_bare) for app_error_handler_bare
    main.o(i.buttons_leds_init) refers to bsp_btn_ble.o(i.bsp_btn_ble_init) for bsp_btn_ble_init
    main.o(i.buttons_leds_init) refers to main.o(i.bsp_event_handler) for bsp_event_handler
    main.o(i.conn_params_error_handler) refers to app_error.o(i.app_error_handler_bare) for app_error_handler_bare
    main.o(i.conn_params_init) refers to memseta.o(.text) for __aeabi_memclr4
    main.o(i.conn_params_init) refers to ble_conn_params.o(i.ble_conn_params_init) for ble_conn_params_init
    main.o(i.conn_params_init) refers to app_error.o(i.app_error_handler_bare) for app_error_handler_bare
    main.o(i.conn_params_init) refers to main.o(i.on_conn_params_evt) for on_conn_params_evt
    main.o(i.conn_params_init) refers to main.o(i.conn_params_error_handler) for conn_params_error_handler
    main.o(i.createWidgets) refers to gfx_mk.o(i.gwinGImageCreate) for gwinGImageCreate
    main.o(i.createWidgets) refers to gfx_mk.o(i.gfileOpen) for gfileOpen
    main.o(i.createWidgets) refers to gfx_mk.o(i.gwinImageOpenGFile) for gwinImageOpenGFile
    main.o(i.createWidgets) refers to gfx_mk.o(i.gwinGLabelCreate) for gwinGLabelCreate
    main.o(i.createWidgets) refers to gfx_mk.o(.data) for GDISP
    main.o(i.createWidgets) refers to main.o(.data) for ghImageBPM
    main.o(i.gap_params_init) refers to app_error.o(i.app_error_handler_bare) for app_error_handler_bare
    main.o(i.gfxMillisecondsToTicks) refers to main.o(.data) for m_msTick
[...]
    sm_pdb_evt_handler                       0x0002ca95   Thumb Code    80  security_manager.o(i.sm_pdb_evt_handler)
    sm_sec_params_set                        0x0002caf5   Thumb Code    46  security_manager.o(i.sm_sec_params_set)
    sm_smd_evt_handler                       0x0002cb2d   Thumb Code   156  security_manager.o(i.sm_smd_evt_handler)
    smd_ble_evt_handler                      0x0002cbd1   Thumb Code    88  security_dispatcher.o(i.smd_ble_evt_handler)
    smd_init                                 0x0002cc29   Thumb Code    58  security_dispatcher.o(i.smd_init)
    smd_link_secure                          0x0002cc75   Thumb Code    56  security_dispatcher.o(i.smd_link_secure)
    smd_params_reply                         0x0002ccad   Thumb Code   284  security_dispatcher.o(i.smd_params_reply)
    smd_pdb_evt_handler                      0x0002ce5d   Thumb Code    48  security_dispatcher.o(i.smd_pdb_evt_handler)
    softdevice_ble_evt_handler_set           0x0002ce91   Thumb Code    20  softdevice_handler.o(i.softdevice_ble_evt_handler_set)
    softdevice_enable                        0x0002cea9   Thumb Code    34  softdevice_handler.o(i.softdevice_enable)
    softdevice_enable_get_default_config     0x0002ced1   Thumb Code    44  softdevice_handler.o(i.softdevice_enable_get_default_config)
    softdevice_fault_handler                 0x0002cefd   Thumb Code    20  softdevice_handler.o(i.softdevice_fault_handler)
    softdevice_handler_init                  0x0002cf11   Thumb Code   134  softdevice_handler.o(i.softdevice_handler_init)
    softdevice_handler_is_enabled            0x0002cfad   Thumb Code     6  softdevice_handler.o(i.softdevice_handler_is_enabled)
    softdevice_sys_evt_handler_set           0x0002cfb9   Thumb Code    20  softdevice_handler.o(i.softdevice_sys_evt_handler_set)
    ui_handler                               0x0002d871   Thumb Code    92  main.o(i.ui_handler)
    vcom_timer_evt                           0x0002db87   Thumb Code    12  ls013b7dh06.o(i.vcom_timer_evt)
    mf_rlefont_DejaVuSans20                  0x0002ebe4   Data          48  gfx_mk.o(.constdata)
    mf_bwfont_Audiowide_Regular25            0x00030a3c   Data          36  gfx_mk.o(.constdata)
    WhiteWidgetStyle                         0x00030a7c   Data          14  gfx_mk.o(.constdata)
    BlackWidgetStyle                         0x00030a8a   Data          14  gfx_mk.o(.constdata)
    GNullWindowManager                       0x00030abc   Data           4  gfx_mk.o(.constdata)
    FsROMVMT                                 0x00030d14   Data          60  gfx_mk.o(.constdata)
    GDISPVMT_OnlyOne                         0x00030d50   Data          96  gdisp_lld_framebuffer.o(.constdata)
    Region$$Table$$Base                      0x00030e3c   Number         0  anon$$obj.o(Region$$Table)
    Region$$Table$$Limit                     0x00030e5c   Number         0  anon$$obj.o(Region$$Table)
    Image$$RW_IRAM1$$Base                    0x20002128   Number         0  anon$$obj.o ABSOLUTE
    toggle                                   0x20002128   Data           1  main.o(.data)
    font                                     0x2000212c   Data           4  main.o(.data)
    tmp                                      0x20002134   Data           4  main.o(.data)
    m_msTick                                 0x20002154   Data           4  main.o(.data)
    m_dis_ieee_11073_20601_regulatory_certification_data_list_initial_value_data_arr 0x2000215c   Data           1  service_if.o(.data)
    m_disp_state                             0x20002288   Data           1  ls013b7dh06.o(.data)
    m_length                                 0x20002289   Data           1  ls013b7dh06.o(.data)
    m_line_number                            0x2000228a   Data           1  ls013b7dh06.o(.data)
    m_line_number_end                        0x2000228b   Data           1  ls013b7dh06.o(.data)
    m_fb                                     0x2000228c   Data           4  ls013b7dh06.o(.data)
    GDISP                                    0x200022c4   Data           4  gfx_mk.o(.data)
    _GWINwm                                  0x20002300   Data           4  gfx_mk.o(.data)
    _gwinFlashState                          0x20002304   Data           1  gfx_mk.o(.data)
    gfileStdIn                               0x2000231c   Data           4  gfx_mk.o(.data)
    gfileStdOut                              0x20002320   Data           4  gfx_mk.o(.data)
    gfileStdErr                              0x20002324   Data           4  gfx_mk.o(.data)
    SystemCoreClock                          0x2000232c   Data           4  system_nrf52.o(.data)
    __microlib_freelist                      0x20002330   Data           4  mvars.o(.data)
    __microlib_freelist_initialised          0x20002334   Data           4  mvars.o(.data)
    fs_data$$Base                            0x20002338   Number         0  fds.o(fs_data)
    fs_data$$Limit                           0x20002348   Number         0  fds.o(fs_data)
    m_batt                                   0x200023ac   Data          10  main.o(.bss)
    nrf_nvic_state                           0x20002b90   Data          12  app_util_platform.o(.bss)
    m_tx_buf                                 0x20002d40   Data          51  ls013b7dh06.o(.bss)
    m_rx_buf                                 0x20002d73   Data          51  ls013b7dh06.o(.bss)
    fb                                       0x20002da6   Data        6144  ls013b7dh06.o(.bss)
    __heap_base                              0x200050c0   Data           0  arm_startup_nrf52.o(HEAP)
    __heap_limit                             0x200050c0   Data           0  arm_startup_nrf52.o(HEAP)
    __initial_sp                             0x200070c0   Data           0  arm_startup_nrf52.o(STACK)



==============================================================================

Memory Map of the image

  Image Entry point : 0x0001f401

  Load Region LR_IROM1 (Base: 0x0001f000, Size: 0x0001207c, Max: 0x00060800, ABSOLUTE, COMPRESSED[0x00011ea8])

    Execution Region ER_IROM1 (Base: 0x0001f000, Size: 0x00011e5c, Max: 0x00060800, ABSOLUTE)

    Base Addr    Size         Type   Attr      Idx    E Section Name        Object

    0x0001f000   0x00000400   Data   RO         8386    RESET               arm_startup_nrf52.o
    0x0001f400   0x00000000   Code   RO         8467  * .ARM.Collect$$$$00000000  mc_w.l(entry.o)
    0x0001f400   0x00000004   Code   RO         8775    .ARM.Collect$$$$00000001  mc_w.l(entry2.o)
    0x0001f404   0x00000004   Code   RO         8778    .ARM.Collect$$$$00000004  mc_w.l(entry5.o)
    0x0001f408   0x00000000   Code   RO         8780    .ARM.Collect$$$$00000008  mc_w.l(entry7b.o)
    0x0001f408   0x00000000   Code   RO         8782    .ARM.Collect$$$$0000000A  mc_w.l(entry8b.o)
    0x0001f408   0x00000008   Code   RO         8783    .ARM.Collect$$$$0000000B  mc_w.l(entry9a.o)
    0x0001f410   0x00000000   Code   RO         8785    .ARM.Collect$$$$0000000D  mc_w.l(entry10a.o)
    0x0001f410   0x00000000   Code   RO         8787    .ARM.Collect$$$$0000000F  mc_w.l(entry11a.o)
    0x0001f410   0x00000004   Code   RO         8776    .ARM.Collect$$$$00002712  mc_w.l(entry2.o)
    0x0001f414   0x00000024   Code   RO         8387    .text               arm_startup_nrf52.o
    0x0001f438   0x00000024   Code   RO         8470    .text               mc_w.l(memcpya.o)
    0x0001f45c   0x00000024   Code   RO         8472    .text               mc_w.l(memseta.o)
    0x0001f480   0x0000000e   Code   RO         8474    .text               mc_w.l(strlen.o)
    0x0001f48e   0x0000001c   Code   RO         8476    .text               mc_w.l(strcmp.o)
    0x0001f4aa   0x0000001a   Code   RO         8478    .text               mc_w.l(memcmp.o)
    0x0001f4c4   0x00000012   Code   RO         8480    .text               mc_w.l(strcpy.o)
    0x0001f4d6   0x0000003e   Code   RO         8773    .text               mf_w.l(setjmp.o)
    0x0001f514   0x0000002c   Code   RO         8792    .text               mc_w.l(uidiv.o)
    0x0001f540   0x00000024   Code   RO         8809    .text               mc_w.l(init.o)
    0x0001f564   0x00000056   Code   RO         8829    .text               mc_w.l(__dczerorl2.o)
    0x0001f5ba   0x00000002   PAD
    0x0001f5bc   0x000001bc   Code   RO         3760    i.GPIOTE_IRQHandler  nrf_drv_gpiote.o
    0x0001f778   0x00000018   Code   RO         6012    i.ImageDestroy      gfx_mk.o
    0x0001f790   0x00000152   Code   RO         6013    i.ImageRedraw       gfx_mk.o
    0x0001f8e2   0x00000002   PAD
    0x0001f8e4   0x00000018   Code   RO         4668    i.NVIC_ClearPendingIRQ  app_timer.o
    0x0001f8fc   0x00000018   Code   RO         5763    i.NVIC_DisableIRQ   softdevice_handler.o
    0x0001f914   0x00000016   Code   RO         4669    i.NVIC_EnableIRQ    app_timer.o
    0x0001f92a   0x00000016   Code   RO         5764    i.NVIC_EnableIRQ    softdevice_handler.o
    0x0001f940   0x00000018   Code   RO         4670    i.NVIC_SetPendingIRQ  app_timer.o
    0x0001f958   0x00000028   Code   RO         4671    i.NVIC_SetPriority  app_timer.o
    0x0001f980   0x00000050   Code   RO         3524    i.POWER_CLOCK_IRQHandler  nrf_drv_clock.o
    0x0001f9d0   0x00000016   Code   RO         6014    i.Qadd              gfx_mk.o
    0x0001f9e6   0x00000008   Code   RO         6015    i.Qinit             gfx_mk.o
    0x0001f9ee   0x00000014   Code   RO         6016    i.Qpop              gfx_mk.o
    0x0001fa02   0x00000002   Code   RO         6017    i.ROMClose          gfx_mk.o
    0x0001fa04   0x00000014   Code   RO         6018    i.ROMEof            gfx_mk.o
    0x0001fa18   0x00000014   Code   RO         6019    i.ROMExists         gfx_mk.o
    0x0001fa2c   0x00000016   Code   RO         6020    i.ROMFilesize       gfx_mk.o
    0x0001fa42   0x00000002   PAD
    0x0001fa44   0x00000030   Code   RO         6021    i.ROMFindFile       gfx_mk.o
    0x0001fa74   0x00000008   Code   RO         6022    i.ROMGetsize        gfx_mk.o
    0x0001fa7c   0x00000018   Code   RO         6023    i.ROMOpen           gfx_mk.o
    0x0001fa94   0x00000038   Code   RO         6024    i.ROMRead           gfx_mk.o
    0x0001facc   0x00000012   Code   RO         6025    i.ROMSetpos         gfx_mk.o
    0x0001fade   0x00000002   PAD
    0x0001fae0   0x00000034   Code   RO         4672    i.RTC1_IRQHandler   app_timer.o
    0x0001fb14   0x00000018   Code   RO         4327    i.SPIM0_SPIS0_TWIM0_TWIS0_SPI0_TWI0_IRQHandler  nrf_drv_spi.o
    0x0001fb2c   0x00000008   Code   RO         4673    i.SWI0_EGU0_IRQHandler  app_timer.o
    0x0001fb34   0x00000030   Code   RO         5765    i.SWI2_EGU2_IRQHandler  softdevice_handler.o
    0x0001fb64   0x00000010   Code   RO            4    i.SysTick_Handler   main.o
    0x0001fb74   0x00000010   Code   RO         8394    i.SystemCoreClockUpdate  system_nrf52.o
    0x0001fb84   0x0000024c   Code   RO         8395    i.SystemInit        system_nrf52.o
    0x0001fdd0   0x00000024   Code   RO         4031    i.UARTE0_UART0_IRQHandler  nrf_drv_uart.o
    0x0001fdf4   0x00000040   Code   RO         6026    i.WM_Add            gfx_mk.o
    0x0001fe34   0x00000002   Code   RO         6027    i.WM_DeInit         gfx_mk.o
    0x0001fe36   0x00000002   PAD
    0x0001fe38   0x00000014   Code   RO         6028    i.WM_Delete         gfx_mk.o
    0x0001fe4c   0x00000002   Code   RO         6029    i.WM_Init           gfx_mk.o
    0x0001fe4e   0x00000002   Code   RO         6030    i.WM_MinMax         gfx_mk.o
    0x0001fe50   0x000000d6   Code   RO         6031    i.WM_Move           gfx_mk.o
    0x0001ff26   0x00000002   PAD
    0x0001ff28   0x00000020   Code   RO         6032    i.WM_Raise          gfx_mk.o
    0x0001ff48   0x00000138   Code   RO         6033    i.WM_Redraw         gfx_mk.o
    0x00020080   0x000000a2   Code   RO         6034    i.WM_Size           gfx_mk.o
    0x00020122   0x00000002   PAD
    0x00020124   0x00000028   Code   RO         8531    i.__0sprintf$1      mc_w.l(printf1.o)
    0x0002014c   0x0000005c   Code   RO         8749    i.__free$realloc    mc_w.l(mallocr.o)
    0x000201a8   0x00000050   Code   RO         8750    i.__malloc$realloc  mc_w.l(mallocr.o)
    0x000201f8   0x0000000e   Code   RO         8823    i.__scatterload_copy  mc_w.l(handlers.o)
    0x00020206   0x00000002   Code   RO         8824    i.__scatterload_null  mc_w.l(handlers.o)
    0x00020208   0x0000000e   Code   RO         8825    i.__scatterload_zeroinit  mc_w.l(handlers.o)
    0x00020216   0x00000002   PAD
    0x00020218   0x00000038   Code   RO         5766    i.__sd_nvic_app_accessible_irq  softdevice_handler.o
    0x00020250   0x0000000c   Code   RO         4891    i.__sd_nvic_irq_disable  app_util_platform.o
    0x0002025c   0x00000020   Code   RO         6035    i._gdispDeInitDriver  gfx_mk.o
    0x0002027c   0x0000001c   Code   RO         6037    i._gdispInit        gfx_mk.o
    0x00020298   0x0000003c   Code   RO         6038    i._gdispInitDriver  gfx_mk.o
    0x000202d4   0x00000038   Code   RO         6039    i._gdispPostInitDriver  gfx_mk.o
    0x0002030c   0x00000002   Code   RO         6041    i._gdriverInit      gfx_mk.o
    0x0002030e   0x00000002   PAD
    0x00020310   0x00000010   Code   RO         6043    i._geventInit       gfx_mk.o
    0x00020320   0x000000f8   Code   RO         6045    i._gfileFindSlot    gfx_mk.o
    0x00020418   0x00000002   Code   RO         6046    i._gfileInit        gfx_mk.o
    0x0002041a   0x00000002   PAD
    0x0002041c   0x000000ac   Code   RO         6047    i._gfxAdjustCxt     gfx_mk.o
    0x000204c8   0x0000001c   Code   RO         6048    i._gfxGetStackState  gfx_mk.o
    0x000204e4   0x00000020   Code   RO         6049    i._gfxGetStackStateInFn  gfx_mk.o
    0x00020504   0x00000100   Code   RO         6050    i._gfxThreadsInit   gfx_mk.o
    0x00020604   0x0000004c   Code   RO         6051    i._gfxXSwitch       gfx_mk.o
    0x00020650   0x00000002   Code   RO         6053    i._ginputInit       gfx_mk.o
    0x00020652   0x00000002   Code   RO         6055    i._gosHeapInit      gfx_mk.o
    0x00020654   0x0000000c   Code   RO         6056    i._gosInit          gfx_mk.o
    0x00020660   0x00000034   Code   RO         6057    i._gosThreadsInit   gfx_mk.o
    0x00020694   0x00000002   Code   RO         6059    i._gqueueInit       gfx_mk.o
    0x00020696   0x00000002   PAD
    0x00020698   0x0000002c   Code   RO         6061    i._gtimerInit       gfx_mk.o
    0x000206c4   0x00000058   Code   RO         6062    i._gwidgetCreate    gfx_mk.o
    0x0002071c   0x0000002a   Code   RO         6064    i._gwidgetDestroy   gfx_mk.o
    0x00020746   0x00000002   PAD
    0x00020748   0x0000001c   Code   RO         6065    i._gwidgetInit      gfx_mk.o
    0x00020764   0x0000001a   Code   RO         6066    i._gwidgetRedraw    gfx_mk.o
    0x0002077e   0x00000002   PAD
    0x00020780   0x0000014c   Code   RO         6071    i._gwinFlushRedraws  gfx_mk.o
    0x000208cc   0x0000000c   Code   RO         6072    i._gwinInit         gfx_mk.o
    0x000208d8   0x00000030   Code   RO         6074    i._gwinUpdate       gfx_mk.o
    0x00020908   0x00000024   Code   RO         6075    i._gwinWMAdd        gfx_mk.o
    0x0002092c   0x00000084   Code   RO         6076    i._gwindowCreate    gfx_mk.o
    0x000209b0   0x00000034   Code   RO         6078    i._gwmInit          gfx_mk.o
    0x000209e4   0x00000154   Code   RO         8536    i._printf_core      mc_w.l(printf1.o)
    0x00020b38   0x0000000a   Code   RO         8538    i._sputc            mc_w.l(printf1.o)
    0x00020b42   0x00000032   Code   RO         1720    i.addr_compare      id_manager.o
    0x00020b74   0x00000018   Code   RO         1004    i.addr_is_valid     ble_advertising.o
    0x00020b8c   0x0000002c   Code   RO         4968    i.address_is_valid  fds.o
    0x00020bb8   0x0000016c   Code   RO          897    i.adv_data_encode   ble_advdata.o
    0x00020d24   0x00000060   Code   RO         1005    i.adv_mode_next_avail_get  ble_advertising.o
    0x00020d84   0x00000012   Code   RO         1006    i.adv_mode_next_get  ble_advertising.o
    0x00020d96   0x00000012   Code   RO          898    i.advdata_check     ble_advdata.o
    0x00020da8   0x00000054   Code   RO          841    i.advertising_buttons_configure  bsp_btn_ble.o
    0x00020dfc   0x00000070   Code   RO            5    i.advertising_init  main.o
    0x00020e6c   0x00000056   Code   RO         1721    i.ah                id_manager.o
    0x00020ec2   0x00000002   PAD
    0x00020ec4   0x00000024   Code   RO          709    i.alert_timer_handler  bsp.o
    0x00020ee8   0x0000002c   Code   RO         4453    i.app_button_enable  app_button.o
    0x00020f14   0x000000a8   Code   RO         4454    i.app_button_init   app_button.o
    0x00020fbc   0x00000044   Code   RO         4557    i.app_error_fault_handler  app_error_weak.o
    0x00021000   0x0000001c   Code   RO         4518    i.app_error_handler_bare  app_error.o
    0x0002101c   0x0000003c   Code   RO         4676    i.app_timer_create  app_timer.o
    0x00021058   0x0000008c   Code   RO         4677    i.app_timer_init    app_timer.o
    0x000210e4   0x00000054   Code   RO         4678    i.app_timer_start   app_timer.o
    0x00021138   0x00000030   Code   RO         4679    i.app_timer_stop    app_timer.o
    0x00021168   0x0000000c   Code   RO         4892    i.app_util_critical_region_enter  app_util_platform.o
    0x00021174   0x00000048   Code   RO         4893    i.app_util_critical_region_exit  app_util_platform.o
    0x000211bc   0x00000052   Code   RO          899    i.appearance_encode  ble_advdata.o
    0x0002120e   0x00000002   PAD
    0x00021210   0x00000018   Code   RO            6    i.application_timers_start  main.o
    0x00021228   0x00000058   Code   RO         1468    i.apply_pending_flags_check  gatt_cache_manager.o
    0x00021280   0x00000014   Code   RO         2849    i.auth_status_failure_process  security_dispatcher.o
    0x00021294   0x0000001c   Code   RO         2850    i.auth_status_process  security_dispatcher.o
    0x000212b0   0x000000bc   Code   RO         2851    i.auth_status_success_process  security_dispatcher.o
    0x0002136c   0x00000010   Code   RO         3135    i.battery_level_encode  ble_bas.o
    0x0002137c   0x00000014   Code   RO         3231    i.bds_ble_srv_utf8_str_encode  ble_dis.o
    0x00021390   0x00000012   Code   RO         3401    i.bds_uint16_decode  ble_none_display.o
    0x000213a2   0x00000010   Code   RO         3232    i.bds_uint16_encode  ble_dis.o
    0x000213b2   0x00000010   Code   RO         3402    i.bds_uint16_encode  ble_none_display.o
    0x000213c2   0x0000001e   Code   RO         3403    i.bds_uint32_decode  ble_none_display.o
    0x000213e0   0x0000001c   Code   RO         3404    i.bds_uint32_encode  ble_none_display.o
    0x000213fc   0x00000094   Code   RO          900    i.ble_advdata_set   ble_advdata.o
    0x00021490   0x00000174   Code   RO         1007    i.ble_advertising_init  ble_advertising.o
    0x00021604   0x00000032   Code   RO         1008    i.ble_advertising_on_ble_evt  ble_advertising.o
    0x00021636   0x00000002   PAD
    0x00021638   0x0000004c   Code   RO         1009    i.ble_advertising_on_sys_evt  ble_advertising.o
    0x00021684   0x00000058   Code   RO         1011    i.ble_advertising_restart_without_whitelist  ble_advertising.o
    0x000216dc   0x00000168   Code   RO         1012    i.ble_advertising_start  ble_advertising.o
    0x00021844   0x00000030   Code   RO         3138    i.ble_bas_battery_level_set  ble_bas.o
    0x00021874   0x000000de   Code   RO         3140    i.ble_bas_init      ble_bas.o
    0x00021952   0x00000048   Code   RO         3141    i.ble_bas_on_ble_evt  ble_bas.o
    0x0002199a   0x00000002   PAD
    0x0002199c   0x00000070   Code   RO         1146    i.ble_conn_params_init  ble_conn_params.o
    0x00021a0c   0x0000003e   Code   RO         1147    i.ble_conn_params_on_ble_evt  ble_conn_params.o
    0x00021a4a   0x00000002   PAD
    0x00021a4c   0x00000018   Code   RO         1238    i.ble_conn_state_conn_handles  ble_conn_state.o
    0x00021a64   0x00000018   Code   RO         1239    i.ble_conn_state_encrypted  ble_conn_state.o
    0x00021a7c   0x00000018   Code   RO         1241    i.ble_conn_state_mitm_protected  ble_conn_state.o
    0x00021a94   0x0000009c   Code   RO         1245    i.ble_conn_state_on_ble_evt  ble_conn_state.o
    0x00021b30   0x00000038   Code   RO         1247    i.ble_conn_state_role  ble_conn_state.o
    0x00021b68   0x00000024   Code   RO         1249    i.ble_conn_state_user_flag_acquire  ble_conn_state.o
    0x00021b8c   0x0000001c   Code   RO         1250    i.ble_conn_state_user_flag_collection  ble_conn_state.o
    0x00021ba8   0x00000024   Code   RO         1251    i.ble_conn_state_user_flag_get  ble_conn_state.o
    0x00021bcc   0x00000024   Code   RO         1252    i.ble_conn_state_user_flag_set  ble_conn_state.o
    0x00021bf0   0x00000076   Code   RO          901    i.ble_device_addr_encode  ble_advdata.o
    0x00021c66   0x0000036e   Code   RO         3236    i.ble_dis_init      ble_dis.o
    0x00021fd4   0x00000048   Code   RO         3239    i.ble_dis_on_ble_evt  ble_dis.o
    0x0002201c   0x0000003c   Code   RO            8    i.ble_evt_dispatch  main.o
    0x00022058   0x000001b4   Code   RO         3408    i.ble_none_display_init  ble_none_display.o
    0x0002220c   0x00000048   Code   RO         3410    i.ble_none_display_on_ble_evt  ble_none_display.o
    0x00022254   0x00000012   Code   RO         1400    i.ble_srv_ascii_to_utf8  ble_srv_common.o
    0x00022266   0x00000012   Code   RO         1402    i.ble_srv_is_notification_enabled  ble_srv_common.o
    0x00022278   0x000000b4   Code   RO            9    i.ble_stack_init    main.o
    0x0002232c   0x00000114   Code   RO          607    i.bluetooth_init    service_if.o
    0x00022440   0x0000002c   Code   RO          608    i.bluetooth_on_ble_evt  service_if.o
    0x0002246c   0x0000000a   Code   RO         8297    i.board_flush       gdisp_lld_framebuffer.o
    0x00022476   0x00000024   Code   RO         8298    i.board_init        gdisp_lld_framebuffer.o
    0x0002249a   0x00000002   PAD
    0x0002249c   0x00000038   Code   RO          842    i.bsp_btn_ble_init  bsp_btn_ble.o
    0x000224d4   0x00000078   Code   RO          843    i.bsp_btn_ble_on_ble_evt  bsp_btn_ble.o
    0x0002254c   0x0000001c   Code   RO          844    i.bsp_btn_ble_sleep_mode_prepare  bsp_btn_ble.o
    0x00022568   0x000000dc   Code   RO          710    i.bsp_button_event_handler  bsp.o
    0x00022644   0x00000038   Code   RO          711    i.bsp_button_is_pressed  bsp.o
    0x0002267c   0x0000006c   Code   RO           10    i.bsp_event_handler  main.o
    0x000226e8   0x0000005c   Code   RO          715    i.bsp_event_to_button_action_assign  bsp.o
    0x00022744   0x00000020   Code   RO          716    i.bsp_indication_set  bsp.o
    0x00022764   0x000000d0   Code   RO          718    i.bsp_init          bsp.o
    0x00022834   0x0000059c   Code   RO          719    i.bsp_led_indication  bsp.o
    0x00022dd0   0x00000050   Code   RO          720    i.bsp_wakeup_buttons_set  bsp.o
    0x00022e20   0x0000000e   Code   RO          722    i.button_timer_handler  bsp.o
    0x00022e2e   0x00000010   Code   RO         3411    i.buttons_encode    ble_none_display.o
    0x00022e3e   0x00000002   PAD
    0x00022e40   0x00000058   Code   RO           11    i.buttons_leds_init  main.o
    0x00022e98   0x00000020   Code   RO         1469    i.cccd_written      gatt_cache_manager.o
    0x00022eb8   0x00000020   Code   RO         3761    i.channel_free      nrf_drv_gpiote.o
    0x00022ed8   0x00000010   Code   RO         3762    i.channel_handler_get  nrf_drv_gpiote.o
    0x00022ee8   0x00000080   Code   RO         3763    i.channel_port_alloc  nrf_drv_gpiote.o
    0x00022f68   0x0000000c   Code   RO         3764    i.channel_port_get  nrf_drv_gpiote.o
    0x00022f74   0x000001c8   Code   RO         1404    i.characteristic_add  ble_srv_common.o
    0x0002313c   0x00000020   Code   RO         5394    i.check_config      fstorage.o
    0x0002315c   0x00000022   Code   RO         4969    i.chunk_is_aligned  fds.o
    0x0002317e   0x00000002   PAD
    0x00023180   0x00000030   Code   RO         4970    i.chunk_queue_get_and_advance  fds.o
    0x000231b0   0x00000020   Code   RO         4971    i.chunk_queue_next  fds.o
    0x000231d0   0x0000002c   Code   RO         4972    i.chunk_queue_skip  fds.o
    0x000231fc   0x0000004a   Code   RO         2388    i.claim             peer_id.o
    0x00023246   0x00000002   PAD
    0x00023248   0x0000001c   Code   RO         6079    i.cleanUpDeadThreads  gfx_mk.o
    0x00023264   0x00000030   Code   RO         3525    i.clock_clk_started_notify  nrf_drv_clock.o
    0x00023294   0x00000090   Code   RO         4681    i.compare_reg_update  app_timer.o
    0x00023324   0x0000005a   Code   RO          902    i.conn_int_check    ble_advdata.o
    0x0002337e   0x00000068   Code   RO          903    i.conn_int_encode   ble_advdata.o
    0x000233e6   0x00000010   Code   RO           12    i.conn_params_error_handler  main.o
    0x000233f6   0x00000002   PAD
    0x000233f8   0x0000005c   Code   RO           13    i.conn_params_init  main.o
    0x00023454   0x00000084   Code   RO         1149    i.conn_params_negotiation  ble_conn_params.o
    0x000234d8   0x00000058   Code   RO         2852    i.conn_sec_update_process  security_dispatcher.o
    0x00023530   0x00000054   Code   RO          845    i.connection_buttons_configure  bsp_btn_ble.o
    0x00023584   0x000001d0   Code   RO           14    i.createWidgets     main.o
    0x00023754   0x00000038   Code   RO         6080    i.deleteAssignments  gfx_mk.o
    0x0002378c   0x0000004a   Code   RO         4973    i.delete_execute    fds.o
    0x000237d6   0x00000002   PAD
    0x000237d8   0x0000008c   Code   RO         4456    i.detection_delay_timeout_handler  app_button.o
    0x00023864   0x00000022   Code   RO         2853    i.disconnect_process  security_dispatcher.o
    0x00023886   0x00000022   Code   RO         3412    i.display_configuration_decode  ble_none_display.o
    0x000238a8   0x00000018   Code   RO         3413    i.display_configuration_encode  ble_none_display.o
    0x000238c0   0x0000002a   Code   RO         6081    i.doExitEvent       gfx_mk.o
    0x000238ea   0x00000080   Code   RO         6083    i.drawcharline      gfx_mk.o
    0x0002396a   0x00000044   Code   RO         6084    i.drawpixel_clip    gfx_mk.o
    0x000239ae   0x00000002   PAD
    0x000239b0   0x00000064   Code   RO         4682    i.elapsed_ticks_acquire  app_timer.o
    0x00023a14   0x00000038   Code   RO         2854    i.encryption_failure  security_dispatcher.o
    0x00023a4c   0x0000000a   Code   RO         5395    i.erase_execute     fstorage.o
    0x00023a56   0x00000002   PAD
    0x00023a58   0x00000054   Code   RO         8396    i.errata_108        system_nrf52.o
    0x00023aac   0x00000030   Code   RO         8397    i.errata_16         system_nrf52.o
    0x00023adc   0x00000054   Code   RO         8398    i.errata_31         system_nrf52.o
    0x00023b30   0x00000030   Code   RO         8399    i.errata_32         system_nrf52.o
    0x00023b60   0x00000054   Code   RO         8400    i.errata_36         system_nrf52.o
    0x00023bb4   0x00000030   Code   RO         8401    i.errata_37         system_nrf52.o
    0x00023be4   0x00000030   Code   RO         8402    i.errata_57         system_nrf52.o
    0x00023c14   0x00000030   Code   RO         8403    i.errata_66         system_nrf52.o
    0x00023c44   0x00000076   Code   RO         4975    i.event_prepare     fds.o
    0x00023cba   0x00000002   PAD
    0x00023cbc   0x00000028   Code   RO         4976    i.event_send        fds.o
    0x00023ce4   0x00000042   Code   RO         2999    i.events_send_from_err_code  security_manager.o
    0x00023d26   0x00000002   PAD
    0x00023d28   0x00000020   Code   RO         1470    i.evt_send          gatt_cache_manager.o
    0x00023d48   0x00000020   Code   RO         1624    i.evt_send          gatts_cache_manager.o
    0x00023d68   0x00000020   Code   RO         1722    i.evt_send          id_manager.o
    0x00023d88   0x00000028   Code   RO         2483    i.evt_send          peer_manager.o
    0x00023db0   0x00000020   Code   RO         2855    i.evt_send          security_dispatcher.o
    0x00023dd0   0x00000020   Code   RO         3000    i.evt_send          security_manager.o
    0x00023df0   0x00000058   Code   RO         4683    i.expired_timers_handler  app_timer.o
    0x00023e48   0x00000002   Code   RO           15    i.fds_evt_handler   main.o
    0x00023e4a   0x00000002   PAD
    0x00023e4c   0x0000013c   Code   RO         2041    i.fds_evt_handler   peer_data_storage.o
    0x00023f88   0x00000048   Code   RO         4978    i.fds_file_delete   fds.o
    0x00023fd0   0x00000040   Code   RO         4979    i.fds_gc            fds.o
    0x00024010   0x000000b2   Code   RO         4980    i.fds_init          fds.o
    0x000240c2   0x00000002   PAD
    0x000240c4   0x00000058   Code   RO         4981    i.fds_record_close  fds.o
    0x0002411c   0x00000016   Code   RO         4983    i.fds_record_find   fds.o
    0x00024132   0x00000014   Code   RO         4984    i.fds_record_find_by_key  fds.o
    0x00024146   0x00000014   Code   RO         4985    i.fds_record_find_in_file  fds.o
    0x0002415a   0x00000012   Code   RO         4986    i.fds_record_id_from_desc  fds.o
    0x0002416c   0x0000004c   Code   RO         4988    i.fds_record_open   fds.o
    0x000241b8   0x0000001a   Code   RO         4989    i.fds_record_update  fds.o
    0x000241d2   0x00000014   Code   RO         4990    i.fds_record_write  fds.o
    0x000241e6   0x0000001c   Code   RO         4991    i.fds_record_write_reserved  fds.o
    0x00024202   0x00000002   PAD
    0x00024204   0x00000030   Code   RO         4992    i.fds_register      fds.o
    0x00024234   0x00000030   Code   RO         4993    i.fds_reserve       fds.o
    0x00024264   0x00000050   Code   RO         4994    i.fds_reserve_cancel  fds.o
    0x000242b4   0x00000040   Code   RO         4996    i.file_find_and_delete  fds.o
    0x000242f4   0x0000000a   Code   RO         2042    i.file_id_to_peer_id  peer_data_storage.o
    0x000242fe   0x00000018   Code   RO         2043    i.file_id_within_pm_range  peer_data_storage.o
    0x00024316   0x00000052   Code   RO         6085    i.fillarea          gfx_mk.o
    0x00024368   0x00000028   Code   RO         6086    i.fillcharglyph     gfx_mk.o
    0x00024390   0x0000002e   Code   RO         6087    i.fillentry_bitcount  gfx_mk.o
    0x000243be   0x00000038   Code   RO         6088    i.find_char_range   gfx_mk.o
    0x000243f6   0x0000003e   Code   RO         6089    i.find_glyph        gfx_mk.o
    0x00024434   0x0000001e   Code   RO         4328    i.finish_transfer   nrf_drv_spi.o
    0x00024452   0x00000018   Code   RO         3244    i.firmware_revision_string_encode  ble_dis.o
    0x0002446a   0x00000002   PAD
    0x0002446c   0x00000010   Code   RO         4997    i.flag_clear        fds.o
    0x0002447c   0x00000012   Code   RO         2856    i.flag_id_init      security_dispatcher.o
    0x0002448e   0x00000012   Code   RO         3001    i.flag_id_init      security_manager.o
    0x000244a0   0x00000018   Code   RO         4998    i.flag_is_set       fds.o
    0x000244b8   0x00000010   Code   RO         4999    i.flag_set          fds.o
    0x000244c8   0x00000036   Code   RO          904    i.flags_encode      ble_advdata.o
    0x000244fe   0x00000002   PAD
    0x00024500   0x0000009c   Code   RO         3002    i.flags_set_from_err_code  security_manager.o
    0x0002459c   0x00000014   Code   RO         1014    i.flash_access_in_progress  ble_advertising.o
    0x000245b0   0x00000080   Code   RO         5396    i.fs_erase          fstorage.o
    0x00024630   0x0000000e   Code   RO         5000    i.fs_event_handler  fds.o
    0x0002463e   0x00000018   Code   RO         5398    i.fs_flash_page_end_addr  fstorage.o
    0x00024656   0x00000002   PAD
    0x00024658   0x000000c0   Code   RO         5399    i.fs_init           fstorage.o
    0x00024718   0x00000018   Code   RO         5400    i.fs_queued_op_count_get  fstorage.o
    0x00024730   0x00000094   Code   RO         5401    i.fs_store          fstorage.o
    0x000247c4   0x0000006c   Code   RO         5402    i.fs_sys_event_handler  fstorage.o
    0x00024830   0x00000080   Code   RO           16    i.gap_params_init   main.o
    0x000248b0   0x00000070   Code   RO         5001    i.gc_execute        fds.o
    0x00024920   0x0000003c   Code   RO         5002    i.gc_init           fds.o
    0x0002495c   0x00000028   Code   RO         5003    i.gc_next_page      fds.o
    0x00024984   0x00000044   Code   RO         5004    i.gc_page_erase     fds.o
    0x000249c8   0x00000048   Code   RO         5005    i.gc_page_next      fds.o
    0x00024a10   0x00000040   Code   RO         5006    i.gc_record_copy    fds.o
    0x00024a50   0x00000024   Code   RO         5007    i.gc_record_find_next  fds.o
    0x00024a74   0x00000058   Code   RO         5008    i.gc_state_advance  fds.o
    0x00024acc   0x0000002c   Code   RO         5009    i.gc_swap_erase     fds.o
    0x00024af8   0x00000044   Code   RO         5010    i.gc_swap_pages     fds.o
    0x00024b3c   0x00000020   Code   RO         5011    i.gc_swap_promote   fds.o
    0x00024b5c   0x00000018   Code   RO         5012    i.gc_tag_new_swap   fds.o
    0x00024b74   0x00000020   Code   RO         5013    i.gc_update_swap_offset  fds.o
    0x00024b94   0x00000074   Code   RO         1471    i.gcm_ble_evt_handler  gatt_cache_manager.o
    0x00024c08   0x00000078   Code   RO         1472    i.gcm_gscm_evt_handler  gatt_cache_manager.o
    0x00024c80   0x00000030   Code   RO         1473    i.gcm_im_evt_handler  gatt_cache_manager.o
    0x00024cb0   0x00000068   Code   RO         1474    i.gcm_init          gatt_cache_manager.o
    0x00024d18   0x0000004c   Code   RO         1475    i.gcm_local_database_has_changed  gatt_cache_manager.o
    0x00024d64   0x00000018   Code   RO         1478    i.gcm_smd_evt_handler  gatt_cache_manager.o
    0x00024d7c   0x00000110   Code   RO         6093    i.gdispGBlitArea    gfx_mk.o
    0x00024e8c   0x0000005c   Code   RO         6094    i.gdispGClear       gfx_mk.o
    0x00024ee8   0x000000b8   Code   RO         6095    i.gdispGDrawBox     gfx_mk.o
    0x00024fa0   0x00000034   Code   RO         6098    i.gdispGDrawPixel   gfx_mk.o
    0x00024fd4   0x000000c2   Code   RO         6101    i.gdispGFillArea    gfx_mk.o
    0x00025096   0x00000002   PAD
    0x00025098   0x00000154   Code   RO         6104    i.gdispGFillStringBox  gfx_mk.o
    0x000251ec   0x0000001c   Code   RO         6105    i.gdispGFlush       gfx_mk.o
    0x00025208   0x00000008   Code   RO         6108    i.gdispGGetHeight   gfx_mk.o
    0x00025210   0x00000008   Code   RO         6111    i.gdispGGetWidth    gfx_mk.o
    0x00025218   0x0000008e   Code   RO         6112    i.gdispGImageDraw   gfx_mk.o
    0x000252a6   0x0000025e   Code   RO         6113    i.gdispGImageDraw_BMP  gfx_mk.o
    0x00025504   0x00000092   Code   RO         6114    i.gdispGSetClip     gfx_mk.o
    0x00025596   0x0000003a   Code   RO         6118    i.gdispGetFontMetric  gfx_mk.o
    0x000255d0   0x00000012   Code   RO         6120    i.gdispGetStringWidth  gfx_mk.o
    0x000255e2   0x0000001c   Code   RO         6121    i.gdispGetStringWidthCount  gfx_mk.o
    0x000255fe   0x0000000e   Code   RO         6122    i.gdispImageAlloc   gfx_mk.o
    0x0002560c   0x00000116   Code   RO         6124    i.gdispImageCache_BMP  gfx_mk.o
    0x00025722   0x00000022   Code   RO         6125    i.gdispImageClose   gfx_mk.o
    0x00025744   0x0000003a   Code   RO         6126    i.gdispImageClose_BMP  gfx_mk.o
    0x0002577e   0x00000010   Code   RO         6127    i.gdispImageFree    gfx_mk.o
    0x0002578e   0x00000006   Code   RO         6128    i.gdispImageInit    gfx_mk.o
    0x00025794   0x00000012   Code   RO         6129    i.gdispImageIsOpen  gfx_mk.o
    0x000257a6   0x00000008   Code   RO         6131    i.gdispImageNext_BMP  gfx_mk.o
    0x000257ae   0x00000002   PAD
    0x000257b0   0x00000074   Code   RO         6132    i.gdispImageOpenGFile  gfx_mk.o
    0x00025824   0x0000045c   Code   RO         6133    i.gdispImageOpen_BMP  gfx_mk.o
    0x00025c80   0x00000004   Code   RO         6134    i.gdispImageSetBgColor  gfx_mk.o
    0x00025c84   0x00000048   Code   RO         6135    i.gdispOpenFont     gfx_mk.o
    0x00025ccc   0x000000d8   Code   RO         8299    i.gdisp_lld_draw_pixel  gdisp_lld_framebuffer.o
    0x00025da4   0x0000000c   Code   RO         8300    i.gdisp_lld_flush   gdisp_lld_framebuffer.o
    0x00025db0   0x0000001a   Code   RO         8301    i.gdisp_lld_get_pixel_color  gdisp_lld_framebuffer.o
    0x00025dca   0x00000002   PAD
    0x00025dcc   0x0000006c   Code   RO         8302    i.gdisp_lld_init    gdisp_lld_framebuffer.o
    0x00025e38   0x00000030   Code   RO         6139    i.gdriverGetInstance  gfx_mk.o
    0x00025e68   0x00000094   Code   RO         6142    i.gdriverRegister   gfx_mk.o
    0x00025efc   0x00000828   Code   RO         6144    i.getPixels         gfx_mk.o
    0x00026724   0x0000003c   Code   RO         1723    i.get_connection_by_conn_handle  id_manager.o
    0x00026760   0x00000034   Code   RO         1724    i.get_free_connection  id_manager.o
    0x00026794   0x00000016   Code   RO         6145    i.get_width         gfx_mk.o
    0x000267aa   0x00000012   Code   RO         6146    i.getheight         gfx_mk.o
    0x000267bc   0x00000016   Code   RO         6147    i.getwidth          gfx_mk.o
    0x000267d2   0x00000002   PAD
    0x000267d4   0x00000020   Code   RO         6150    i.geventDetachSourceListeners  gfx_mk.o
    0x000267f4   0x0000001a   Code   RO         6155    i.geventListenerInit  gfx_mk.o
    0x0002680e   0x00000002   PAD
    0x00026810   0x00000030   Code   RO         6156    i.geventRegisterCallback  gfx_mk.o
    0x00026840   0x00000026   Code   RO         6158    i.gfileClose        gfx_mk.o
    0x00026866   0x00000014   Code   RO         6163    i.gfileGetPos       gfx_mk.o
    0x0002687a   0x00000002   PAD
    0x0002687c   0x0000003c   Code   RO         6166    i.gfileOpen         gfx_mk.o
    0x000268b8   0x00000042   Code   RO         6167    i.gfileRead         gfx_mk.o
    0x000268fa   0x00000030   Code   RO         6169    i.gfileSetPos       gfx_mk.o
    0x0002692a   0x0000000c   Code   RO         6173    i.gfxAlloc          gfx_mk.o
    0x00026936   0x0000000c   Code   RO         6175    i.gfxExit           gfx_mk.o
    0x00026942   0x0000000c   Code   RO         6176    i.gfxFree           gfx_mk.o
    0x0002694e   0x0000000c   Code   RO         6177    i.gfxHalt           gfx_mk.o
    0x0002695a   0x00000002   PAD
    0x0002695c   0x0000003c   Code   RO         6178    i.gfxInit           gfx_mk.o
    0x00026998   0x0000000c   Code   RO           17    i.gfxMillisecondsToTicks  main.o
    0x000269a4   0x00000016   Code   RO         6179    i.gfxMutexEnter     gfx_mk.o
    0x000269ba   0x00000006   Code   RO         6180    i.gfxMutexExit      gfx_mk.o
    0x000269c0   0x00000006   Code   RO         6181    i.gfxMutexInit      gfx_mk.o
    0x000269c6   0x00000008   Code   RO         6184    i.gfxQueueASyncInit  gfx_mk.o
    0x000269ce   0x00000018   Code   RO         6191    i.gfxQueueASyncPut  gfx_mk.o
    0x000269e6   0x0000001c   Code   RO         6192    i.gfxQueueASyncPutI  gfx_mk.o
    0x00026a02   0x00000018   Code   RO         6193    i.gfxQueueASyncRemove  gfx_mk.o
    0x00026a1a   0x00000042   Code   RO         6194    i.gfxQueueASyncRemoveI  gfx_mk.o
    0x00026a5c   0x00000006   Code   RO         6196    i.gfxSemInit        gfx_mk.o
    0x00026a62   0x0000000c   Code   RO         6197    i.gfxSemSignal      gfx_mk.o
    0x00026a6e   0x00000016   Code   RO         6198    i.gfxSemSignalI     gfx_mk.o
    0x00026a84   0x0000006e   Code   RO         6199    i.gfxSemWait        gfx_mk.o
    0x00026af2   0x00000002   Code   RO         6203    i.gfxSystemLock     gfx_mk.o
    0x00026af4   0x0000000c   Code   RO           18    i.gfxSystemTicks    main.o
    0x00026b00   0x00000002   Code   RO         6204    i.gfxSystemUnlock   gfx_mk.o
    0x00026b02   0x00000002   PAD
    0x00026b04   0x00000050   Code   RO         6206    i.gfxThreadExit     gfx_mk.o
    0x00026b54   0x0000003c   Code   RO         6209    i.gfxYield          gfx_mk.o
    0x00026b90   0x00000080   Code   RO         4457    i.gpiote_event_handler  app_button.o
    0x00026c10   0x0000001c   Code   RO         1625    i.gscm_db_change_notification_done  gatts_cache_manager.o
    0x00026c2c   0x00000014   Code   RO         1626    i.gscm_init         gatts_cache_manager.o
    0x00026c40   0x00000018   Code   RO         1627    i.gscm_local_database_has_changed  gatts_cache_manager.o
    0x00026c58   0x00000090   Code   RO         1628    i.gscm_local_db_cache_apply  gatts_cache_manager.o
    0x00026ce8   0x00000096   Code   RO         1630    i.gscm_local_db_cache_update  gatts_cache_manager.o
    0x00026d7e   0x00000002   PAD
    0x00026d80   0x00000058   Code   RO         1631    i.gscm_pdb_evt_handler  gatts_cache_manager.o
    0x00026dd8   0x00000024   Code   RO         1632    i.gscm_service_changed_ind_needed  gatts_cache_manager.o
    0x00026dfc   0x0000003c   Code   RO         1633    i.gscm_service_changed_ind_send  gatts_cache_manager.o
    0x00026e38   0x00000008   Code   RO         6217    i.gwidgetEvent      gfx_mk.o
    0x00026e40   0x00000038   Code   RO         6234    i.gwinGImageCreate  gfx_mk.o
    0x00026e78   0x00000090   Code   RO         6235    i.gwinGLabelCreate  gfx_mk.o
    0x00026f08   0x0000000c   Code   RO         6238    i.gwinGetDefaultBgColor  gfx_mk.o
    0x00026f14   0x0000000c   Code   RO         6240    i.gwinGetDefaultFont  gfx_mk.o
    0x00026f20   0x00000014   Code   RO         6244    i.gwinGetNextWindow  gfx_mk.o
    0x00026f34   0x00000048   Code   RO         6249    i.gwinImageOpenGFile  gfx_mk.o
    0x00026f7c   0x0000012c   Code   RO         6251    i.gwinLabelDraw     gfx_mk.o
    0x000270a8   0x00000010   Code   RO         6253    i.gwinLabelDrawJustifiedLeft  gfx_mk.o
    0x000270b8   0x00000030   Code   RO         6258    i.gwinRedraw        gfx_mk.o
    0x000270e8   0x00000020   Code   RO         6260    i.gwinResize        gfx_mk.o
    0x00027108   0x0000000c   Code   RO         6262    i.gwinSetDefaultBgColor  gfx_mk.o
    0x00027114   0x0000000c   Code   RO         6264    i.gwinSetDefaultFont  gfx_mk.o
    0x00027120   0x0000005c   Code   RO         6265    i.gwinSetDefaultStyle  gfx_mk.o
    0x0002717c   0x00000034   Code   RO         6269    i.gwinSetStyle      gfx_mk.o
    0x000271b0   0x0000007c   Code   RO         6270    i.gwinSetText       gfx_mk.o
    0x0002722c   0x0000005c   Code   RO         6271    i.gwinSetVisible    gfx_mk.o
    0x00027288   0x00000018   Code   RO         3245    i.hardware_revision_string_encode  ble_dis.o
    0x000272a0   0x00000018   Code   RO         5014    i.header_is_valid   fds.o
    0x000272b8   0x00000088   Code   RO         6274    i.hline_clip        gfx_mk.o
    0x00027340   0x00000022   Code   RO         3246    i.ieee_11073_20601_regulatory_certification_data_list_encode  ble_dis.o
    0x00027362   0x0000004c   Code   RO         1725    i.im_address_resolve  id_manager.o
    0x000273ae   0x00000002   PAD
    0x000273b0   0x00000034   Code   RO         1726    i.im_ble_addr_get   id_manager.o
    0x000273e4   0x000000ce   Code   RO         1727    i.im_ble_evt_handler  id_manager.o
    0x000274b2   0x00000002   PAD
    0x000274b4   0x00000030   Code   RO         1728    i.im_conn_handle_get  id_manager.o
    0x000274e4   0x0000002c   Code   RO         1732    i.im_init           id_manager.o
    0x00027510   0x00000044   Code   RO         1733    i.im_is_duplicate_bonding_data  id_manager.o
    0x00027554   0x00000022   Code   RO         1734    i.im_master_id_is_valid  id_manager.o
    0x00027576   0x00000032   Code   RO         1735    i.im_master_ids_compare  id_manager.o
    0x000275a8   0x00000010   Code   RO         1736    i.im_new_peer_id    id_manager.o
    0x000275b8   0x0000007c   Code   RO         1737    i.im_pdb_evt_handler  id_manager.o
    0x00027634   0x0000002a   Code   RO         1738    i.im_peer_free      id_manager.o
    0x0002765e   0x00000002   PAD
    0x00027660   0x00000028   Code   RO         1739    i.im_peer_id_get_by_conn_handle  id_manager.o
    0x00027688   0x00000040   Code   RO         1740    i.im_peer_id_get_by_master_id  id_manager.o
    0x000276c8   0x00000118   Code   RO         5015    i.init_execute      fds.o
    0x000277e0   0x000000b8   Code   RO         5767    i.intern_softdevice_events_execute  softdevice_handler.o
    0x00027898   0x00000050   Code   RO         8751    i.internal_alloc    mc_w.l(mallocr.o)
    0x000278e8   0x0000000c   Code   RO         1479    i.internal_state_reset  gatt_cache_manager.o
    0x000278f4   0x00000018   Code   RO         1634    i.internal_state_reset  gatts_cache_manager.o
    0x0002790c   0x0000002c   Code   RO         1745    i.internal_state_reset  id_manager.o
    0x00027938   0x00000020   Code   RO         2209    i.internal_state_reset  peer_database.o
    0x00027958   0x0000000e   Code   RO         2389    i.internal_state_reset  peer_id.o
    0x00027966   0x00000002   PAD
    0x00027968   0x0000002c   Code   RO         2484    i.internal_state_reset  peer_manager.o
    0x00027994   0x00000022   Code   RO         4329    i.irq_handler_spi   nrf_drv_spi.o
    0x000279b6   0x00000002   PAD
    0x000279b8   0x00000024   Code   RO         1150    i.is_conn_params_ok  ble_conn_params.o
    0x000279dc   0x00000018   Code   RO         1746    i.is_valid_irk      id_manager.o
    0x000279f4   0x00000010   Code   RO         5016    i.is_word_aligned   fds.o
    0x00027a04   0x0000000c   Code   RO         3528    i.item_dequeue      nrf_drv_clock.o
    0x00027a10   0x00000020   Code   RO          723    i.leds_timer_handler  bsp.o
    0x00027a30   0x000000c4   Code   RO         3003    i.link_secure       security_manager.o
    0x00027af4   0x0000008e   Code   RO         2857    i.link_secure_central  security_dispatcher.o
    0x00027b82   0x000000e8   Code   RO         2858    i.link_secure_central_existing_peer  security_dispatcher.o
    0x00027c6a   0x0000007c   Code   RO         2859    i.link_secure_central_new_peer  security_dispatcher.o
    0x00027ce6   0x00000002   PAD
    0x00027ce8   0x00000058   Code   RO         2860    i.link_secure_failure  security_dispatcher.o
    0x00027d40   0x00000080   Code   RO         3004    i.link_secure_pending_process  security_manager.o
    0x00027dc0   0x00000012   Code   RO         2861    i.link_secure_peripheral  security_dispatcher.o
    0x00027dd2   0x00000002   PAD
    0x00027dd4   0x0000007c   Code   RO         4684    i.list_deletions_handler  app_timer.o
    0x00027e50   0x000000f8   Code   RO         4685    i.list_insertions_handler  app_timer.o
    0x00027f48   0x000000a0   Code   RO         1480    i.local_db_apply_in_evt  gatt_cache_manager.o
    0x00027fe8   0x000000b8   Code   RO         1481    i.local_db_update_in_evt  gatt_cache_manager.o
    0x000280a0   0x00000034   Code   RO         2796    i.lock_by_mask      pm_mutex.o
    0x000280d4   0x00000060   Code   RO         5907    i.ls013_clearframe  ls013b7dh06.o
    0x00028134   0x00000074   Code   RO         5909    i.ls013_flush       ls013b7dh06.o
    0x000281a8   0x00000034   Code   RO         5911    i.ls013_init        ls013b7dh06.o
    0x000281dc   0x000000e8   Code   RO         5913    i.ls013_spi_event_handler  ls013b7dh06.o
    0x000282c4   0x00000058   Code   RO         5914    i.ls013_spi_init    ls013b7dh06.o
    0x0002831c   0x00000064   Code   RO         5915    i.ls013_vcom_init   ls013b7dh06.o
    0x00028380   0x00000110   Code   RO           19    i.main              main.o
    0x00028490   0x00000076   Code   RO          905    i.manuf_specific_data_encode  ble_advdata.o
    0x00028506   0x00000018   Code   RO         3247    i.manufacturer_name_string_encode  ble_dis.o
    0x0002851e   0x0000004e   Code   RO         6277    i.matchfont         gfx_mk.o
    0x0002856c   0x0000005e   Code   RO         3414    i.metrics_decode    ble_none_display.o
    0x000285ca   0x00000048   Code   RO         3415    i.metrics_encode    ble_none_display.o
    0x00028612   0x00000026   Code   RO         6278    i.mf_bwfont_character_width  gfx_mk.o
    0x00028638   0x0000003a   Code   RO         6279    i.mf_bwfont_render_character  gfx_mk.o
    0x00028672   0x00000020   Code   RO         6280    i.mf_character_width  gfx_mk.o
    0x00028692   0x00000002   PAD
    0x00028694   0x00000008   Code   RO         6282    i.mf_get_font_list  gfx_mk.o
    0x0002869c   0x00000068   Code   RO         6283    i.mf_get_string_width  gfx_mk.o
    0x00028704   0x00000016   Code   RO         6284    i.mf_getchar        gfx_mk.o
    0x0002871a   0x0000007e   Code   RO         6285    i.mf_render_aligned  gfx_mk.o
    0x00028798   0x00000040   Code   RO         6286    i.mf_render_character  gfx_mk.o
    0x000287d8   0x00000008   Code   RO         6288    i.mf_rewind         gfx_mk.o
    0x000287e0   0x0000001a   Code   RO         6289    i.mf_rlefont_character_width  gfx_mk.o
    0x000287fa   0x00000070   Code   RO         6290    i.mf_rlefont_render_character  gfx_mk.o
    0x0002886a   0x0000003e   Code   RO         6291    i.mf_round_to_prev_tab  gfx_mk.o
    0x000288a8   0x0000003e   Code   RO         6292    i.mf_round_to_tab   gfx_mk.o
    0x000288e6   0x00000018   Code   RO         3248    i.model_number_string_encode  ble_dis.o
    0x000288fe   0x000000c2   Code   RO          906    i.name_encode       ble_advdata.o
    0x000289c0   0x00000070   Code   RO         1747    i.new_connection    id_manager.o
    0x00028a30   0x00000034   Code   RO         2390    i.next_id_get       peer_id.o
    0x00028a64   0x0000005a   Code   RO         1923    i.nrf_ble_qwr_init  nrf_ble_qwr.o
    0x00028abe   0x00000072   Code   RO         1924    i.nrf_ble_qwr_on_ble_evt  nrf_ble_qwr.o
    0x00028b30   0x00000012   Code   RO         3532    i.nrf_clock_event_check  nrf_drv_clock.o
    0x00028b42   0x00000012   Code   RO         3533    i.nrf_clock_event_clear  nrf_drv_clock.o
    0x00028b54   0x0000000c   Code   RO         3535    i.nrf_clock_int_disable  nrf_drv_clock.o
    0x00028b60   0x00000098   Code   RO         4686    i.nrf_delay_us      app_timer.o
    0x00028bf8   0x00000040   Code   RO         3544    i.nrf_drv_clock_init  nrf_drv_clock.o
    0x00028c38   0x00000034   Code   RO         3550    i.nrf_drv_clock_on_sd_enable  nrf_drv_clock.o
    0x00028c6c   0x0000000e   Code   RO         3551    i.nrf_drv_clock_on_soc_event  nrf_drv_clock.o
    0x00028c7a   0x00000002   PAD
    0x00028c7c   0x00000060   Code   RO         3729    i.nrf_drv_common_irq_enable  nrf_drv_common.o
    0x00028cdc   0x000000b8   Code   RO         3769    i.nrf_drv_gpiote_in_event_enable  nrf_drv_gpiote.o
    0x00028d94   0x000000d8   Code   RO         3770    i.nrf_drv_gpiote_in_init  nrf_drv_gpiote.o
    0x00028e6c   0x0000001c   Code   RO         3771    i.nrf_drv_gpiote_in_is_set  nrf_drv_gpiote.o
    0x00028e88   0x0000005c   Code   RO         3773    i.nrf_drv_gpiote_init  nrf_drv_gpiote.o
    0x00028ee4   0x00000014   Code   RO         3774    i.nrf_drv_gpiote_is_init  nrf_drv_gpiote.o
    0x00028ef8   0x0000000c   Code   RO         3775    i.nrf_drv_gpiote_out_clear  nrf_drv_gpiote.o
    0x00028f04   0x000000cc   Code   RO         3776    i.nrf_drv_gpiote_out_init  nrf_drv_gpiote.o
    0x00028fd0   0x0000000c   Code   RO         3777    i.nrf_drv_gpiote_out_set  nrf_drv_gpiote.o
    0x00028fdc   0x0000002c   Code   RO         3783    i.nrf_drv_gpiote_out_toggle  nrf_drv_gpiote.o
    0x00029008   0x00000144   Code   RO         4330    i.nrf_drv_spi_init  nrf_drv_spi.o
    0x0002914c   0x0000002c   Code   RO         4331    i.nrf_drv_spi_transfer  nrf_drv_spi.o
    0x00029178   0x00000070   Code   RO         4333    i.nrf_drv_spi_xfer  nrf_drv_spi.o
    0x000291e8   0x00000024   Code   RO         3788    i.nrf_gpio_cfg      nrf_drv_gpiote.o
    0x0002920c   0x00000024   Code   RO         4334    i.nrf_gpio_cfg      nrf_drv_spi.o
    0x00029230   0x00000018   Code   RO         4335    i.nrf_gpio_cfg_output  nrf_drv_spi.o
    0x00029248   0x00000024   Code   RO         3790    i.nrf_gpio_cfg_sense_set  nrf_drv_gpiote.o
    0x0002926c   0x00000010   Code   RO         3791    i.nrf_gpio_pin_clear  nrf_drv_gpiote.o
    0x0002927c   0x00000010   Code   RO         4336    i.nrf_gpio_pin_clear  nrf_drv_spi.o
    0x0002928c   0x00000010   Code   RO         3792    i.nrf_gpio_pin_set  nrf_drv_gpiote.o
    0x0002929c   0x00000010   Code   RO         4337    i.nrf_gpio_pin_set  nrf_drv_spi.o
    0x000292ac   0x0000000c   Code   RO         3793    i.nrf_gpiote_event_addr_get  nrf_drv_gpiote.o
    0x000292b8   0x0000001c   Code   RO         3794    i.nrf_gpiote_event_clear  nrf_drv_gpiote.o
    0x000292d4   0x00000016   Code   RO         3795    i.nrf_gpiote_event_is_set  nrf_drv_gpiote.o
    0x000292ea   0x00000002   PAD
    0x000292ec   0x0000000c   Code   RO         3796    i.nrf_gpiote_int_enable  nrf_drv_gpiote.o
    0x000292f8   0x0000000e   Code   RO         4338    i.nrf_spi_event_clear  nrf_drv_spi.o
    0x00029306   0x00000006   Code   RO         4339    i.nrf_spi_int_disable  nrf_drv_spi.o
    0x0002930c   0x00000006   Code   RO         4340    i.nrf_spi_int_enable  nrf_drv_spi.o
    0x00029312   0x00000006   Code   RO         4341    i.nrf_spi_txd_set   nrf_drv_spi.o
    0x00029318   0x0000000c   Code   RO         4055    i.nrf_uart_errorsrc_get_and_clear  nrf_drv_uart.o
    0x00029324   0x0000000e   Code   RO         4056    i.nrf_uart_event_check  nrf_drv_uart.o
    0x00029332   0x0000000e   Code   RO         4057    i.nrf_uart_event_clear  nrf_drv_uart.o
    0x00029340   0x00000006   Code   RO         4059    i.nrf_uart_int_disable  nrf_drv_uart.o
    0x00029346   0x00000012   Code   RO         4061    i.nrf_uart_int_enable_check  nrf_drv_uart.o
    0x00029358   0x00000006   Code   RO         4062    i.nrf_uart_task_trigger  nrf_drv_uart.o
    0x0002935e   0x0000000c   Code   RO         4064    i.nrf_uarte_errorsrc_get_and_clear  nrf_drv_uart.o
    0x0002936a   0x0000000e   Code   RO         4065    i.nrf_uarte_event_check  nrf_drv_uart.o
    0x00029378   0x0000000e   Code   RO         4066    i.nrf_uarte_event_clear  nrf_drv_uart.o
    0x00029386   0x0000000a   Code   RO         4070    i.nrf_uarte_rx_amount_get  nrf_drv_uart.o
    0x00029390   0x00000032   Code   RO           20    i.on_adv_evt        main.o
    0x000293c2   0x0000001a   Code   RO          609    i.on_bas_evt        service_if.o
    0x000293dc   0x000000ac   Code   RO           21    i.on_ble_evt        main.o
    0x00029488   0x00000034   Code   RO         1926    i.on_cancel_write   nrf_ble_qwr.o
    0x000294bc   0x0000002c   Code   RO           22    i.on_conn_params_evt  main.o
    0x000294e8   0x00000018   Code   RO         1151    i.on_conn_params_update  ble_conn_params.o
    0x00029500   0x00000038   Code   RO         1152    i.on_connect        ble_conn_params.o
    0x00029538   0x00000006   Code   RO         3145    i.on_connect        ble_bas.o
    0x0002953e   0x00000008   Code   RO         3249    i.on_connect        ble_dis.o
    0x00029546   0x00000006   Code   RO         3416    i.on_connect        ble_none_display.o
    0x0002954c   0x00000014   Code   RO         1015    i.on_connected      ble_advertising.o
    0x00029560   0x00000008   Code   RO          610    i.on_dis_evt        service_if.o
    0x00029568   0x00000040   Code   RO         1153    i.on_disconnect     ble_conn_params.o
    0x000295a8   0x00000008   Code   RO         3146    i.on_disconnect     ble_bas.o
    0x000295b0   0x0000000a   Code   RO         3250    i.on_disconnect     ble_dis.o
    0x000295ba   0x00000008   Code   RO         3417    i.on_disconnect     ble_none_display.o
    0x000295c2   0x00000002   PAD
    0x000295c4   0x0000003c   Code   RO         1016    i.on_disconnected   ble_advertising.o
    0x00029600   0x000000c4   Code   RO         1927    i.on_execute_write  nrf_ble_qwr.o
    0x000296c4   0x00000016   Code   RO          611    i.on_none_display_evt  service_if.o
    0x000296da   0x00000002   PAD
    0x000296dc   0x0000002c   Code   RO         5403    i.on_operation_failure  fstorage.o
    0x00029708   0x00000078   Code   RO         5404    i.on_operation_success  fstorage.o
    0x00029780   0x0000009e   Code   RO         1928    i.on_prepare_write  nrf_ble_qwr.o
    0x0002981e   0x00000050   Code   RO         1929    i.on_rw_authorize_request  nrf_ble_qwr.o
    0x0002986e   0x0000000e   Code   RO         3147    i.on_rw_authorize_request  ble_bas.o
    0x0002987c   0x0000000e   Code   RO         3251    i.on_rw_authorize_request  ble_dis.o
    0x0002988a   0x00000042   Code   RO         3418    i.on_rw_authorize_request  ble_none_display.o
    0x000298cc   0x00000038   Code   RO         1017    i.on_timeout        ble_advertising.o
    0x00029904   0x00000038   Code   RO         1930    i.on_user_mem_request  nrf_ble_qwr.o
    0x0002993c   0x0000004c   Code   RO         1154    i.on_write          ble_conn_params.o
    0x00029988   0x00000036   Code   RO         3148    i.on_write          ble_bas.o
    0x000299be   0x00000002   Code   RO         3252    i.on_write          ble_dis.o
    0x000299c0   0x00000084   Code   RO         3419    i.on_write          ble_none_display.o
    0x00029a44   0x000000a4   Code   RO         5017    i.op_enqueue        fds.o
    0x00029ae8   0x00000040   Code   RO         5018    i.page_from_record  fds.o
    0x00029b28   0x0000002c   Code   RO         5019    i.page_has_space    fds.o
    0x00029b54   0x0000002c   Code   RO         5020    i.page_identify     fds.o
    0x00029b80   0x0000001e   Code   RO         5021    i.page_is_erased    fds.o
    0x00029b9e   0x00000012   Code   RO         5022    i.page_offsets_update  fds.o
    0x00029bb0   0x00000068   Code   RO         5023    i.page_scan         fds.o
    0x00029c18   0x00000020   Code   RO         5024    i.page_tag_write_data  fds.o
    0x00029c38   0x00000024   Code   RO         5025    i.page_tag_write_swap  fds.o
    0x00029c5c   0x00000130   Code   RO         5026    i.pages_init        fds.o
    0x00029d8c   0x00000084   Code   RO         2862    i.pairing_failure   security_dispatcher.o
    0x00029e10   0x00000048   Code   RO         3005    i.params_reply_pending_process  security_manager.o
    0x00029e58   0x00000020   Code   RO         2211    i.pdb_evt_send      peer_database.o
    0x00029e78   0x00000044   Code   RO         2212    i.pdb_init          peer_database.o
    0x00029ebc   0x0000000c   Code   RO         2214    i.pdb_next_deleted_peer_id_get  peer_database.o
    0x00029ec8   0x0000000c   Code   RO         2215    i.pdb_next_peer_id_get  peer_database.o
    0x00029ed4   0x000001bc   Code   RO         2216    i.pdb_pds_evt_handler  peer_database.o
    0x0002a090   0x00000008   Code   RO         2217    i.pdb_peer_allocate  peer_database.o
    0x0002a098   0x0000001c   Code   RO         2218    i.pdb_peer_data_load  peer_database.o
    0x0002a0b4   0x00000016   Code   RO         2219    i.pdb_peer_data_ptr_get  peer_database.o
    0x0002a0ca   0x00000058   Code   RO         2220    i.pdb_peer_free     peer_database.o
    0x0002a122   0x00000016   Code   RO         2221    i.pdb_raw_store     peer_database.o
    0x0002a138   0x00000134   Code   RO         2222    i.pdb_write_buf_get  peer_database.o
    0x0002a26c   0x00000036   Code   RO         2223    i.pdb_write_buf_release  peer_database.o
    0x0002a2a2   0x00000002   PAD
    0x0002a2a4   0x00000108   Code   RO         2224    i.pdb_write_buf_store  peer_database.o
    0x0002a3ac   0x00000078   Code   RO         2225    i.pdb_write_buf_store_prepare  peer_database.o
    0x0002a424   0x00000020   Code   RO         2044    i.pds_evt_send      peer_data_storage.o
    0x0002a444   0x00000038   Code   RO         2045    i.pds_init          peer_data_storage.o
    0x0002a47c   0x0000000c   Code   RO         2046    i.pds_next_deleted_peer_id_get  peer_data_storage.o
    0x0002a488   0x0000000c   Code   RO         2047    i.pds_next_peer_id_get  peer_data_storage.o
    0x0002a494   0x0000005c   Code   RO         2050    i.pds_peer_data_iterate  peer_data_storage.o
    0x0002a4f0   0x00000010   Code   RO         2051    i.pds_peer_data_iterate_prepare  peer_data_storage.o
    0x0002a500   0x00000088   Code   RO         2052    i.pds_peer_data_read  peer_data_storage.o
    0x0002a588   0x000000ba   Code   RO         2053    i.pds_peer_data_store  peer_data_storage.o
    0x0002a642   0x0000000c   Code   RO         2054    i.pds_peer_id_allocate  peer_data_storage.o
    0x0002a64e   0x0000001e   Code   RO         2055    i.pds_peer_id_free  peer_data_storage.o
    0x0002a66c   0x0000000c   Code   RO         2056    i.pds_peer_id_is_allocated  peer_data_storage.o
    0x0002a678   0x0000003c   Code   RO         2057    i.pds_space_reserve  peer_data_storage.o
    0x0002a6b4   0x00000014   Code   RO         2058    i.pds_space_reserve_cancel  peer_data_storage.o
    0x0002a6c8   0x0000001c   Code   RO         2226    i.peer_data_const_point_to_buffer  peer_database.o
    0x0002a6e4   0x000000a4   Code   RO         2059    i.peer_data_delete  peer_data_storage.o
    0x0002a788   0x00000040   Code   RO         2060    i.peer_data_find    peer_data_storage.o
    0x0002a7c8   0x00000022   Code   RO         2061    i.peer_data_id_is_valid  peer_data_storage.o
    0x0002a7ea   0x0000000a   Code   RO         2062    i.peer_data_id_to_record_key  peer_data_storage.o
    0x0002a7f4   0x0000001a   Code   RO         2227    i.peer_data_point_to_buffer  peer_database.o
    0x0002a80e   0x00000002   PAD
    0x0002a810   0x00000014   Code   RO         2391    i.peer_id_allocate  peer_id.o
    0x0002a824   0x0000002c   Code   RO         2392    i.peer_id_delete    peer_id.o
    0x0002a850   0x0000001c   Code   RO         2393    i.peer_id_free      peer_id.o
    0x0002a86c   0x00000014   Code   RO         2394    i.peer_id_get_next_deleted  peer_id.o
    0x0002a880   0x00000038   Code   RO         2395    i.peer_id_get_next_used  peer_id.o
    0x0002a8b8   0x00000024   Code   RO         2396    i.peer_id_init      peer_id.o
    0x0002a8dc   0x0000001c   Code   RO         2397    i.peer_id_is_allocated  peer_id.o
    0x0002a8f8   0x0000001c   Code   RO         2398    i.peer_id_is_deleted  peer_id.o
    0x0002a914   0x00000024   Code   RO         1748    i.peer_id_set       id_manager.o
    0x0002a938   0x0000000a   Code   RO         2063    i.peer_id_to_file_id  peer_data_storage.o
    0x0002a942   0x00000046   Code   RO         2064    i.peer_ids_load     peer_data_storage.o
    0x0002a988   0x0000010c   Code   RO           23    i.peer_manager_init  main.o
    0x0002aa94   0x0000001c   Code   RO         3799    i.pin_in_use_by_gpiote  nrf_drv_gpiote.o
    0x0002aab0   0x00000018   Code   RO         3800    i.pin_in_use_by_port  nrf_drv_gpiote.o
    0x0002aac8   0x00000020   Code   RO         3801    i.pin_in_use_by_te  nrf_drv_gpiote.o
    0x0002aae8   0x0000000c   Code   RO         3802    i.pin_in_use_clear  nrf_drv_gpiote.o
    0x0002aaf4   0x00000062   Code   RO         2763    i.pm_buffer_block_acquire  pm_buffer.o
    0x0002ab56   0x0000004e   Code   RO         2764    i.pm_buffer_init    pm_buffer.o
    0x0002aba4   0x00000030   Code   RO         2765    i.pm_buffer_ptr_get  pm_buffer.o
    0x0002abd4   0x00000028   Code   RO         2766    i.pm_buffer_release  pm_buffer.o
    0x0002abfc   0x00000010   Code   RO         2486    i.pm_conn_sec_config_reply  peer_manager.o
    0x0002ac0c   0x00000028   Code   RO         2488    i.pm_conn_secure    peer_manager.o
    0x0002ac34   0x00000128   Code   RO           24    i.pm_evt_handler    main.o
    0x0002ad5c   0x000000be   Code   RO         2490    i.pm_gcm_evt_handler  peer_manager.o
    0x0002ae1a   0x00000002   PAD
    0x0002ae1c   0x00000058   Code   RO         2493    i.pm_im_evt_handler  peer_manager.o
    0x0002ae74   0x000000a4   Code   RO         2494    i.pm_init           peer_manager.o
    0x0002af18   0x0000001c   Code   RO         2496    i.pm_local_database_has_changed  peer_manager.o
    0x0002af34   0x00000014   Code   RO         2797    i.pm_mutex_init     pm_mutex.o
    0x0002af48   0x00000020   Code   RO         2798    i.pm_mutex_lock     pm_mutex.o
    0x0002af68   0x00000030   Code   RO         2799    i.pm_mutex_lock_first_available  pm_mutex.o
    0x0002af98   0x00000024   Code   RO         2800    i.pm_mutex_lock_status_get  pm_mutex.o
    0x0002afbc   0x00000038   Code   RO         2801    i.pm_mutex_unlock   pm_mutex.o
    0x0002aff4   0x0000002c   Code   RO         2498    i.pm_on_ble_evt     peer_manager.o
    0x0002b020   0x000001c8   Code   RO         2499    i.pm_pdb_evt_handler  peer_manager.o
    0x0002b1e8   0x00000020   Code   RO         2510    i.pm_peer_delete    peer_manager.o
    0x0002b208   0x000000cc   Code   RO         2513    i.pm_peer_rank_highest  peer_manager.o
    0x0002b2d4   0x000000d8   Code   RO         2514    i.pm_peer_ranks_get  peer_manager.o
    0x0002b3ac   0x00000050   Code   RO         2515    i.pm_peers_delete   peer_manager.o
    0x0002b3fc   0x00000040   Code   RO         2518    i.pm_register       peer_manager.o
    0x0002b43c   0x00000024   Code   RO         2520    i.pm_sec_params_set  peer_manager.o
    0x0002b460   0x000001b0   Code   RO         2521    i.pm_sm_evt_handler  peer_manager.o
    0x0002b610   0x0000003c   Code   RO         3253    i.pnp_id_encode     ble_dis.o
    0x0002b64c   0x0000000a   Code   RO         3254    i.pnp_id_vendor_id_source_encode  ble_dis.o
    0x0002b656   0x00000002   PAD
    0x0002b658   0x00000048   Code   RO         5027    i.queue_advance     fds.o
    0x0002b6a0   0x00000034   Code   RO         5405    i.queue_advance     fstorage.o
    0x0002b6d4   0x00000068   Code   RO         5406    i.queue_get_next_free  fstorage.o
    0x0002b73c   0x000000a4   Code   RO         5028    i.queue_process     fds.o
    0x0002b7e0   0x0000006c   Code   RO         5407    i.queue_process     fstorage.o
    0x0002b84c   0x00000018   Code   RO         5029    i.queue_start       fds.o
    0x0002b864   0x0000002c   Code   RO         5408    i.queue_start       fstorage.o
    0x0002b890   0x0000002c   Code   RO         2524    i.rank_init         peer_manager.o
    0x0002b8bc   0x0000004c   Code   RO         1254    i.record_activate   ble_conn_state.o
    0x0002b908   0x00000088   Code   RO         5030    i.record_find       fds.o
    0x0002b990   0x00000048   Code   RO         5031    i.record_find_and_delete  fds.o
    0x0002b9d8   0x0000007c   Code   RO         5032    i.record_find_by_desc  fds.o
    0x0002ba54   0x00000060   Code   RO         5033    i.record_find_next  fds.o
    0x0002bab4   0x00000028   Code   RO         5034    i.record_header_flag_dirty  fds.o
    0x0002badc   0x0000002c   Code   RO         5035    i.record_header_write_begin  fds.o
    0x0002bb08   0x00000038   Code   RO         5036    i.record_header_write_finalize  fds.o
    0x0002bb40   0x00000038   Code   RO         5037    i.record_header_write_id  fds.o
    0x0002bb78   0x00000014   Code   RO         5038    i.record_id_new     fds.o
    0x0002bb8c   0x0000001c   Code   RO         1255    i.record_invalidate  ble_conn_state.o
    0x0002bba8   0x00000006   Code   RO         2065    i.record_key_to_peer_data_id  peer_data_storage.o
    0x0002bbae   0x00000018   Code   RO         2066    i.record_key_within_pm_range  peer_data_storage.o
    0x0002bbc6   0x00000002   PAD
    0x0002bbc8   0x00000044   Code   RO         1256    i.record_purge_disconnected  ble_conn_state.o
    0x0002bc0c   0x00000018   Code   RO         1257    i.record_set_disconnected  ble_conn_state.o
    0x0002bc24   0x00000050   Code   RO         5039    i.record_write_chunk  fds.o
    0x0002bc74   0x00000014   Code   RO         2400    i.release           peer_id.o
    0x0002bc88   0x00000138   Code   RO         6297    i.render_char       gfx_mk.o
    0x0002bdc0   0x00000064   Code   RO         6298    i.render_left       gfx_mk.o
    0x0002be24   0x0000008a   Code   RO         6299    i.render_right      gfx_mk.o
    0x0002beae   0x00000002   PAD
    0x0002beb0   0x00000008   Code   RO          612    i.return_ble_bas_t  service_if.o
    0x0002beb8   0x0000000c   Code   RO         4687    i.rtc1_compare0_set  app_timer.o
    0x0002bec4   0x0000000c   Code   RO         4688    i.rtc1_counter_get  app_timer.o
    0x0002bed0   0x00000018   Code   RO         4689    i.rtc1_init         app_timer.o
    0x0002bee8   0x0000003c   Code   RO         4690    i.rtc1_start        app_timer.o
    0x0002bf24   0x00000058   Code   RO         4691    i.rtc1_stop         app_timer.o
    0x0002bf7c   0x0000003e   Code   RO         4074    i.rx_byte           nrf_drv_uart.o
    0x0002bfba   0x0000001e   Code   RO         4075    i.rx_done_event     nrf_drv_uart.o
    0x0002bfd8   0x0000008c   Code   RO         5769    i.sd_nvic_EnableIRQ  softdevice_handler.o
    0x0002c064   0x00000068   Code   RO         4896    i.sd_nvic_critical_region_enter  app_util_platform.o
    0x0002c0cc   0x0000000c   Code   RO         1482    i.sdk_mapped_flags_any_set  gatt_cache_manager.o
    0x0002c0d8   0x0000000c   Code   RO         3006    i.sdk_mapped_flags_any_set  security_manager.o
    0x0002c0e4   0x00000076   Code   RO         5543    i.sdk_mapped_flags_bulk_update_by_key  sdk_mapped_flags.o
    0x0002c15a   0x00000024   Code   RO         5544    i.sdk_mapped_flags_first_key_index_get  sdk_mapped_flags.o
    0x0002c17e   0x00000012   Code   RO         5545    i.sdk_mapped_flags_get_by_index  sdk_mapped_flags.o
    0x0002c190   0x0000002e   Code   RO         5546    i.sdk_mapped_flags_get_by_key  sdk_mapped_flags.o
    0x0002c1be   0x00000042   Code   RO         5547    i.sdk_mapped_flags_key_list_get  sdk_mapped_flags.o
    0x0002c200   0x0000001a   Code   RO         5549    i.sdk_mapped_flags_update_by_key  sdk_mapped_flags.o
    0x0002c21a   0x000000d8   Code   RO         2863    i.sec_info_request_process  security_dispatcher.o
    0x0002c2f2   0x0000001a   Code   RO         2864    i.sec_params_request_process  security_dispatcher.o
    0x0002c30c   0x000000e8   Code   RO         3007    i.sec_params_verify  security_manager.o
    0x0002c3f4   0x0000005c   Code   RO         2865    i.sec_proc_start    security_dispatcher.o
    0x0002c450   0x00000034   Code   RO         2866    i.sec_request_process  security_dispatcher.o
    0x0002c484   0x00000024   Code   RO         2867    i.sec_start_send    security_dispatcher.o
    0x0002c4a8   0x0000001e   Code   RO         3008    i.send_config_req   security_manager.o
    0x0002c4c6   0x0000005c   Code   RO         5409    i.send_event        fstorage.o
    0x0002c522   0x00000018   Code   RO         3255    i.serial_number_string_encode  ble_dis.o
    0x0002c53a   0x00000002   PAD
    0x0002c53c   0x0000006c   Code   RO         1483    i.service_changed_pending_flags_check  gatt_cache_manager.o
    0x0002c5a8   0x00000050   Code   RO         1635    i.service_changed_pending_set  gatts_cache_manager.o
    0x0002c5f8   0x000000b8   Code   RO         1484    i.service_changed_send_in_evt  gatt_cache_manager.o
    0x0002c6b0   0x00000096   Code   RO          907    i.service_data_encode  ble_advdata.o
    0x0002c746   0x00000002   PAD
    0x0002c748   0x00000050   Code   RO           26    i.services_init     main.o
    0x0002c798   0x00000020   Code   RO         1018    i.set_adv_mode_directed  ble_advertising.o
    0x0002c7b8   0x0000002c   Code   RO         1019    i.set_adv_mode_directed_slow  ble_advertising.o
    0x0002c7e4   0x00000060   Code   RO         1020    i.set_adv_mode_fast  ble_advertising.o
    0x0002c844   0x00000060   Code   RO         1021    i.set_adv_mode_slow  ble_advertising.o
    0x0002c8a4   0x000000be   Code   RO         1406    i.set_security_req  ble_srv_common.o
    0x0002c962   0x0000002e   Code   RO         6301    i.skip_pixels       gfx_mk.o
    0x0002c990   0x0000004c   Code   RO           27    i.sleep_mode_enter  main.o
    0x0002c9dc   0x00000018   Code   RO         3009    i.sm_ble_evt_handler  security_manager.o
    0x0002c9f4   0x00000024   Code   RO         3010    i.sm_conn_sec_config_reply  security_manager.o
    0x0002ca18   0x00000064   Code   RO         3011    i.sm_init           security_manager.o
    0x0002ca7c   0x00000018   Code   RO         3013    i.sm_link_secure    security_manager.o
    0x0002ca94   0x00000060   Code   RO         3014    i.sm_pdb_evt_handler  security_manager.o
    0x0002caf4   0x00000038   Code   RO         3016    i.sm_sec_params_set  security_manager.o
    0x0002cb2c   0x000000a4   Code   RO         3017    i.sm_smd_evt_handler  security_manager.o
    0x0002cbd0   0x00000058   Code   RO         2868    i.smd_ble_evt_handler  security_dispatcher.o
    0x0002cc28   0x0000004c   Code   RO         2869    i.smd_init          security_dispatcher.o
    0x0002cc74   0x00000038   Code   RO         2870    i.smd_link_secure   security_dispatcher.o
    0x0002ccac   0x00000120   Code   RO         2871    i.smd_params_reply  security_dispatcher.o
    0x0002cdcc   0x00000090   Code   RO         3018    i.smd_params_reply_perform  security_manager.o
    0x0002ce5c   0x00000034   Code   RO         2872    i.smd_pdb_evt_handler  security_dispatcher.o
    0x0002ce90   0x00000018   Code   RO         5770    i.softdevice_ble_evt_handler_set  softdevice_handler.o
    0x0002cea8   0x00000028   Code   RO         5771    i.softdevice_enable  softdevice_handler.o
    0x0002ced0   0x0000002c   Code   RO         5772    i.softdevice_enable_get_default_config  softdevice_handler.o
    0x0002cefc   0x00000014   Code   RO         5773    i.softdevice_fault_handler  softdevice_handler.o
    0x0002cf10   0x0000009c   Code   RO         5774    i.softdevice_handler_init  softdevice_handler.o
    0x0002cfac   0x0000000c   Code   RO         5775    i.softdevice_handler_is_enabled  softdevice_handler.o
    0x0002cfb8   0x00000018   Code   RO         5780    i.softdevice_sys_evt_handler_set  softdevice_handler.o
    0x0002cfd0   0x00000018   Code   RO         3256    i.software_revision_string_encode  ble_dis.o
    0x0002cfe8   0x0000009e   Code   RO         4342    i.spi_xfer          nrf_drv_spi.o
    0x0002d086   0x0000000e   Code   RO          908    i.srdata_check      ble_advdata.o
    0x0002d094   0x0000004c   Code   RO          846    i.startup_event_extract  bsp_btn_ble.o
    0x0002d0e0   0x00000032   Code   RO         5410    i.store_execute     fstorage.o
    0x0002d112   0x0000005c   Code   RO         6303    i.strip_spaces      gfx_mk.o
    0x0002d16e   0x00000012   Code   RO           28    i.sys_evt_dispatch  main.o
    0x0002d180   0x0000006c   Code   RO         3257    i.system_id_encode  ble_dis.o
    0x0002d1ec   0x00000050   Code   RO         6304    i.testopen          gfx_mk.o
    0x0002d23c   0x0000000a   Code   RO         4692    i.ticks_diff_get    app_timer.o
    0x0002d246   0x00000002   PAD
    0x0002d248   0x00000038   Code   RO         4693    i.timeout_handler_exec  app_timer.o
    0x0002d280   0x00000054   Code   RO         4694    i.timer_list_handler  app_timer.o
    0x0002d2d4   0x0000000a   Code   RO         4695    i.timer_list_handler_sched  app_timer.o
    0x0002d2de   0x00000002   PAD
    0x0002d2e0   0x00000068   Code   RO         4696    i.timer_list_insert  app_timer.o
    0x0002d348   0x0000006c   Code   RO         4697    i.timer_list_remove  app_timer.o
    0x0002d3b4   0x0000005e   Code   RO         4698    i.timer_start_op_schedule  app_timer.o
    0x0002d412   0x00000042   Code   RO         4699    i.timer_stop_op_schedule  app_timer.o
    0x0002d454   0x00000098   Code   RO         4700    i.timer_timeouts_check  app_timer.o
    0x0002d4ec   0x0000000a   Code   RO         4701    i.timer_timeouts_check_sched  app_timer.o
    0x0002d4f6   0x00000002   PAD
    0x0002d4f8   0x00000040   Code   RO           29    i.timers_init       main.o
    0x0002d538   0x0000006a   Code   RO         4343    i.transfer_byte     nrf_drv_spi.o
    0x0002d5a2   0x00000026   Code   RO         4077    i.tx_byte           nrf_drv_uart.o
    0x0002d5c8   0x00000022   Code   RO         4078    i.tx_done_event     nrf_drv_uart.o
    0x0002d5ea   0x00000036   Code   RO          909    i.tx_power_level_encode  ble_advdata.o
    0x0002d620   0x00000142   Code   RO         4079    i.uart_irq_handler  nrf_drv_uart.o
    0x0002d762   0x0000010c   Code   RO         4080    i.uarte_irq_handler  nrf_drv_uart.o
    0x0002d86e   0x00000002   PAD
    0x0002d870   0x00000074   Code   RO           30    i.ui_handler        main.o
    0x0002d8e4   0x0000000c   Code   RO         1407    i.uint16_decode     ble_srv_common.o
    0x0002d8f0   0x0000000c   Code   RO          910    i.uint16_encode     ble_advdata.o
    0x0002d8fc   0x00000058   Code   RO         1485    i.update_pending_flags_check  gatt_cache_manager.o
    0x0002d954   0x00000090   Code   RO         1155    i.update_timeout_handler  ble_conn_params.o
    0x0002d9e4   0x00000014   Code   RO         1258    i.user_flag_acquire  ble_conn_state.o
    0x0002d9f8   0x0000001c   Code   RO         1259    i.user_flag_is_acquired  ble_conn_state.o
    0x0002da14   0x0000003c   Code   RO         4702    i.user_op_alloc     app_timer.o
    0x0002da50   0x0000000c   Code   RO         4703    i.user_op_enque     app_timer.o
    0x0002da5c   0x0000004e   Code   RO          911    i.uuid_list_encode  ble_advdata.o
    0x0002daaa   0x000000dc   Code   RO          912    i.uuid_list_sized_encode  ble_advdata.o
    0x0002db86   0x0000000c   Code   RO         5917    i.vcom_timer_evt    ls013b7dh06.o
    0x0002db92   0x00000088   Code   RO         6305    i.vline_clip        gfx_mk.o
    0x0002dc1a   0x00000002   PAD
    0x0002dc1c   0x0000000c   Code   RO         1022    i.whitelist_has_entries  ble_advertising.o
    0x0002dc28   0x0000005c   Code   RO         6306    i.write_bin_codeword  gfx_mk.o
    0x0002dc84   0x00000038   Code   RO         2228    i.write_buf_length_words_set  peer_database.o
    0x0002dcbc   0x00000032   Code   RO         2229    i.write_buffer_record_find  peer_database.o
    0x0002dcee   0x00000002   PAD
    0x0002dcf0   0x00000030   Code   RO         2230    i.write_buffer_record_find_next  peer_database.o
    0x0002dd20   0x0000000e   Code   RO         2231    i.write_buffer_record_find_unused  peer_database.o
    0x0002dd2e   0x00000024   Code   RO         2232    i.write_buffer_record_get  peer_database.o
    0x0002dd52   0x0000002e   Code   RO         2233    i.write_buffer_record_invalidate  peer_database.o
    0x0002dd80   0x00000028   Code   RO         2234    i.write_buffer_record_release  peer_database.o
    0x0002dda8   0x00000104   Code   RO         5040    i.write_enqueue     fds.o
    0x0002deac   0x000000b8   Code   RO         5041    i.write_execute     fds.o
    0x0002df64   0x00000038   Code   RO         6307    i.write_glyph_codeword  gfx_mk.o
    0x0002df9c   0x00000068   Code   RO         6308    i.write_pixels      gfx_mk.o
    0x0002e004   0x00000050   Code   RO         6309    i.write_ref_codeword  gfx_mk.o
    0x0002e054   0x00000040   Code   RO         6310    i.write_ref_dictentry  gfx_mk.o
    0x0002e094   0x000000a4   Code   RO         6311    i.write_rle_dictentry  gfx_mk.o
    0x0002e138   0x0000001c   Code   RO         5042    i.write_space_free  fds.o
    0x0002e154   0x0000006c   Code   RO         5043    i.write_space_reserve  fds.o
    0x0002e1c0   0x00000008   Data   RO           32    .constdata          main.o
    0x0002e1c8   0x0000003c   Data   RO          725    .constdata          bsp.o
    0x0002e204   0x00000004   Data   RO         1157    .constdata          ble_conn_params.o
    0x0002e208   0x00000018   Data   RO         1636    .constdata          gatts_cache_manager.o
    0x0002e220   0x00000008   Data   RO         1751    .constdata          id_manager.o
    0x0002e228   0x00000004   Data   RO         2067    .constdata          peer_data_storage.o
    0x0002e22c   0x00000014   Data   RO         2236    .constdata          peer_database.o
    0x0002e240   0x00000010   Data   RO         2526    .constdata          peer_manager.o
    0x0002e250   0x00000044   Data   RO         2874    .constdata          security_dispatcher.o
    0x0002e294   0x00000004   Data   RO         3019    .constdata          security_manager.o
    0x0002e298   0x00000010   Data   RO         3420    .constdata          ble_none_display.o
    0x0002e2a8   0x00000008   Data   RO         4459    .constdata          app_button.o
    0x0002e2b0   0x00000014   Data   RO         5045    .constdata          fds.o
    0x0002e2c4   0x00000023   Data   RO         5919    .constdata          ls013b7dh06.o
    0x0002e2e7   0x00000001   PAD
    0x0002e2e8   0x00002a68   Data   RO         6313    .constdata          gfx_mk.o
    0x00030d50   0x00000060   Data   RO         8303    .constdata          gdisp_lld_framebuffer.o
    0x00030db0   0x0000008a   Data   RO         6314    .conststring        gfx_mk.o
    0x00030e3a   0x00000002   PAD
    0x00030e3c   0x00000020   Data   RO         8821    Region$$Table       anon$$obj.o


    Execution Region RW_IRAM1 (Base: 0x20002128, Size: 0x00004f98, Max: 0x0000ded8, ABSOLUTE, COMPRESSED[0x0000004c])

    Base Addr    Size         Type   Attr      Idx    E Section Name        Object

    0x20002128   0x00000034   Data   RW           33    .data               main.o
    0x2000215c   0x00000001   Data   RW          614    .data               service_if.o
    0x2000215d   0x00000003   PAD
    0x20002160   0x00000019   Data   RW          726    .data               bsp.o
    0x20002179   0x00000003   PAD
    0x2000217c   0x00000008   Data   RW          847    .data               bsp_btn_ble.o
    0x20002184   0x0000001f   Data   RW         1024    .data               ble_advertising.o
    0x200021a3   0x00000001   PAD
    0x200021a4   0x00000015   Data   RW         1158    .data               ble_conn_params.o
    0x200021b9   0x00000003   PAD
    0x200021bc   0x00000009   Data   RW         1486    .data               gatt_cache_manager.o
    0x200021c5   0x00000003   PAD
    0x200021c8   0x0000000a   Data   RW         1637    .data               gatts_cache_manager.o
    0x200021d2   0x00000003   Data   RW         1752    .data               id_manager.o
    0x200021d5   0x00000003   PAD
    0x200021d8   0x0000000c   Data   RW         2068    .data               peer_data_storage.o
    0x200021e4   0x00000009   Data   RW         2237    .data               peer_database.o
    0x200021ed   0x00000003   PAD
    0x200021f0   0x00000011   Data   RW         2527    .data               peer_manager.o
    0x20002201   0x00000004   Data   RW         2875    .data               security_dispatcher.o
    0x20002205   0x00000003   PAD
    0x20002208   0x00000013   Data   RW         3020    .data               security_manager.o
    0x2000221b   0x00000001   PAD
    0x2000221c   0x00000014   Data   RW         4460    .data               app_button.o
    0x20002230   0x00000022   Data   RW         4704    .data               app_timer.o
    0x20002252   0x00000002   PAD
    0x20002254   0x00000018   Data   RW         5046    .data               fds.o
    0x2000226c   0x00000002   Data   RW         5412    .data               fstorage.o
    0x2000226e   0x00000002   PAD
    0x20002270   0x00000018   Data   RW         5781    .data               softdevice_handler.o
    0x20002288   0x00000008   Data   RW         5920    .data               ls013b7dh06.o
    0x20002290   0x0000009c   Data   RW         6315    .data               gfx_mk.o
    0x2000232c   0x00000004   Data   RW         8404    .data               system_nrf52.o
    0x20002330   0x00000004   Data   RW         8796    .data               mc_w.l(mvars.o)
    0x20002334   0x00000004   Data   RW         8797    .data               mc_w.l(mvars.o)
    0x20002338   0x00000010   Data   RW         5047    fs_data             fds.o
    0x20002348   0x00000138   Zero   RW           31    .bss                main.o
    0x20002480   0x0000008c   Zero   RW          613    .bss                service_if.o
    0x2000250c   0x0000006c   Zero   RW          724    .bss                bsp.o
    0x20002578   0x000000af   Zero   RW         1023    .bss                ble_advertising.o
    0x20002627   0x00000001   PAD
    0x20002628   0x0000003c   Zero   RW         1156    .bss                ble_conn_params.o
    0x20002664   0x00000034   Zero   RW         1260    .bss                ble_conn_state.o
    0x20002698   0x00000070   Zero   RW         1750    .bss                id_manager.o
    0x20002708   0x00000330   Zero   RW         2235    .bss                peer_database.o
    0x20002a38   0x00000040   Zero   RW         2401    .bss                peer_id.o
    0x20002a78   0x0000000c   Zero   RW         2525    .bss                peer_manager.o
    0x20002a84   0x00000040   Zero   RW         2873    .bss                security_dispatcher.o
    0x20002ac4   0x00000014   Zero   RW         3553    .bss                nrf_drv_clock.o
    0x20002ad8   0x00000058   Zero   RW         3803    .bss                nrf_drv_gpiote.o
    0x20002b30   0x00000020   Zero   RW         4081    .bss                nrf_drv_uart.o
    0x20002b50   0x00000020   Zero   RW         4344    .bss                nrf_drv_spi.o
    0x20002b70   0x00000020   Zero   RW         4458    .bss                app_button.o
    0x20002b90   0x0000000c   Zero   RW         4897    .bss                app_util_platform.o
    0x20002b9c   0x0000011c   Zero   RW         5044    .bss                fds.o
    0x20002cb8   0x00000068   Zero   RW         5411    .bss                fstorage.o
    0x20002d20   0x00001886   Zero   RW         5918    .bss                ls013b7dh06.o
    0x200045a6   0x00000002   PAD
    0x200045a8   0x00000b18   Zero   RW         6312    .bss                gfx_mk.o
    0x200050c0   0x00000000   Zero   RW         8385    HEAP                arm_startup_nrf52.o
    0x200050c0   0x00002000   Zero   RW         8384    STACK               arm_startup_nrf52.o



  Load Region LR_IROM2 (Base: 0x0007f800, Size: 0x00000000, Max: 0x00000800, ABSOLUTE)

    Execution Region ER_IROM2 (Base: 0x0007f800, Size: 0x00000000, Max: 0x00000800, ABSOLUTE)

    **** No section assigned to this execution region ****


==============================================================================

Image component sizes


      Code (inc. data)   RO Data    RW Data    ZI Data      Debug   Object Name

       480         80          8         20         32      10178   app_button.o
        28          0          0          0          0       2257   app_error.o
        68          8          0          0          0      27453   app_error_weak.o
      2320        264          0         34          0      58439   app_timer.o
       200         24          0          0         12      10406   app_util_platform.o
        36          8       1024          0       8192        924   arm_startup_nrf52.o
      1818          0          0          0          0      22224   ble_advdata.o
      1520        242          0         31        175      25869   ble_advertising.o
       440          0          0          0          0       9576   ble_bas.o
       706        120          4         21         60       9076   ble_conn_params.o
       664         72          0          0         52      14942   ble_conn_state.o
      1376          0          0          0          0      22260   ble_dis.o
      1052          4         16          0          0      14798   ble_none_display.o
       694          6          0          0          0       8839   ble_srv_common.o
      2206        182         60         25        108      20777   bsp.o
       448         18          0          8          0       6581   bsp_btn_ble.o
      4840        434         20         40        284      57650   fds.o
      1280         82          0          2        104      15107   fstorage.o
      1388         96          0          9          0      25512   gatt_cache_manager.o
       686         46         24         10          0      11779   gatts_cache_manager.o
       408         64         96          0          0      16529   gdisp_lld_framebuffer.o
     14656        408      10994        156       2840     181503   gfx_mk.o
      1360         72          8          3        112      21095   id_manager.o
       696        118         35          8       6278       7777   ls013b7dh06.o
      2770        298          8         52        312     173313   main.o
       746          0          0          0          0       8360   nrf_ble_qwr.o
       318         32          0          0         20      17760   nrf_drv_clock.o
        96         12          0          0          0      29055   nrf_drv_common.o
      1718        164          0          0         88      32294   nrf_drv_gpiote.o
       956         42          0          0         32      19464   nrf_drv_spi.o
       910          8          0          0         32      25578   nrf_drv_uart.o
         0          0          0          0          0       2372   peer_data.o
      1408         50          4         12          0      20676   peer_data_storage.o
      1858         70         20          9        816      26076   peer_database.o
       420         44          0          0         64       9771   peer_id.o
      2218        208         16         17         12      22228   peer_manager.o
       264          0          0          0          0       4367   pm_buffer.o
       244          0          0          0          0       5537   pm_mutex.o
       310          0          0          0          0       6424   sdk_mapped_flags.o
      2182        100         68          4         64      24080   security_dispatcher.o
      1586        168          4         19          0      19077   security_manager.o
       384         64          0          1        140      61158   service_if.o
       794         98          0         24          0      42308   softdevice_handler.o
      1096        112          0          4          0       6691   system_nrf52.o

    ----------------------------------------------------------------------
     59782       3818      12444        536      19832    1158140   Object Totals
         0          0         32          0          0          0   (incl. Generated)
       134          0          3         27          3          0   (incl. Padding)

    ----------------------------------------------------------------------

      Code (inc. data)   RO Data    RW Data    ZI Data      Debug   Library Member Name

        86          0          0          0          0          0   __dczerorl2.o
         0          0          0          0          0          0   entry.o
         0          0          0          0          0          0   entry10a.o
         0          0          0          0          0          0   entry11a.o
         8          4          0          0          0          0   entry2.o
         4          0          0          0          0          0   entry5.o
         0          0          0          0          0          0   entry7b.o
         0          0          0          0          0          0   entry8b.o
         8          4          0          0          0          0   entry9a.o
        30          0          0          0          0          0   handlers.o
        36          8          0          0          0         68   init.o
       252         24          0          0          0        252   mallocr.o
        26          0          0          0          0         80   memcmp.o
        36          0          0          0          0         68   memcpya.o
        36          0          0          0          0        108   memseta.o
         0          0          0          8          0          0   mvars.o
       390         10          0          0          0        252   printf1.o
        28          0          0          0          0         76   strcmp.o
        18          0          0          0          0         68   strcpy.o
        14          0          0          0          0         68   strlen.o
        44          0          0          0          0         80   uidiv.o
        62          0          0          0          0         96   setjmp.o

    ----------------------------------------------------------------------
      1082         50          0          8          0       1216   Library Totals
         4          0          0          0          0          0   (incl. Padding)

    ----------------------------------------------------------------------

      Code (inc. data)   RO Data    RW Data    ZI Data      Debug   Library Name

      1016         50          0          8          0       1120   mc_w.l
        62          0          0          0          0         96   mf_w.l

    ----------------------------------------------------------------------
      1082         50          0          8          0       1216   Library Totals

    ----------------------------------------------------------------------

==============================================================================


      Code (inc. data)   RO Data    RW Data    ZI Data      Debug   

     60864       3868      12444        544      19832    1085068   Grand Totals
     60864       3868      12444         76      19832    1085068   ELF Image Totals (compressed)
     60864       3868      12444         76          0          0   ROM Totals

==============================================================================

    Total RO  Size (Code + RO Data)                73308 (  71.59kB)
    Total RW  Size (RW Data + ZI Data)             20376 (  19.90kB)
    Total ROM Size (Code + RO Data + RW Data)      73384 (  71.66kB)

==============================================================================

